mkdir -p mnt || true
./nufs -s -f mnt data.nufs
+ alloc_page() -> 3
trying to get inode 0
+ alloc_page() -> 4
trying to get inode 0
trying to get inode 0
/ was a valid directory!
trying to get inode 0
trying to get inode 0
getattr(/) [0] -> {mode: 40755, size: 0}
access(/, 0004)
trying to get inode 0
/ was a valid directory!
trying to get inode 0
file /BDMV doesn't exist
trying to get inode 0
/ was a valid directory!
trying to get inode 0
file /.xdg-volume-info doesn't exist
trying to get inode 0
/ was a valid directory!
trying to get inode 0
trying to get inode 0
getattr(/) [0] -> {mode: 40755, size: 0}
in readdir, successfully ran getattr for /
trying to get inode 0
trying to get inode 0
0 entries in /
readdir(/): 0 files -> 0
trying to get inode 0
/ was a valid directory!
trying to get inode 0
file /.Trash doesn't exist
trying to get inode 0
/ was a valid directory!
trying to get inode 0
trying to get inode 0
getattr(/) [0] -> {mode: 40755, size: 0}
trying to get inode 0
/ was a valid directory!
trying to get inode 0
file /.Trash-1000 doesn't exist
trying to get inode 0
/ was a valid directory!
trying to get inode 0
file /autorun.inf doesn't exist
trying to get inode 0
/ was a valid directory!
trying to get inode 0
trying to get inode 0
getattr(/) [0] -> {mode: 40755, size: 0}
in readdir, successfully ran getattr for /
trying to get inode 0
trying to get inode 0
0 entries in /
readdir(/): 0 files -> 0
trying to get inode 0
/ was a valid directory!
trying to get inode 0
trying to get inode 0
getattr(/) [0] -> {mode: 40755, size: 0}
trying to get inode 0
/ was a valid directory!
trying to get inode 0
trying to get inode 0
getattr(/) [0] -> {mode: 40755, size: 0}
in readdir, successfully ran getattr for /
trying to get inode 0
trying to get inode 0
0 entries in /
readdir(/): 0 files -> 0
trying to get inode 0
/ was a valid directory!
trying to get inode 0
trying to get inode 0
getattr(/) [0] -> {mode: 40755, size: 0}
trying to get inode 0
/ was a valid directory!
trying to get inode 0
trying to get inode 0
getattr(/) [0] -> {mode: 40755, size: 0}
in readdir, successfully ran getattr for /
trying to get inode 0
trying to get inode 0
0 entries in /
readdir(/): 0 files -> 0
trying to get inode 0
/ was a valid directory!
trying to get inode 0
trying to get inode 0
getattr(/) [0] -> {mode: 40755, size: 0}
trying to get inode 0
/ was a valid directory!
trying to get inode 0
trying to get inode 0
getattr(/) [0] -> {mode: 40755, size: 0}
in readdir, successfully ran getattr for /
trying to get inode 0
trying to get inode 0
0 entries in /
readdir(/): 0 files -> 0
trying to get inode 0
/ was a valid directory!
trying to get inode 0
trying to get inode 0
getattr(/) [0] -> {mode: 40755, size: 0}
trying to get inode 0
/ was a valid directory!
trying to get inode 0
trying to get inode 0
getattr(/) [0] -> {mode: 40755, size: 0}
in readdir, successfully ran getattr for /
trying to get inode 0
trying to get inode 0
0 entries in /
readdir(/): 0 files -> 0
trying to get inode 0
/ was a valid directory!
trying to get inode 0
trying to get inode 0
getattr(/) [0] -> {mode: 40755, size: 0}
trying to get inode 0
/ was a valid directory!
trying to get inode 0
trying to get inode 0
getattr(/) [0] -> {mode: 40755, size: 0}
in readdir, successfully ran getattr for /
trying to get inode 0
trying to get inode 0
0 entries in /
readdir(/): 0 files -> 0
trying to get inode 0
/ was a valid directory!
trying to get inode 0
trying to get inode 0
getattr(/) [0] -> {mode: 40755, size: 0}
trying to get inode 0
/ was a valid directory!
trying to get inode 0
trying to get inode 0
getattr(/) [0] -> {mode: 40755, size: 0}
in readdir, successfully ran getattr for /
trying to get inode 0
trying to get inode 0
0 entries in /
readdir(/): 0 files -> 0
trying to get inode 0
/ was a valid directory!
trying to get inode 0
trying to get inode 0
getattr(/) [0] -> {mode: 40755, size: 0}
trying to get inode 0
/ was a valid directory!
trying to get inode 0
trying to get inode 0
getattr(/) [0] -> {mode: 40755, size: 0}
in readdir, successfully ran getattr for /
trying to get inode 0
trying to get inode 0
0 entries in /
readdir(/): 0 files -> 0
trying to get inode 0
/ was a valid directory!
trying to get inode 0
trying to get inode 0
getattr(/) [0] -> {mode: 40755, size: 0}
trying to get inode 0
/ was a valid directory!
trying to get inode 0
trying to get inode 0
getattr(/) [0] -> {mode: 40755, size: 0}
in readdir, successfully ran getattr for /
trying to get inode 0
trying to get inode 0
0 entries in /
readdir(/): 0 files -> 0
trying to get inode 0
/ was a valid directory!
trying to get inode 0
trying to get inode 0
getattr(/) [0] -> {mode: 40755, size: 0}
trying to get inode 0
/ was a valid directory!
trying to get inode 0
trying to get inode 0
getattr(/) [0] -> {mode: 40755, size: 0}
in readdir, successfully ran getattr for /
trying to get inode 0
trying to get inode 0
0 entries in /
readdir(/): 0 files -> 0
trying to get inode 0
/ was a valid directory!
trying to get inode 0
trying to get inode 0
getattr(/) [0] -> {mode: 40755, size: 0}
trying to get inode 0
/ was a valid directory!
trying to get inode 0
trying to get inode 0
getattr(/) [0] -> {mode: 40755, size: 0}
in readdir, successfully ran getattr for /
trying to get inode 0
trying to get inode 0
0 entries in /
readdir(/): 0 files -> 0
trying to get inode 0
/ was a valid directory!
trying to get inode 0
trying to get inode 0
getattr(/) [0] -> {mode: 40755, size: 0}
trying to get inode 0
/ was a valid directory!
trying to get inode 0
trying to get inode 0
getattr(/) [0] -> {mode: 40755, size: 0}
in readdir, successfully ran getattr for /
trying to get inode 0
trying to get inode 0
0 entries in /
readdir(/): 0 files -> 0
trying to get inode 0
/ was a valid directory!
trying to get inode 0
trying to get inode 0
getattr(/) [0] -> {mode: 40755, size: 0}
trying to get inode 0
/ was a valid directory!
trying to get inode 0
trying to get inode 0
getattr(/) [0] -> {mode: 40755, size: 0}
in readdir, successfully ran getattr for /
trying to get inode 0
trying to get inode 0
0 entries in /
readdir(/): 0 files -> 0
trying to get inode 0
/ was a valid directory!
trying to get inode 0
trying to get inode 0
getattr(/) [0] -> {mode: 40755, size: 0}
trying to get inode 0
/ was a valid directory!
trying to get inode 0
trying to get inode 0
getattr(/) [0] -> {mode: 40755, size: 0}
in readdir, successfully ran getattr for /
trying to get inode 0
trying to get inode 0
0 entries in /
readdir(/): 0 files -> 0
trying to get inode 0
/ was a valid directory!
trying to get inode 0
trying to get inode 0
getattr(/) [0] -> {mode: 40755, size: 0}
trying to get inode 0
/ was a valid directory!
trying to get inode 0
trying to get inode 0
getattr(/) [0] -> {mode: 40755, size: 0}
in readdir, successfully ran getattr for /
trying to get inode 0
trying to get inode 0
0 entries in /
readdir(/): 0 files -> 0
trying to get inode 0
/ was a valid directory!
trying to get inode 0
trying to get inode 0
getattr(/) [0] -> {mode: 40755, size: 0}
trying to get inode 0
/ was a valid directory!
trying to get inode 0
trying to get inode 0
getattr(/) [0] -> {mode: 40755, size: 0}
in readdir, successfully ran getattr for /
trying to get inode 0
trying to get inode 0
0 entries in /
readdir(/): 0 files -> 0
trying to get inode 0
/ was a valid directory!
trying to get inode 0
trying to get inode 0
getattr(/) [0] -> {mode: 40755, size: 0}
trying to get inode 0
/ was a valid directory!
trying to get inode 0
trying to get inode 0
getattr(/) [0] -> {mode: 40755, size: 0}
in readdir, successfully ran getattr for /
trying to get inode 0
trying to get inode 0
0 entries in /
readdir(/): 0 files -> 0
trying to get inode 0
/ was a valid directory!
trying to get inode 0
trying to get inode 0
getattr(/) [0] -> {mode: 40755, size: 0}
trying to get inode 0
/ was a valid directory!
trying to get inode 0
trying to get inode 0
getattr(/) [0] -> {mode: 40755, size: 0}
in readdir, successfully ran getattr for /
trying to get inode 0
trying to get inode 0
0 entries in /
readdir(/): 0 files -> 0
trying to get inode 0
/ was a valid directory!
trying to get inode 0
trying to get inode 0
getattr(/) [0] -> {mode: 40755, size: 0}
trying to get inode 0
/ was a valid directory!
trying to get inode 0
trying to get inode 0
getattr(/) [0] -> {mode: 40755, size: 0}
in readdir, successfully ran getattr for /
trying to get inode 0
trying to get inode 0
0 entries in /
readdir(/): 0 files -> 0
trying to get inode 0
/ was a valid directory!
trying to get inode 0
trying to get inode 0
getattr(/) [0] -> {mode: 40755, size: 0}
trying to get inode 0
/ was a valid directory!
trying to get inode 0
trying to get inode 0
getattr(/) [0] -> {mode: 40755, size: 0}
in readdir, successfully ran getattr for /
trying to get inode 0
trying to get inode 0
0 entries in /
readdir(/): 0 files -> 0
trying to get inode 0
/ was a valid directory!
trying to get inode 0
trying to get inode 0
getattr(/) [0] -> {mode: 40755, size: 0}
trying to get inode 0
/ was a valid directory!
trying to get inode 0
trying to get inode 0
getattr(/) [0] -> {mode: 40755, size: 0}
in readdir, successfully ran getattr for /
trying to get inode 0
trying to get inode 0
0 entries in /
readdir(/): 0 files -> 0
trying to get inode 0
/ was a valid directory!
trying to get inode 0
trying to get inode 0
getattr(/) [0] -> {mode: 40755, size: 0}
trying to get inode 0
/ was a valid directory!
trying to get inode 0
trying to get inode 0
getattr(/) [0] -> {mode: 40755, size: 0}
in readdir, successfully ran getattr for /
trying to get inode 0
trying to get inode 0
0 entries in /
readdir(/): 0 files -> 0
trying to get inode 0
/ was a valid directory!
trying to get inode 0
file /autorun.inf doesn't exist
trying to get inode 0
/ was a valid directory!
trying to get inode 0
file /one.txt doesn't exist
trying to get inode 1
+ alloc_page() -> 5
trying to get inode 0
trying to get inode 1
trying to get inode 0
getting to point where entry is being created
mknod(/one.txt, 100644) -> 0 (inum 1)
trying to get inode 0
/ was a valid directory!
trying to get inode 0
trying to get inode 1
getattr(/one.txt) [1] -> {mode: 100644, size: 0}
open(/one.txt)
ioctl(/one.txt, 21505, ...) -> -1
entering write
trying to get inode 0
trying to get inode 0
trying to get inode 1
wrote: "hello, one
"
write(/one.txt, 11 bytes, @+0) -> 11
trying to get inode 0
/ was a valid directory!
trying to get inode 0
trying to get inode 1
getattr(/one.txt) [1] -> {mode: 100644, size: 11}
open(/one.txt)
ioctl(/one.txt, 21505, ...) -> -1
trying to get inode 0
trying to get inode 0
trying to get inode 1
reading: "hello, one
"
read(/one.txt, 4096 bytes, @+0) -> 4096
trying to get inode 0
/ was a valid directory!
trying to get inode 0
trying to get inode 1
getattr(/one.txt) [1] -> {mode: 100644, size: 11}
trying to get inode 0
/ was a valid directory!
trying to get inode 0
file /two.txt doesn't exist
trying to get inode 2
+ alloc_page() -> 6
trying to get inode 0
trying to get inode 2
trying to get inode 0
getting to point where entry is being created
mknod(/two.txt, 100644) -> 0 (inum 2)
trying to get inode 0
/ was a valid directory!
trying to get inode 0
trying to get inode 2
getattr(/two.txt) [2] -> {mode: 100644, size: 0}
open(/two.txt)
ioctl(/two.txt, 21505, ...) -> -1
entering write
trying to get inode 0
trying to get inode 0
trying to get inode 2
wrote: "hello, two
"
write(/two.txt, 11 bytes, @+0) -> 11
trying to get inode 0
/ was a valid directory!
trying to get inode 0
trying to get inode 2
getattr(/two.txt) [2] -> {mode: 100644, size: 11}
open(/two.txt)
ioctl(/two.txt, 21505, ...) -> -1
trying to get inode 0
trying to get inode 0
trying to get inode 2
reading: "hello, two
"
read(/two.txt, 4096 bytes, @+0) -> 4096
trying to get inode 0
/ was a valid directory!
trying to get inode 0
trying to get inode 2
getattr(/two.txt) [2] -> {mode: 100644, size: 11}
trying to get inode 0
/ was a valid directory!
trying to get inode 0
trying to get inode 0
getattr(/) [0] -> {mode: 40755, size: 128}
trying to get inode 0
/ was a valid directory!
trying to get inode 0
trying to get inode 0
getattr(/) [0] -> {mode: 40755, size: 128}
in readdir, successfully ran getattr for /
trying to get inode 0
trying to get inode 0
2 entries in /
readdir reaching /one.txt
trying to get inode 0
/ was a valid directory!
trying to get inode 0
trying to get inode 1
getattr(/one.txt) [1] -> {mode: 100644, size: 11}
filling info for file one.txt
readdir reaching /two.txt
trying to get inode 0
/ was a valid directory!
trying to get inode 0
trying to get inode 2
getattr(/two.txt) [2] -> {mode: 100644, size: 11}
filling info for file two.txt
readdir(/): 2 files -> 0
trying to get inode 0
/ was a valid directory!
trying to get inode 0
file /2k.txt doesn't exist
trying to get inode 3
+ alloc_page() -> 7
trying to get inode 0
trying to get inode 3
trying to get inode 0
getting to point where entry is being created
mknod(/2k.txt, 100644) -> 0 (inum 3)
trying to get inode 0
/ was a valid directory!
trying to get inode 0
trying to get inode 3
getattr(/2k.txt) [3] -> {mode: 100644, size: 0}
open(/2k.txt)
ioctl(/2k.txt, 21505, ...) -> -1
entering write
trying to get inode 0
trying to get inode 0
trying to get inode 3
wrote: "=This string is fourty characters long.==This string is fourty characters long.==This string is fourty characters long.==This string is fourty characters long.==This string is fourty characters long.==This string is fourty characters long.==This string is fourty characters long.==This string is fourty characters long.==This string is fourty characters long.==This string is fourty characters long.==This string is fourty characters long.==This string is fourty characters long.==This string is fourty characters long.==This string is fourty characters long.==This string is fourty characters long.==This string is fourty characters long.==This string is fourty characters long.==This string is fourty characters long.==This string is fourty characters long.==This string is fourty characters long.==This string is fourty characters long.==This string is fourty characters long.==This string is fourty characters long.==This string is fourty characters long.==This string is fourty characters long.==This string is fourty characters long.==This string is fourty characters long.==This string is fourty characters long.==This string is fourty characters long.==This string is fourty characters long.==This string is fourty characters long.==This string is fourty characters long.==This string is fourty characters long.==This string is fourty characters long.==This string is fourty characters long.==This string is fourty characters long.==This string is fourty characters long.==This string is fourty characters long.==This string is fourty characters long.==This string is fourty characters long.==This string is fourty characters long.==This string is fourty characters long.==This string is fourty characters long.==This string is fourty characters long.==This string is fourty characters long.==This string is fourty characters long.==This string is fourty characters long.==This string is fourty characters long.==This string is fourty characters long.==This string is fourty characters long.=
"
write(/2k.txt, 2001 bytes, @+0) -> 2001
open(/2k.txt)
ioctl(/2k.txt, 21505, ...) -> -1
trying to get inode 0
/ was a valid directory!
trying to get inode 0
trying to get inode 3
getattr(/2k.txt) [3] -> {mode: 100644, size: 2001}
trying to get inode 0
trying to get inode 0
trying to get inode 3
reading: "=This string is fourty characters long.==This string is fourty characters long.==This string is fourty characters long.==This string is fourty characters long.==This string is fourty characters long.==This string is fourty characters long.==This string is fourty characters long.==This string is fourty characters long.==This string is fourty characters long.==This string is fourty characters long.==This string is fourty characters long.==This string is fourty characters long.==This string is fourty characters long.==This string is fourty characters long.==This string is fourty characters long.==This string is fourty characters long.==This string is fourty characters long.==This string is fourty characters long.==This string is fourty characters long.==This string is fourty characters long.==This string is fourty characters long.==This string is fourty characters long.fusermount -u mnt || true
==This string is fourty characters long.==This string is fourty characters long.==This string is fourty characters long.==This string is fourty characters long.==This string is fourty characters long.==This string is fourty characters long.==This string is fourty characters long.==This string is fourty characters long.==This string is fourty characters long.==This string is fourty characters long.==This string is fourty characters long.==This string is fourty characters long.==This string is fourty characters long.==This string is fourty characters long.==This string is fourty characters long.==This string is fourty characters long.==This string is fourty characters long.==This string is fourty characters long.==This string is fourty characters long.==This string is fourty characters long.==This string is fourty characters long.==This string is fourty characters long.==This string is fourty characters long.==This string is fourty characters long.==This string is fourty characters long.==This string is fourty characters long.==This string is fourty characters long.==This string is fourty characters long.=
"
read(/2k.txt, 4096 bytes, @+0) -> 4096
trying to get inode 0
/ was a valid directory!
trying to get inode 0
trying to get inode 3
getattr(/2k.txt) [3] -> {mode: 100644, size: 2001}
open(/2k.txt)
ioctl(/2k.txt, 21505, ...) -> -1
trying to get inode 0
trying to get inode 0
trying to get inode 3
reading: "=This string is fourty characters long.==This string is fourty characters long.==This string is fourty characters long.==This string is fourty characters long.==This string is fourty characters long.==This string is fourty characters long.==This string is fourty characters long.==This string is fourty characters long.==This string is fourty characters long.==This string is fourty characters long.==This string is fourty characters long.==This string is fourty characters long.==This string is fourty characters long.==This string is fourty characters long.==This string is fourty characters long.==This string is fourty characters long.==This string is fourty characters long.==This string is fourty characters long.==This string is fourty characters long.==This string is fourty characters long.==This string is fourty characters long.==This string is fourty characters long.==This string is fourty characters long.==This string is fourty characters long.==This string is fourty characters long.==This string is fourty characters long.==This string is fourty characters long.==This string is fourty characters long.==This string is fourty characters long.==This string is fourty characters long.==This string is fourty characters long.==This string is fourty characters long.==This string is fourty characters long.==This string is fourty characters long.==This string is fourty characters long.==This string is fourty characters long.==This string is fourty characters long.==This string is fourty characters long.==This string is fourty characters long.==This string is fourty characters long.==This string is fourty characters long.==This string is fourty characters long.==This string is fourty characters long.==This string is fourty characters long.==This string is fourty characters long.==This string is fourty characters long.==This string is fourty characters long.==This string is fourty characters long.==This string is fourty characters long.==This string is fourty characters long.=
"
read(/2k.txt, 4096 bytes, @+0) -> 4096
mkdir -p mnt || true
./nufs -s -f mnt data.nufs
access(/, 0004)
trying to get inode 0
/ was a valid directory!
trying to get inode 0
file /.Trash doesn't exist
trying to get inode 0
/ was a valid directory!
trying to get inode 0
file /.Trash-1000 doesn't exist
trying to get inode 0
/ was a valid directory!
trying to get inode 0
file /BDMV doesn't exist
trying to get inode 0
/ was a valid directory!
trying to get inode 0
trying to get inode 0
getattr(/) [0] -> {mode: 40755, size: 192}
trying to get inode 0
/ was a valid directory!
trying to get inode 0
file /.xdg-volume-info doesn't exist
trying to get inode 0
/ was a valid directory!
trying to get inode 0
file /autorun.inf doesn't exist
trying to get inode 0
/ was a valid directory!
trying to get inode 0
trying to get inode 0
getattr(/) [0] -> {mode: 40755, size: 192}
in readdir, successfully ran getattr for /
trying to get inode 0
trying to get inode 0
3 entries in /
readdir reaching /one.txt
trying to get inode 0
/ was a valid directory!
trying to get inode 0
trying to get inode 1
getattr(/one.txt) [1] -> {mode: 100644, size: 11}
filling info for file one.txt
readdir reaching /two.txt
trying to get inode 0
/ was a valid directory!
trying to get inode 0
trying to get inode 2
getattr(/two.txt) [2] -> {mode: 100644, size: 11}
filling info for file two.txt
readdir reaching /2k.txt
trying to get inode 0
/ was a valid directory!
trying to get inode 0
trying to get inode 3
getattr(/2k.txt) [3] -> {mode: 100644, size: 2001}
filling info for file 2k.txt
readdir(/): 3 files -> 0
trying to get inode 0
/ was a valid directory!
trying to get inode 0
trying to get inode 0
getattr(/) [0] -> {mode: 40755, size: 192}
trying to get inode 0
/ was a valid directory!
trying to get inode 0
trying to get inode 0
getattr(/) [0] -> {mode: 40755, size: 192}
in readdir, successfully ran getattr for /
trying to get inode 0
trying to get inode 0
3 entries in /
readdir reaching /one.txt
trying to get inode 0
/ was a valid directory!
trying to get inode 0
trying to get inode 1
getattr(/one.txt) [1] -> {mode: 100644, size: 11}
filling info for file one.txt
readdir reaching /two.txt
trying to get inode 0
/ was a valid directory!
trying to get inode 0
trying to get inode 2
getattr(/two.txt) [2] -> {mode: 100644, size: 11}
filling info for file two.txt
readdir reaching /2k.txt
trying to get inode 0
/ was a valid directory!
trying to get inode 0
trying to get inode 3
getattr(/2k.txt) [3] -> {mode: 100644, size: 2001}
filling info for file 2k.txt
readdir(/): 3 files -> 0
trying to get inode 0
/ was a valid directory!
trying to get inode 0
trying to get inode 0
getattr(/) [0] -> {mode: 40755, size: 192}
trying to get inode 0
/ was a valid directory!
trying to get inode 0
trying to get inode 0
getattr(/) [0] -> {mode: 40755, size: 192}
in readdir, successfully ran getattr for /
trying to get inode 0
trying to get inode 0
3 entries in /
readdir reaching /one.txt
trying to get inode 0
/ was a valid directory!
trying to get inode 0
trying to get inode 1
getattr(/one.txt) [1] -> {mode: 100644, size: 11}
filling info for file one.txt
readdir reaching /two.txt
trying to get inode 0
/ was a valid directory!
trying to get inode 0
trying to get inode 2
getattr(/two.txt) [2] -> {mode: 100644, size: 11}
filling info for file two.txt
readdir reaching /2k.txt
trying to get inode 0
/ was a valid directory!
trying to get inode 0
trying to get inode 3
getattr(/2k.txt) [3] -> {mode: 100644, size: 2001}
filling info for file 2k.txt
readdir(/): 3 files -> 0
trying to get inode 0
/ was a valid directory!
trying to get inode 0
trying to get inode 0
getattr(/) [0] -> {mode: 40755, size: 192}
trying to get inode 0
/ was a valid directory!
trying to get inode 0
trying to get inode 0
getattr(/) [0] -> {mode: 40755, size: 192}
in readdir, successfully ran getattr for /
trying to get inode 0
trying to get inode 0
3 entries in /
readdir reaching /one.txt
trying to get inode 0
/ was a valid directory!
trying to get inode 0
trying to get inode 1
getattr(/one.txt) [1] -> {mode: 100644, size: 11}
filling info for file one.txt
readdir reaching /two.txt
trying to get inode 0
/ was a valid directory!
trying to get inode 0
trying to get inode 2
getattr(/two.txt) [2] -> {mode: 100644, size: 11}
filling info for file two.txt
readdir reaching /2k.txt
trying to get inode 0
/ was a valid directory!
trying to get inode 0
trying to get inode 3
getattr(/2k.txt) [3] -> {mode: 100644, size: 2001}
filling info for file 2k.txt
readdir(/): 3 files -> 0
trying to get inode 0
/ was a valid directory!
trying to get inode 0
trying to get inode 0
getattr(/) [0] -> {mode: 40755, size: 192}
trying to get inode 0
/ was a valid directory!
trying to get inode 0
trying to get inode 0
getattr(/) [0] -> {mode: 40755, size: 192}
in readdir, successfully ran getattr for /
trying to get inode 0
trying to get inode 0
3 entries in /
readdir reaching /one.txt
trying to get inode 0
/ was a valid directory!
trying to get inode 0
trying to get inode 1
getattr(/one.txt) [1] -> {mode: 100644, size: 11}
filling info for file one.txt
readdir reaching /two.txt
trying to get inode 0
/ was a valid directory!
trying to get inode 0
trying to get inode 2
getattr(/two.txt) [2] -> {mode: 100644, size: 11}
filling info for file two.txt
readdir reaching /2k.txt
trying to get inode 0
/ was a valid directory!
trying to get inode 0
trying to get inode 3
getattr(/2k.txt) [3] -> {mode: 100644, size: 2001}
filling info for file 2k.txt
readdir(/): 3 files -> 0
trying to get inode 0
/ was a valid directory!
trying to get inode 0
trying to get inode 0
getattr(/) [0] -> {mode: 40755, size: 192}
trying to get inode 0
/ was a valid directory!
trying to get inode 0
trying to get inode 0
getattr(/) [0] -> {mode: 40755, size: 192}
in readdir, successfully ran getattr for /
trying to get inode 0
trying to get inode 0
3 entries in /
readdir reaching /one.txt
trying to get inode 0
/ was a valid directory!
trying to get inode 0
trying to get inode 1
getattr(/one.txt) [1] -> {mode: 100644, size: 11}
filling info for file one.txt
readdir reaching /two.txt
trying to get inode 0
/ was a valid directory!
trying to get inode 0
trying to get inode 2
getattr(/two.txt) [2] -> {mode: 100644, size: 11}
filling info for file two.txt
readdir reaching /2k.txt
trying to get inode 0
/ was a valid directory!
trying to get inode 0
trying to get inode 3
getattr(/2k.txt) [3] -> {mode: 100644, size: 2001}
filling info for file 2k.txt
readdir(/): 3 files -> 0
trying to get inode 0
/ was a valid directory!
trying to get inode 0
trying to get inode 0
getattr(/) [0] -> {mode: 40755, size: 192}
trying to get inode 0
/ was a valid directory!
trying to get inode 0
trying to get inode 0
getattr(/) [0] -> {mode: 40755, size: 192}
in readdir, successfully ran getattr for /
trying to get inode 0
trying to get inode 0
3 entries in /
readdir reaching /one.txt
trying to get inode 0
/ was a valid directory!
trying to get inode 0
trying to get inode 1
getattr(/one.txt) [1] -> {mode: 100644, size: 11}
filling info for file one.txt
readdir reaching /two.txt
trying to get inode 0
/ was a valid directory!
trying to get inode 0
trying to get inode 2
getattr(/two.txt) [2] -> {mode: 100644, size: 11}
filling info for file two.txt
readdir reaching /2k.txt
trying to get inode 0
/ was a valid directory!
trying to get inode 0
trying to get inode 3
getattr(/2k.txt) [3] -> {mode: 100644, size: 2001}
filling info for file 2k.txt
readdir(/): 3 files -> 0
trying to get inode 0
/ was a valid directory!
trying to get inode 0
trying to get inode 0
getattr(/) [0] -> {mode: 40755, size: 192}
trying to get inode 0
/ was a valid directory!
trying to get inode 0
trying to get inode 0
getattr(/) [0] -> {mode: 40755, size: 192}
in readdir, successfully ran getattr for /
trying to get inode 0
trying to get inode 0
3 entries in /
readdir reaching /one.txt
trying to get inode 0
/ was a valid directory!
trying to get inode 0
trying to get inode 1
getattr(/one.txt) [1] -> {mode: 100644, size: 11}
filling info for file one.txt
readdir reaching /two.txt
trying to get inode 0
/ was a valid directory!
trying to get inode 0
trying to get inode 2
getattr(/two.txt) [2] -> {mode: 100644, size: 11}
filling info for file two.txt
readdir reaching /2k.txt
trying to get inode 0
/ was a valid directory!
trying to get inode 0
trying to get inode 3
getattr(/2k.txt) [3] -> {mode: 100644, size: 2001}
filling info for file 2k.txt
readdir(/): 3 files -> 0
trying to get inode 0
/ was a valid directory!
trying to get inode 0
trying to get inode 0
getattr(/) [0] -> {mode: 40755, size: 192}
trying to get inode 0
/ was a valid directory!
trying to get inode 0
trying to get inode 0
getattr(/) [0] -> {mode: 40755, size: 192}
in readdir, successfully ran getattr for /
trying to get inode 0
trying to get inode 0
3 entries in /
readdir reaching /one.txt
trying to get inode 0
/ was a valid directory!
trying to get inode 0
trying to get inode 1
getattr(/one.txt) [1] -> {mode: 100644, size: 11}
filling info for file one.txt
readdir reaching /two.txt
trying to get inode 0
/ was a valid directory!
trying to get inode 0
trying to get inode 2
getattr(/two.txt) [2] -> {mode: 100644, size: 11}
filling info for file two.txt
readdir reaching /2k.txt
trying to get inode 0
/ was a valid directory!
trying to get inode 0
trying to get inode 3
getattr(/2k.txt) [3] -> {mode: 100644, size: 2001}
filling info for file 2k.txt
readdir(/): 3 files -> 0
trying to get inode 0
/ was a valid directory!
trying to get inode 0
trying to get inode 0
getattr(/) [0] -> {mode: 40755, size: 192}
trying to get inode 0
/ was a valid directory!
trying to get inode 0
trying to get inode 0
getattr(/) [0] -> {mode: 40755, size: 192}
in readdir, successfully ran getattr for /
trying to get inode 0
trying to get inode 0
3 entries in /
readdir reaching /one.txt
trying to get inode 0
/ was a valid directory!
trying to get inode 0
trying to get inode 1
getattr(/one.txt) [1] -> {mode: 100644, size: 11}
filling info for file one.txt
readdir reaching /two.txt
trying to get inode 0
/ was a valid directory!
trying to get inode 0
trying to get inode 2
getattr(/two.txt) [2] -> {mode: 100644, size: 11}
filling info for file two.txt
readdir reaching /2k.txt
trying to get inode 0
/ was a valid directory!
trying to get inode 0
trying to get inode 3
getattr(/2k.txt) [3] -> {mode: 100644, size: 2001}
filling info for file 2k.txt
readdir(/): 3 files -> 0
trying to get inode 0
/ was a valid directory!
trying to get inode 0
trying to get inode 0
getattr(/) [0] -> {mode: 40755, size: 192}
trying to get inode 0
/ was a valid directory!
trying to get inode 0
trying to get inode 0
getattr(/) [0] -> {mode: 40755, size: 192}
in readdir, successfully ran getattr for /
trying to get inode 0
trying to get inode 0
3 entries in /
readdir reaching /one.txt
trying to get inode 0
/ was a valid directory!
trying to get inode 0
trying to get inode 1
getattr(/one.txt) [1] -> {mode: 100644, size: 11}
filling info for file one.txt
readdir reaching /two.txt
trying to get inode 0
/ was a valid directory!
trying to get inode 0
trying to get inode 2
getattr(/two.txt) [2] -> {mode: 100644, size: 11}
filling info for file two.txt
readdir reaching /2k.txt
trying to get inode 0
/ was a valid directory!
trying to get inode 0
trying to get inode 3
getattr(/2k.txt) [3] -> {mode: 100644, size: 2001}
filling info for file 2k.txt
readdir(/): 3 files -> 0
trying to get inode 0
/ was a valid directory!
trying to get inode 0
trying to get inode 0
getattr(/) [0] -> {mode: 40755, size: 192}
trying to get inode 0
/ was a valid directory!
trying to get inode 0
trying to get inode 0
getattr(/) [0] -> {mode: 40755, size: 192}
in readdir, successfully ran getattr for /
trying to get inode 0
trying to get inode 0
3 entries in /
readdir reaching /one.txt
trying to get inode 0
/ was a valid directory!
trying to get inode 0
trying to get inode 1
getattr(/one.txt) [1] -> {mode: 100644, size: 11}
filling info for file one.txt
readdir reaching /two.txt
trying to get inode 0
/ was a valid directory!
trying to get inode 0
trying to get inode 2
getattr(/two.txt) [2] -> {mode: 100644, size: 11}
filling info for file two.txt
readdir reaching /2k.txt
trying to get inode 0
/ was a valid directory!
trying to get inode 0
trying to get inode 3
getattr(/2k.txt) [3] -> {mode: 100644, size: 2001}
filling info for file 2k.txt
readdir(/): 3 files -> 0
trying to get inode 0
/ was a valid directory!
trying to get inode 0
trying to get inode 0
getattr(/) [0] -> {mode: 40755, size: 192}
trying to get inode 0
/ was a valid directory!
trying to get inode 0
trying to get inode 0
getattr(/) [0] -> {mode: 40755, size: 192}
in readdir, successfully ran getattr for /
trying to get inode 0
trying to get inode 0
3 entries in /
readdir reaching /one.txt
trying to get inode 0
/ was a valid directory!
trying to get inode 0
trying to get inode 1
getattr(/one.txt) [1] -> {mode: 100644, size: 11}
filling info for file one.txt
readdir reaching /two.txt
trying to get inode 0
/ was a valid directory!
trying to get inode 0
trying to get inode 2
getattr(/two.txt) [2] -> {mode: 100644, size: 11}
filling info for file two.txt
readdir reaching /2k.txt
trying to get inode 0
/ was a valid directory!
trying to get inode 0
trying to get inode 3
getattr(/2k.txt) [3] -> {mode: 100644, size: 2001}
filling info for file 2k.txt
readdir(/): 3 files -> 0
trying to get inode 0
/ was a valid directory!
trying to get inode 0
trying to get inode 0
getattr(/) [0] -> {mode: 40755, size: 192}
trying to get inode 0
/ was a valid directory!
trying to get inode 0
trying to get inode 0
getattr(/) [0] -> {mode: 40755, size: 192}
in readdir, successfully ran getattr for /
trying to get inode 0
trying to get inode 0
3 entries in /
readdir reaching /one.txt
trying to get inode 0
/ was a valid directory!
trying to get inode 0
trying to get inode 1
getattr(/one.txt) [1] -> {mode: 100644, size: 11}
filling info for file one.txt
readdir reaching /two.txt
trying to get inode 0
/ was a valid directory!
trying to get inode 0
trying to get inode 2
getattr(/two.txt) [2] -> {mode: 100644, size: 11}
filling info for file two.txt
readdir reaching /2k.txt
trying to get inode 0
/ was a valid directory!
trying to get inode 0
trying to get inode 3
getattr(/2k.txt) [3] -> {mode: 100644, size: 2001}
filling info for file 2k.txt
readdir(/): 3 files -> 0
trying to get inode 0
/ was a valid directory!
trying to get inode 0
trying to get inode 0
getattr(/) [0] -> {mode: 40755, size: 192}
trying to get inode 0
/ was a valid directory!
trying to get inode 0
trying to get inode 0
getattr(/) [0] -> {mode: 40755, size: 192}
in readdir, successfully ran getattr for /
trying to get inode 0
trying to get inode 0
3 entries in /
readdir reaching /one.txt
trying to get inode 0
/ was a valid directory!
trying to get inode 0
trying to get inode 1
getattr(/one.txt) [1] -> {mode: 100644, size: 11}
filling info for file one.txt
readdir reaching /two.txt
trying to get inode 0
/ was a valid directory!
trying to get inode 0
trying to get inode 2
getattr(/two.txt) [2] -> {mode: 100644, size: 11}
filling info for file two.txt
readdir reaching /2k.txt
trying to get inode 0
/ was a valid directory!
trying to get inode 0
trying to get inode 3
getattr(/2k.txt) [3] -> {mode: 100644, size: 2001}
filling info for file 2k.txt
readdir(/): 3 files -> 0
trying to get inode 0
/ was a valid directory!
trying to get inode 0
trying to get inode 0
getattr(/) [0] -> {mode: 40755, size: 192}
trying to get inode 0
/ was a valid directory!
trying to get inode 0
trying to get inode 0
getattr(/) [0] -> {mode: 40755, size: 192}
in readdir, successfully ran getattr for /
trying to get inode 0
trying to get inode 0
3 entries in /
readdir reaching /one.txt
trying to get inode 0
/ was a valid directory!
trying to get inode 0
trying to get inode 1
getattr(/one.txt) [1] -> {mode: 100644, size: 11}
filling info for file one.txt
readdir reaching /two.txt
trying to get inode 0
/ was a valid directory!
trying to get inode 0
trying to get inode 2
getattr(/two.txt) [2] -> {mode: 100644, size: 11}
filling info for file two.txt
readdir reaching /2k.txt
trying to get inode 0
/ was a valid directory!
trying to get inode 0
trying to get inode 3
getattr(/2k.txt) [3] -> {mode: 100644, size: 2001}
filling info for file 2k.txt
readdir(/): 3 files -> 0
trying to get inode 0
/ was a valid directory!
trying to get inode 0
trying to get inode 0
getattr(/) [0] -> {mode: 40755, size: 192}
trying to get inode 0
/ was a valid directory!
trying to get inode 0
trying to get inode 0
getattr(/) [0] -> {mode: 40755, size: 192}
in readdir, successfully ran getattr for /
trying to get inode 0
trying to get inode 0
3 entries in /
readdir reaching /one.txt
trying to get inode 0
/ was a valid directory!
trying to get inode 0
trying to get inode 1
getattr(/one.txt) [1] -> {mode: 100644, size: 11}
filling info for file one.txt
readdir reaching /two.txt
trying to get inode 0
/ was a valid directory!
trying to get inode 0
trying to get inode 2
getattr(/two.txt) [2] -> {mode: 100644, size: 11}
filling info for file two.txt
readdir reaching /2k.txt
trying to get inode 0
/ was a valid directory!
trying to get inode 0
trying to get inode 3
getattr(/2k.txt) [3] -> {mode: 100644, size: 2001}
filling info for file 2k.txt
readdir(/): 3 files -> 0
trying to get inode 0
/ was a valid directory!
trying to get inode 0
trying to get inode 0
getattr(/) [0] -> {mode: 40755, size: 192}
trying to get inode 0
/ was a valid directory!
trying to get inode 0
trying to get inode 0
getattr(/) [0] -> {mode: 40755, size: 192}
in readdir, successfully ran getattr for /
trying to get inode 0
trying to get inode 0
3 entries in /
readdir reaching /one.txt
trying to get inode 0
/ was a valid directory!
trying to get inode 0
trying to get inode 1
getattr(/one.txt) [1] -> {mode: 100644, size: 11}
filling info for file one.txt
readdir reaching /two.txt
trying to get inode 0
/ was a valid directory!
trying to get inode 0
trying to get inode 2
getattr(/two.txt) [2] -> {mode: 100644, size: 11}
filling info for file two.txt
readdir reaching /2k.txt
trying to get inode 0
/ was a valid directory!
trying to get inode 0
trying to get inode 3
getattr(/2k.txt) [3] -> {mode: 100644, size: 2001}
filling info for file 2k.txt
readdir(/): 3 files -> 0
trying to get inode 0
/ was a valid directory!
trying to get inode 0
trying to get inode 0
getattr(/) [0] -> {mode: 40755, size: 192}
trying to get inode 0
/ was a valid directory!
trying to get inode 0
trying to get inode 0
getattr(/) [0] -> {mode: 40755, size: 192}
in readdir, successfully ran getattr for /
trying to get inode 0
trying to get inode 0
3 entries in /
readdir reaching /one.txt
trying to get inode 0
/ was a valid directory!
trying to get inode 0
trying to get inode 1
getattr(/one.txt) [1] -> {mode: 100644, size: 11}
filling info for file one.txt
readdir reaching /two.txt
trying to get inode 0
/ was a valid directory!
trying to get inode 0
trying to get inode 2
getattr(/two.txt) [2] -> {mode: 100644, size: 11}
filling info for file two.txt
readdir reaching /2k.txt
trying to get inode 0
/ was a valid directory!
trying to get inode 0
trying to get inode 3
getattr(/2k.txt) [3] -> {mode: 100644, size: 2001}
filling info for file 2k.txt
readdir(/): 3 files -> 0
trying to get inode 0
/ was a valid directory!
trying to get inode 0
trying to get inode 0
getattr(/) [0] -> {mode: 40755, size: 192}
trying to get inode 0
/ was a valid directory!
trying to get inode 0
trying to get inode 0
getattr(/) [0] -> {mode: 40755, size: 192}
in readdir, successfully ran getattr for /
trying to get inode 0
trying to get inode 0
3 entries in /
readdir reaching /one.txt
trying to get inode 0
/ was a valid directory!
trying to get inode 0
trying to get inode 1
getattr(/one.txt) [1] -> {mode: 100644, size: 11}
filling info for file one.txt
readdir reaching /two.txt
trying to get inode 0
/ was a valid directory!
trying to get inode 0
trying to get inode 2
getattr(/two.txt) [2] -> {mode: 100644, size: 11}
filling info for file two.txt
readdir reaching /2k.txt
trying to get inode 0
/ was a valid directory!
trying to get inode 0
trying to get inode 3
getattr(/2k.txt) [3] -> {mode: 100644, size: 2001}
filling info for file 2k.txt
readdir(/): 3 files -> 0
trying to get inode 0
/ was a valid directory!
trying to get inode 0
trying to get inode 0
getattr(/) [0] -> {mode: 40755, size: 192}
trying to get inode 0
/ was a valid directory!
trying to get inode 0
trying to get inode 0
getattr(/) [0] -> {mode: 40755, size: 192}
in readdir, successfully ran getattr for /
trying to get inode 0
trying to get inode 0
3 entries in /
readdir reaching /one.txt
trying to get inode 0
/ was a valid directory!
trying to get inode 0
trying to get inode 1
getattr(/one.txt) [1] -> {mode: 100644, size: 11}
filling info for file one.txt
readdir reaching /two.txt
trying to get inode 0
/ was a valid directory!
trying to get inode 0
trying to get inode 2
getattr(/two.txt) [2] -> {mode: 100644, size: 11}
filling info for file two.txt
readdir reaching /2k.txt
trying to get inode 0
/ was a valid directory!
trying to get inode 0
trying to get inode 3
getattr(/2k.txt) [3] -> {mode: 100644, size: 2001}
filling info for file 2k.txt
readdir(/): 3 files -> 0
trying to get inode 0
/ was a valid directory!
trying to get inode 0
trying to get inode 0
getattr(/) [0] -> {mode: 40755, size: 192}
trying to get inode 0
/ was a valid directory!
trying to get inode 0
trying to get inode 0
getattr(/) [0] -> {mode: 40755, size: 192}
in readdir, successfully ran getattr for /
trying to get inode 0
trying to get inode 0
3 entries in /
readdir reaching /one.txt
trying to get inode 0
/ was a valid directory!
trying to get inode 0
trying to get inode 1
getattr(/one.txt) [1] -> {mode: 100644, size: 11}
filling info for file one.txt
readdir reaching /two.txt
trying to get inode 0
/ was a valid directory!
trying to get inode 0
trying to get inode 2
getattr(/two.txt) [2] -> {mode: 100644, size: 11}
filling info for file two.txt
readdir reaching /2k.txt
trying to get inode 0
/ was a valid directory!
trying to get inode 0
trying to get inode 3
getattr(/2k.txt) [3] -> {mode: 100644, size: 2001}
filling info for file 2k.txt
readdir(/): 3 files -> 0
trying to get inode 0
/ was a valid directory!
trying to get inode 0
trying to get inode 0
getattr(/) [0] -> {mode: 40755, size: 192}
trying to get inode 0
/ was a valid directory!
trying to get inode 0
trying to get inode 0
getattr(/) [0] -> {mode: 40755, size: 192}
in readdir, successfully ran getattr for /
trying to get inode 0
trying to get inode 0
3 entries in /
readdir reaching /one.txt
trying to get inode 0
/ was a valid directory!
trying to get inode 0
trying to get inode 1
getattr(/one.txt) [1] -> {mode: 100644, size: 11}
filling info for file one.txt
readdir reaching /two.txt
trying to get inode 0
/ was a valid directory!
trying to get inode 0
trying to get inode 2
getattr(/two.txt) [2] -> {mode: 100644, size: 11}
filling info for file two.txt
readdir reaching /2k.txt
trying to get inode 0
/ was a valid directory!
trying to get inode 0
trying to get inode 3
getattr(/2k.txt) [3] -> {mode: 100644, size: 2001}
filling info for file 2k.txt
readdir(/): 3 files -> 0
trying to get inode 0
/ was a valid directory!
trying to get inode 0
file /autorun.inf doesn't exist
trying to get inode 0
/ was a valid directory!
trying to get inode 0
trying to get inode 0
getattr(/) [0] -> {mode: 40755, size: 192}
trying to get inode 0
/ was a valid directory!
trying to get inode 0
trying to get inode 0
getattr(/) [0] -> {mode: 40755, size: 192}
in readdir, successfully ran getattr for /
trying to get inode 0
trying to get inode 0
3 entries in /
readdir reaching /one.txt
trying to get inode 0
/ was a valid directory!
trying to get inode 0
trying to get inode 1
getattr(/one.txt) [1] -> {mode: 100644, size: 11}
filling info for file one.txt
readdir reaching /two.txt
trying to get inode 0
/ was a valid directory!
trying to get inode 0
trying to get inode 2
getattr(/two.txt) [2] -> {mode: 100644, size: 11}
filling info for file two.txt
readdir reaching /2k.txt
trying to get inode 0
/ was a valid directory!
trying to get inode 0
trying to get inode 3
getattr(/2k.txt) [3] -> {mode: 100644, size: 2001}
filling info for file 2k.txt
readdir(/): 3 files -> 0
trying to get inode 0
/ was a valid directory!
trying to get inode 0
trying to get inode 1
getattr(/one.txt) [1] -> {mode: 100644, size: 11}
open(/one.txt)
ioctl(/one.txt, 21505, ...) -> -1
trying to get inode 0
trying to get inode 0
trying to get inode 1
reading: "hello, one
"
read(/one.txt, 4096 bytes, @+0) -> 4096
trying to get inode 0
/ was a valid directory!
trying to get inode 0
trying to get inode 1
getattr(/one.txt) [1] -> {mode: 100644, size: 11}
trying to get inode 0
/ was a valid directory!
trying to get inode 0
trying to get inode 2
getattr(/two.txt) [2] -> {mode: 100644, size: 11}
open(/two.txt)
ioctl(/two.txt, 21505, ...) -> -1
trying to get inode 0
trying to get inode 0
trying to get inode 2
reading: "hello, two
"
read(/two.txt, 4096 bytes, @+0) -> 4096
trying to get inode 0
/ was a valid directory!
trying to get inode 0
trying to get inode 2
getattr(/two.txt) [2] -> {mode: 100644, size: 11}
trying to get inode 0
trying to get inode 1
unlink(/one.txt) -> 0
trying to get inode 0
/ was a valid directory!
trying to get inode 0
trying to get inode 0
getattr(/) [0] -> {mode: 40755, size: 128}
trying to get inode 0
/ was a valid directory!
trying to get inode 0
trying to get inode 0
getattr(/) [0] -> {mode: 40755, size: 128}
in readdir, successfully ran getattr for /
trying to get inode 0
trying to get inode 0
2 entries in /
readdir reaching /two.txt
trying to get inode 0
/ was a valid directory!
trying to get inode 0
trying to get inode 2
getattr(/two.txt) [2] -> {mode: 100644, size: 11}
filling info for file two.txt
readdir reaching /2k.txt
trying to get inode 0
/ was a valid directory!
trying to get inode 0
trying to get inode 3
getattr(/2k.txt) [3] -> {mode: 100644, size: 2001}
filling info for file 2k.txt
readdir(/): 2 files -> 0
trying to get inode 0
/ was a valid directory!
trying to get inode 0
file /abc.txt doesn't exist
trying to get inode 0
/ was a valid directory!
trying to get inode 0
file /abc.txt doesn't exist
trying to get inode 0
/ was a valid directory!
trying to get inode 0
file /abc.txt doesn't exist
trying to get inode 0
rename(/two.txt => /abc.txt) -> 0
trying to get inode 0
/ was a valid directory!
trying to get inode 0
trying to get inode 0
getattr(/) [0] -> {mode: 40755, size: 128}
trying to get inode 0
/ was a valid directory!
trying to get inode 0
trying to get inode 0
getattr(/) [0] -> {mode: 40755, size: 128}
in readdir, successfully ran getattr for /
trying to get inode 0
trying to get inode 0
2 entries in /
readdir reaching /abc.txt
trying to get inode 0
/ was a valid directory!
trying to get inode 0
trying to get inode 2
getattr(/abc.txt) [2] -> {mode: 100644, size: 11}
filling info for file abc.txt
readdir reaching /2k.txt
trying to get inode 0
/ was a valid directory!
trying to get inode 0
trying to get inode 3
getattr(/2k.txt) [3] -> {mode: 100644, size: 2001}
filling info for file 2k.txt
readdir(/): 2 files -> 0
open(/abc.txt)
ioctl(/abc.txt, 21505, ...) -> -1
trying to get inode 0
/ was a valid directory!
trying to get inode 0
trying to get inode 2
getattr(/abc.txt) [2] -> {mode: 100644, size: 11}
trying to get inode 0
trying to get inode 0
trying to get inode 2
reading: "hello, two
"
read(/abc.txt, 4096 bytes, @+0) -> 4096
trying to get inode 0
/ was a valid directory!
trying to get inode 0
trying to get inode 2
getattr(/abc.txt) [2] -> {mode: 100644, size: 11}
trying to get inode 0
/ was a valid directory!
trying to get inode 0
file /def.txt doesn't exist
trying to get inode 0
/ was a valid directory!
trying to get inode 0
file /def.txt doesn't exist
trying to get inode 0
/ was a valid directory!
trying to get inode 0
file /def.txt doesn't exist
trying to get inode 0
trying to get inode 2
unlink(/abc.txt) -> 0
trying to get inode 0
/ was a valid directory!
trying to get inode 0
file /def.txt doesn't exist
trying to get inode 0
/ was a valid directory!
trying to get inode 0
file /foo doesn't exist
trying to get inode 1
+ alloc_page() -> 8
trying to get inode 0
trying to get inode 1
trying to get inode 0
getting to point where entry is being created
mknod(/foo, 40755) -> 0 (inum 1)
mkdir(/foo) -> 0
trying to get inode 0
/ was a valid directory!
trying to get inode 0
trying to get inode 1
getattr(/foo) [1] -> {mode: 40755, size: 4096}
trying to get inode 0
/foo was a valid directory!
trying to get inode 1
file /foo/abc.txt doesn't exist
trying to get inode 0
/ was a valid directory!
trying to get inode 0
file /def.txt doesn't exist
trying to get inode 0
/foo was a valid directory!
trying to get inode 1
file /foo/abc.txt doesn't exist
trying to get inode 0
/ was a valid directory!
trying to get inode 0
file /40k.txt doesn't exist
trying to get inode 2
+ alloc_page() -> 9
trying to get inode 0
trying to get inode 2
trying to get inode 0
getting to point where entry is being created
mknod(/40k.txt, 100644) -> 0 (inum 2)
trying to get inode 0
/ was a valid directory!
trying to get inode 0
trying to get inode 2
getattr(/40k.txt) [2] -> {mode: 100644, size: 0}
open(/40k.txt)
ioctl(/40k.txt, 21505, ...) -> -1
entering write
trying to get inode 0
trying to get inode 0
trying to get inode 2
wrote: "=This string is fourty characters long.==This string is fourty characters long.==This string is fourty characters long.==This string is fourty characters long.==This string is fourty characters long.==This string is fourty characters long.==This string is fourty characters long.==This string is fourty characters long.==This string is fourty characters long.==This string is fourty characters long.==This string is fourty characters long.==This string is fourty characters long.==This string is fourty characters long.==This string is fourty characters long.==This string is fourty characters long.==This string is fourty characters long.==This string is fourty characters long.==This string is fourty characters long.==This string is fourty characters long.==This string is fourty characters long.==This string is fourty characters long.==This string is fourty characters long.==This string is fourty characters long.==This string is fourty characters long.==This string is fourty characters long.==This string is fourty characters long.==This string is fourty characters long.==This string is fourty characters long.==This string is fourty characters long.==This string is fourty characters long.==This string is fourty characters long.==This string is fourty characters long.==This string is fourty characters long.==This string is fourty characters long.==This string is fourty characters long.==This string is fourty characters long.==This string is fourty characters long.==This string is fourty characters long.==This string is fourty characters long.==This string is fourty characters long.==This string is fourty characters long.==This string is fourty characters long.==This string is fourty characters long.==This string is fourty characters long.==This string is fourty characters long.==This string is fourty characters long.==This string is fourty characters long.==This string is fourty characters long.==This string is fourty characters long.==This string is fourty characters long.==This string is fourty characters long.==This string is fourty characters long.==This string is fourty characters long.==This string is fourty characters long.==This string is fourty characters long.==This string is fourty characters long.==This string is fourty characters long.==This string is fourty characters long.==This string is fourty characters long.==This string is fourty characters long.==This string is fourty characters long.==This string is fourty characters long.==This string is fourty characters long.==This string is fourty characters long.==This string is fourty characters long.==This string is fourty characters long.==This string is fourty characters long.==This string is fourty characters long.==This string is fourty characters long.==This string is fourty characters long.==This string is fourty characters long.==This string is fourty characters long.==This string is fourty characters long.==This string is fourty characters long.==This string is fourty characters long.==This string is fourty characters long.==This string is fourty characters long.==This string is fourty characters long.==This string is fourty characters long.==This string is fourty characters long.==This string is fourty characters long.==This string is fourty characters long.==This string is fourty characters long.==This string is fourty characters long.==This string is fourty characters long.==This string is fourty characters long.==This string is fourty characters long.==This string is fourty characters long.==This string is fourty characters long.==This string is fourty characters long.==This string is fourty characters long.==This string is fourty characters long.==This string is fourty characters long.==This string is fourty characters long.==This string is fourty characters long.==This string is fourty characters long.==This string is fourty characters long.==This string is fourty characters long.==This string is fourty characters long.==This string is fourty characters long.==This string is fourty characters long.==This string is fourty characters long.==This string is "
write(/40k.txt, 4096 bytes, @+0) -> 4096
entering write
trying to get inode 0
trying to get inode 0
trying to get inode 2
wrote: "fourty characters long.==This string is fourty characters long.==This string is fourty characters long.==This string is fourty characters long.==This string is fourty characters long.==This string is fourty characters long.==This string is fourty characters long.==This string is fourty characters long.==This string is fourty characters long.==This string is fourty characters long.==This string is fourty characters long.==This string is fourty characters long.==This string is fourty characters long.==This string is fourty characters long.==This string is fourty characters long.==This string is fourty characters long.==This string is fourty characters long.==This string is fourty characters long.==This string is fourty characters long.==This string is fourty characters long.==This string is fourty characters long.==This string is fourty characters long.==This string is fourty characters long.==This string is fourty characters long.==This string is fourty characters long.==This string is fourty characters long.==This string is fourty characters long.==This string is fourty characters long.==This string is fourty characters long.==This string is fourty characters long.==This string is fourty characters long.==This string is fourty characters long.==This string is fourty characters long.==This string is fourty characters long.==This string is fourty characters long.==This string is fourty characters long.==This string is fourty characters long.==This string is fourty characters long.==This string is fourty characters long.==This string is fourty characters long.==This string is fourty characters long.==This string is fourty characters long.==This string is fourty characters long.==This string is fourty characters long.==This string is fourty characters long.==This string is fourty characters long.==This string is fourty characters long.==This string is fourty characters long.==This string is fourty characters long.==This string is fourty characters long.==This string is fourty characters long.==This string is fourty characters long.==This string is fourty characters long.==This string is fourty characters long.==This string is fourty characters long.==This string is fourty characters long.==This string is fourty characters long.==This string is fourty characters long.==This string is fourty characters long.==This string is fourty characters long.==This string is fourty characters long.==This string is fourty characters long.==This string is fourty characters long.==This string is fourty characters long.==This string is fourty characters long.==This string is fourty characters long.==This string is fourty characters long.==This string is fourty characters long.==This string is fourty characters long.==This string is fourty characters long.==This string is fourty characters long.==This string is fourty characters long.==This string is fourty characters long.==This string is fourty characters long.==This string is fourty characters long.==This string is fourty characters long.==This string is fourty characters long.==This string is fourty characters long.==This string is fourty characters long.==This string is fourty characters long.==This string is fourty characters long.==This string is fourty characters long.==This string is fourty characters long.==This string is fourty characters long.==This string is fourty characters long.==This string is fourty characters long.==This string is fourty characters long.==This string is fourty characters long.==This string is fourty characters long.==This string is fourty characters long.==This string is fourty characters long.==This string is fourty characters long.==This string is fourty characters long.==This string is fourty characters long.==This string is fourty characters long.==This string is fourty characters long.==This string is fourty characters long.==This string is fourty characters long.==This string is fourty characters long.==This string is fourty characters long.==This string is fourty characters long.==This string is fourty characters long.==This string is fourty character"
write(/40k.txt, 4096 bytes, @+4096) -> 4096
entering write
trying to get inode 0
trying to get inode 0
trying to get inode 2
wrote: "s long.==This string is fourty characters long.==This string is fourty characters long.==This string is fourty characters long.==This string is fourty characters long.==This string is fourty characters long.==This string is fourty characters long.==This string is fourty characters long.==This string is fourty characters long.==This string is fourty characters long.==This string is fourty characters long.==This string is fourty characters long.==This string is fourty characters long.==This string is fourty characters long.==This string is fourty characters long.==This string is fourty characters long.==This string is fourty characters long.==This string is fourty characters long.==This string is fourty characters long.==This string is fourty characters long.==This string is fourty characters long.==This string is fourty characters long.==This string is fourty characters long.==This string is fourty characters long.==This string is fourty characters long.==This string is fourty characters long.==This string is fourty characters long.==This string is fourty characters long.==This string is fourty characters long.==This string is fourty characters long.==This string is fourty characters long.==This string is fourty characters long.==This string is fourty characters long.==This string is fourty characters long.==This string is fourty characters long.==This string is fourty characters long.==This string is fourty characters long.==This string is fourty characters long.==This string is fourty characters long.==This string is fourty characters long.==This string is fourty characters long.==This string is fourty characters long.==This string is fourty characters long.==This string is fourty characters long.==This string is fourty characters long.==This string is fourty characters long.==This string is fourty characters long.==This string is fourty characters long.==This string is fourty characters long.==This string is fourty characters long.==This string is fourty characters long.==This string is fourty characters long.==This string is fourty characters long.==This string is fourty characters long.==This string is fourty characters long.==This string is fourty characters long.==This string is fourty characters long.==This string is fourty characters long.==This string is fourty characters long.==This string is fourty characters long.==This string is fourty characters long.==This string is fourty characters long.==This string is fourty characters long.==This string is fourty characters long.==This string is fourty characters long.==This string is fourty characters long.==This string is fourty characters long.==This string is fourty characters long.==This string is fourty characters long.==This string is fourty characters long.==This string is fourty characters long.==This string is fourty characters long.==This string is fourty characters long.==This string is fourty characters long.==This string is fourty characters long.==This string is fourty characters long.==This string is fourty characters long.==This string is fourty characters long.==This string is fourty characters long.==This string is fourty characters long.==This string is fourty characters long.==This string is fourty characters long.==This string is fourty characters long.==This string is fourty characters long.==This string is fourty characters long.==This string is fourty characters long.==This string is fourty characters long.==This string is fourty characters long.==This string is fourty characters long.==This string is fourty characters long.==This string is fourty characters long.==This string is fourty characters long.==This string is fourty characters long.==This string is fourty characters long.==This string is fourty characters long.==This string is fourty characters long.==This string is fourty characters long.==This string is fourty characters long.==This string is fourty characters long.==This string is fourty characters long.==This string is fourty characters long.==This string is fourty characters long.==This string is fourty characters long.==This st"
write(/40k.txt, 4096 bytes, @+8192) -> 4096
entering write
trying to get inode 0
trying to get inode 0
trying to get inode 2
wrote: "ring is fourty characters long.==This string is fourty characters long.==This string is fourty characters long.==This string is fourty characters long.==This string is fourty characters long.==This string is fourty characters long.==This string is fourty characters long.==This string is fourty characters long.==This string is fourty characters long.==This string is fourty characters long.==This string is fourty characters long.==This string is fourty characters long.==This string is fourty characters long.==This string is fourty characters long.==This string is fourty characters long.==This string is fourty characters long.==This string is fourty characters long.==This string is fourty characters long.==This string is fourty characters long.==This string is fourty characters long.==This string is fourty characters long.==This string is fourty characters long.==This string is fourty characters long.==This string is fourty characters long.==This string is fourty characters long.==This string is fourty characters long.==This string is fourty characters long.==This string is fourty characters long.==This string is fourty characters long.==This string is fourty characters long.==This string is fourty characters long.==This string is fourty characters long.==This string is fourty characters long.==This string is fourty characters long.==This string is fourty characters long.==This string is fourty characters long.==This string is fourty characters long.==This string is fourty characters long.==This string is fourty characters long.==This string is fourty characters long.==This string is fourty characters long.==This string is fourty characters long.==This string is fourty characters long.==This string is fourty characters long.==This string is fourty characters long.==This string is fourty characters long.==This string is fourty characters long.==This string is fourty characters long.==This string is fourty characters long.==This string is fourty characters long.==This string is fourty characters long.==This string is fourty characters long.==This string is fourty characters long.==This string is fourty characters long.==This string is fourty characters long.==This string is fourty characters long.==This string is fourty characters long.==This string is fourty characters long.==This string is fourty characters long.==This string is fourty characters long.==This string is fourty characters long.==This string is fourty characters long.==This string is fourty characters long.==This string is fourty characters long.==This string is fourty characters long.==This string is fourty characters long.==This string is fourty characters long.==This string is fourty characters long.==This string is fourty characters long.==This string is fourty characters long.==This string is fourty characters long.==This string is fourty characters long.==This string is fourty characters long.==This string is fourty characters long.==This string is fourty characters long.==This string is fourty characters long.==This string is fourty characters long.==This string is fourty characters long.==This string is fourty characters long.==This string is fourty characters long.==This string is fourty characters long.==This string is fourty characters long.==This string is fourty characters long.==This string is fourty characters long.==This string is fourty characters long.==This string is fourty characters long.==This string is fourty characters long.==This string is fourty characters long.==This string is fourty characters long.==This string is fourty characters long.==This string is fourty characters long.==This string is fourty characters long.==This string is fourty characters long.==This string is fourty characters long.==This string is fourty characters long.==This string is fourty characters long.==This string is fourty characters long.==This string is fourty characters long.==This string is fourty characters long.==This string is fourty characters long.==This string is fourty characters long.==This string is fourty characters long.==This string is fourty c"
write(/40k.txt, 4096 bytes, @+12288) -> 4096
entering write
trying to get inode 0
trying to get inode 0
trying to get inode 2
wrote: "haracters long.==This string is fourty characters long.==This string is fourty characters long.==This string is fourty characters long.==This string is fourty characters long.==This string is fourty characters long.==This string is fourty characters long.==This string is fourty characters long.==This string is fourty characters long.==This string is fourty characters long.==This string is fourty characters long.==This string is fourty characters long.==This string is fourty characters long.==This string is fourty characters long.==This string is fourty characters long.==This string is fourty characters long.==This string is fourty characters long.==This string is fourty characters long.==This string is fourty characters long.==This string is fourty characters long.==This string is fourty characters long.==This string is fourty characters long.==This string is fourty characters long.==This string is fourty characters long.==This string is fourty characters long.==This string is fourty characters long.==This string is fourty characters long.==This string is fourty characters long.==This string is fourty characters long.==This string is fourty characters long.==This string is fourty characters long.==This string is fourty characters long.==This string is fourty characters long.==This string is fourty characters long.==This string is fourty characters long.==This string is fourty characters long.==This string is fourty characters long.==This string is fourty characters long.==This string is fourty characters long.==This string is fourty characters long.==This string is fourty characters long.==This string is fourty characters long.==This string is fourty characters long.==This string is fourty characters long.==This string is fourty characters long.==This string is fourty characters long.==This string is fourty characters long.==This string is fourty characters long.==This string is fourty characters long.==This string is fourty characters long.==This string is fourty characters long.==This string is fourty characters long.==This string is fourty characters long.==This string is fourty characters long.==This string is fourty characters long.==This string is fourty characters long.==This string is fourty characters long.==This string is fourty characters long.==This string is fourty characters long.==This string is fourty characters long.==This string is fourty characters long.==This string is fourty characters long.==This string is fourty characters long.==This string is fourty characters long.==This string is fourty characters long.==This string is fourty characters long.==This string is fourty characters long.==This string is fourty characters long.==This string is fourty characters long.==This string is fourty characters long.==This string is fourty characters long.==This string is fourty characters long.==This string is fourty characters long.==This string is fourty characters long.==This string is fourty characters long.==This string is fourty characters long.==This string is fourty characters long.==This string is fourty characters long.==This string is fourty characters long.==This string is fourty characters long.==This string is fourty characters long.==This string is fourty characters long.==This string is fourty characters long.==This string is fourty characters long.==This string is fourty characters long.==This string is fourty characters long.==This string is fourty characters long.==This string is fourty characters long.==This string is fourty characters long.==This string is fourty characters long.==This string is fourty characters long.==This string is fourty characters long.==This string is fourty characters long.==This string is fourty characters long.==This string is fourty characters long.==This string is fourty characters long.==This string is fourty characters long.==This string is fourty characters long.==This string is fourty characters long.==This string is fourty characters long.==This string is fourty characters long.==This string is fourty characters long.==This string is fourty characters long.="
write(/40k.txt, 4096 bytes, @+16384) -> 4096
entering write
trying to get inode 0
trying to get inode 0
trying to get inode 2
wrote: "=This string is fourty characters long.==This string is fourty characters long.==This string is fourty characters long.==This string is fourty characters long.==This string is fourty characters long.==This string is fourty characters long.==This string is fourty characters long.==This string is fourty characters long.==This string is fourty characters long.==This string is fourty characters long.==This string is fourty characters long.==This string is fourty characters long.==This string is fourty characters long.==This string is fourty characters long.==This string is fourty characters long.==This string is fourty characters long.==This string is fourty characters long.==This string is fourty characters long.==This string is fourty characters long.==This string is fourty characters long.==This string is fourty characters long.==This string is fourty characters long.==This string is fourty characters long.==This string is fourty characters long.==This string is fourty characters long.==This string is fourty characters long.==This string is fourty characters long.==This string is fourty characters long.==This string is fourty characters long.==This string is fourty characters long.==This string is fourty characters long.==This string is fourty characters long.==This string is fourty characters long.==This string is fourty characters long.==This string is fourty characters long.==This string is fourty characters long.==This string is fourty characters long.==This string is fourty characters long.==This string is fourty characters long.==This string is fourty characters long.==This string is fourty characters long.==This string is fourty characters long.==This string is fourty characters long.==This string is fourty characters long.==This string is fourty characters long.==This string is fourty characters long.==This string is fourty characters long.==This string is fourty characters long.==This string is fourty characters long.==This string is fourty characters long.==This string is fourty characters long.==This string is fourty characters long.==This string is fourty characters long.==This string is fourty characters long.==This string is fourty characters long.==This string is fourty characters long.==This string is fourty characters long.==This string is fourty characters long.==This string is fourty characters long.==This string is fourty characters long.==This string is fourty characters long.==This string is fourty characters long.==This string is fourty characters long.==This string is fourty characters long.==This string is fourty characters long.==This string is fourty characters long.==This string is fourty characters long.==This string is fourty characters long.==This string is fourty characters long.==This string is fourty characters long.==This string is fourty characters long.==This string is fourty characters long.==This string is fourty characters long.==This string is fourty characters long.==This string is fourty characters long.==This string is fourty characters long.==This string is fourty characters long.==This string is fourty characters long.==This string is fourty characters long.==This string is fourty characters long.==This string is fourty characters long.==This string is fourty characters long.==This string is fourty characters long.==This string is fourty characters long.==This string is fourty characters long.==This string is fourty characters long.==This string is fourty characters long.==This string is fourty characters long.==This string is fourty characters long.==This string is fourty characters long.==This string is fourty characters long.==This string is fourty characters long.==This string is fourty characters long.==This string is fourty characters long.==This string is fourty characters long.==This string is fourty characters long.==This string is fourty characters long.==This string is fourty characters long.==This string is fourty characters long.==This string is fourty characters long.==This string is fourty characters long.==This string is fourty characters long.==This string is "
write(/40k.txt, 4096 bytes, @+20480) -> 4096
entering write
trying to get inode 0
trying to get inode 0
trying to get inode 2
wrote: "fourty characters long.==This string is fourty characters long.==This string is fourty characters long.==This string is fourty characters long.==This string is fourty characters long.==This string is fourty characters long.==This string is fourty characters long.==This string is fourty characters long.==This string is fourty characters long.==This string is fourty characters long.==This string is fourty characters long.==This string is fourty characters long.==This string is fourty characters long.==This string is fourty characters long.==This string is fourty characters long.==This string is fourty characters long.==This string is fourty characters long.==This string is fourty characters long.==This string is fourty characters long.==This string is fourty characters long.==This string is fourty characters long.==This string is fourty characters long.==This string is fourty characters long.==This string is fourty characters long.==This string is fourty characters long.==This string is fourty characters long.==This string is fourty characters long.==This string is fourty characters long.==This string is fourty characters long.==This string is fourty characters long.==This string is fourty characters long.==This string is fourty characters long.==This string is fourty characters long.==This string is fourty characters long.==This string is fourty characters long.==This string is fourty characters long.==This string is fourty characters long.==This string is fourty characters long.==This string is fourty characters long.==This string is fourty characters long.==This string is fourty characters long.==This string is fourty characters long.==This string is fourty characters long.==This string is fourty characters long.==This string is fourty characters long.==This string is fourty characters long.==This string is fourty characters long.==This string is fourty characters long.==This string is fourty characters long.==This string is fourty characters long.==This string is fourty characters long.==This string is fourty characters long.==This string is fourty characters long.==This string is fourty characters long.==This string is fourty characters long.==This string is fourty characters long.==This string is fourty characters long.==This string is fourty characters long.==This string is fourty characters long.==This string is fourty characters long.==This string is fourty characters long.==This string is fourty characters long.==This string is fourty characters long.==This string is fourty characters long.==This string is fourty characters long.==This string is fourty characters long.==This string is fourty characters long.==This string is fourty characters long.==This string is fourty characters long.==This string is fourty characters long.==This string is fourty characters long.==This string is fourty characters long.==This string is fourty characters long.==This string is fourty characters long.==This string is fourty characters long.==This string is fourty characters long.==This string is fourty characters long.==This string is fourty characters long.==This string is fourty characters long.==This string is fourty characters long.==This string is fourty characters long.==This string is fourty characters long.==This string is fourty characters long.==This string is fourty characters long.==This string is fourty characters long.==This string is fourty characters long.==This string is fourty characters long.==This string is fourty characters long.==This string is fourty characters long.==This string is fourty characters long.==This string is fourty characters long.==This string is fourty characters long.==This string is fourty characters long.==This string is fourty characters long.==This string is fourty characters long.==This string is fourty characters long.==This string is fourty characters long.==This string is fourty characters long.==This string is fourty characters long.==This string is fourty characters long.==This string is fourty characters long.==This string is fourty characters long.==This string is fourty character"
write(/40k.txt, 4096 bytes, @+24576) -> 4096
entering write
trying to get inode 0
trying to get inode 0
trying to get inode 2
wrote: "s long.==This string is fourty characters long.==This string is fourty characters long.==This string is fourty characters long.==This string is fourty characters long.==This string is fourty characters long.==This string is fourty characters long.==This string is fourty characters long.==This string is fourty characters long.==This string is fourty characters long.==This string is fourty characters long.==This string is fourty characters long.==This string is fourty characters long.==This string is fourty characters long.==This string is fourty characters long.==This string is fourty characters long.==This string is fourty characters long.==This string is fourty characters long.==This string is fourty characters long.==This string is fourty characters long.==This string is fourty characters long.==This string is fourty characters long.==This string is fourty characters long.==This string is fourty characters long.==This string is fourty characters long.==This string is fourty characters long.==This string is fourty characters long.==This string is fourty characters long.==This string is fourty characters long.==This string is fourty characters long.==This string is fourty characters long.==This string is fourty characters long.==This string is fourty characters long.==This string is fourty characters long.==This string is fourty characters long.==This string is fourty characters long.==This string is fourty characters long.==This string is fourty characters long.==This string is fourty characters long.==This string is fourty characters long.==This string is fourty characters long.==This string is fourty characters long.==This string is fourty characters long.==This string is fourty characters long.==This string is fourty characters long.==This string is fourty characters long.==This string is fourty characters long.==This string is fourty characters long.==This string is fourty characters long.==This string is fourty characters long.==This string is fourty characters long.==This string is fourty characters long.==This string is fourty characters long.==This string is fourty characters long.==This string is fourty characters long.==This string is fourty characters long.==This string is fourty characters long.==This string is fourty characters long.==This string is fourty characters long.==This string is fourty characters long.==This string is fourty characters long.==This string is fourty characters long.==This string is fourty characters long.==This string is fourty characters long.==This string is fourty characters long.==This string is fourty characters long.==This string is fourty characters long.==This string is fourty characters long.==This string is fourty characters long.==This string is fourty characters long.==This string is fourty characters long.==This string is fourty characters long.==This string is fourty characters long.==This string is fourty characters long.==This string is fourty characters long.==This string is fourty characters long.==This string is fourty characters long.==This string is fourty characters long.==This string is fourty characters long.==This string is fourty characters long.==This string is fourty characters long.==This string is fourty characters long.==This string is fourty characters long.==This string is fourty characters long.==This string is fourty characters long.==This string is fourty characters long.==This string is fourty characters long.==This string is fourty characters long.==This string is fourty characters long.==This string is fourty characters long.==This string is fourty characters long.==This string is fourty characters long.==This string is fourty characters long.==This string is fourty characters long.==This string is fourty characters long.==This string is fourty characters long.==This string is fourty characters long.==This string is fourty characters long.==This string is fourty characters long.==This string is fourty characters long.==This string is fourty characters long.==This string is fourty characters long.==This string is fourty characters long.==This st"
write(/40k.txt, 4096 bytes, @+28672) -> 4096
entering write
trying to get inode 0
trying to get inode 0
trying to get inode 2
wrote: "ring is fourty characters long.==This string is fourty characters long.==This string is fourty characters long.==This string is fourty characters long.==This string is fourty characters long.==This string is fourty characters long.==This string is fourty characters long.==This string is fourty characters long.==This string is fourty characters long.==This string is fourty characters long.==This string is fourty characters long.==This string is fourty characters long.==This string is fourty characters long.==This string is fourty characters long.==This string is fourty characters long.==This string is fourty characters long.==This string is fourty characters long.==This string is fourty characters long.==This string is fourty characters long.==This string is fourty characters long.==This string is fourty characters long.==This string is fourty characters long.==This string is fourty characters long.==This string is fourty characters long.==This string is fourty characters long.==This string is fourty characters long.==This string is fourty characters long.==This string is fourty characters long.==This string is fourty characters long.==This string is fourty characters long.==This string is fourty characters long.==This string is fourty characters long.==This string is fourty characters long.==This string is fourty characters long.==This string is fourty characters long.==This string is fourty characters long.==This string is fourty characters long.==This string is fourty characters long.==This string is fourty characters long.==This string is fourty characters long.==This string is fourty characters long.==This string is fourty characters long.==This string is fourty characters long.==This string is fourty characters long.==This string is fourty characters long.==This string is fourty characters long.==This string is fourty characters long.==This string is fourty characters long.==This string is fourty characters long.==This string is fourty characters long.==This string is fourty characters long.==This string is fourty characters long.==This string is fourty characters long.==This string is fourty characters long.==This string is fourty characters long.==This string is fourty characters long.==This string is fourty characters long.==This string is fourty characters long.==This string is fourty characters long.==This string is fourty characters long.==This string is fourty characters long.==This string is fourty characters long.==This string is fourty characters long.==This string is fourty characters long.==This string is fourty characters long.==This string is fourty characters long.==This string is fourty characters long.==This string is fourty characters long.==This string is fourty characters long.==This string is fourty characters long.==This string is fourty characters long.==This string is fourty characters long.==This string is fourty characters long.==This string is fourty characters long.==This string is fourty characters long.==This string is fourty characters long.==This string is fourty characters long.==This string is fourty characters long.==This string is fourty characters long.==This string is fourty characters long.==This string is fourty characters long.==This string is fourty characters long.==This string is fourty characters long.==This string is fourty characters long.==This string is fourty characters long.==This string is fourty characters long.==This string is fourty characters long.==This string is fourty characters long.==This string is fourty characters long.==This string is fourty characters long.==This string is fourty characters long.==This string is fourty characters long.==This string is fourty characters long.==This string is fourty characters long.==This string is fourty characters long.==This string is fourty characters long.==This string is fourty characters long.==This string is fourty characters long.==This string is fourty characters long.==This string is fourty characters long.==This string is fourty characters long.==This string is fourty characters long.==This string is fourty c"
write(/40k.txt, 4096 bytes, @+32768) -> 4096
entering write
trying to get inode 0
trying to get inode 0
trying to get inode 2
wrote: "haracters long.==This string is fourty characters long.==This string is fourty characters long.==This string is fourty characters long.==This string is fourty characters long.==This string is fourty characters long.==This string is fourty characters long.==This string is fourty characters long.==This string is fourty characters long.==This string is fourty characters long.==This string is fourty characters long.==This string is fourty characters long.==This string is fourty characters long.==This string is fourty characters long.==This string is fourty characters long.==This string is fourty characters long.==This string is fourty characters long.==This string is fourty characters long.==This string is fourty characters long.==This string is fourty characters long.==This string is fourty characters long.==This string is fourty characters long.==This string is fourty characters long.==This string is fourty characters long.==This string is fourty characters long.==This string is fourty characters long.==This string is fourty characters long.==This string is fourty characters long.==This string is fourty characters long.==This string is fourty characters long.==This string is fourty characters long.==This string is fourty characters long.==This string is fourty characters long.==This string is fourty characters long.==This string is fourty characters long.==This string is fourty characters long.==This string is fourty characters long.==This string is fourty characters long.==This string is fourty characters long.==This string is fourty characters long.==This string is fourty characters long.==This string is fourty characters long.==This string is fourty characters long.==This string is fourty characters long.==This string is fourty characters long.==This string is fourty characters long.==This string is fourty characters long.==This string is fourty characters long.==This string is fourty characters long.==This string is fourty characters long.==This string is fourty characters long.==This string is fourty characters long.==This string is fourty characters long.==This string is fourty characters long.==This string is fourty characters long.==This string is fourty characters long.==This string is fourty characters long.==This string is fourty characters long.==This string is fourty characters long.==This string is fourty characters long.==This string is fourty characters long.==This string is fourty characters long.==This string is fourty characters long.==This string is fourty characters long.==This string is fourty characters long.==This string is fourty characters long.==This string is fourty characters long.==This string is fourty characters long.==This string is fourty characters long.==This string is fourty characters long.==This string is fourty characters long.==This string is fourty characters long.==This string is fourty characters long.==This string is fourty characters long.==This string is fourty characters long.==This string is fourty characters long.==This string is fourty characters long.==This string is fourty characters long.==This string is fourty characters long.=
"
write(/40k.txt, 3137 bytes, @+36864) -> 3137
open(/40k.txt)
ioctl(/40k.txt, 21505, ...) -> -1
trying to get inode 0
/ was a valid directory!
trying to get inode 0
trying to get inode 2
getattr(/40k.txt) [2] -> {mode: 100644, size: 40001}
trying to get inode 0
trying to get inode 0
trying to get inode 2
reading: "=This string is fourty characters long.==This string is fourty characters long.==This string is fourty characters long.==This string is fourty characters long.==This string is fourty characters long.==This string is fourty characters long.==This string is fourty characters long.==This string is fourty characters long.==This string is fourty characters long.==This string is fourty characters long.==This string is fourty characters long.==This string is fourty characters long.==This string is fourty characters long.==This string is fourty characters long.==This string is fourty characters long.==This string is fourty characters long.==This string is fourty characters long.==This string is fourty characters long.==This string is fourty characters long.==This string is fourty characters long.==This string is fourty characters long.==This string is fourty characters long.==This string is fourty characters long.==This string is fourty characters long.==This string is fourty characters long.==This string is fourty characters long.==This string is fourty characters long.==This string is fourty characters long.==This string is fourty characters long.==This string is fourty characters long.==This string is fourty characters long.==This string is fourty characters long.==This string is fourty characters long.==This string is fourty characters long.==This string is fourty characters long.==This string is fourty characters long.==This string is fourty characters long.==This string is fourty characters long.==This string is fourty characters long.==This string is fourty characters long.==This string is fourty characters long.==This string is fourty characters long.==This string is fourty characters long.==This string is fourty characters long.==This string is fourty characters long.==This string is fourty characters long.==This string is fourty characters long.==This string is fourty characters long.==This string is fourty characters long.==This string is fourty characters long.==This string is fourty characters long.==This string is fourty characters long.==This string is fourty characters long.==This string is fourty characters long.==This string is fourty characters long.==This string is fourty characters long.==This string is fourty characters long.==This string is fourty characters long.==This string is fourty characters long.==This string is fourty characters long.==This string is fourty characters long.==This string is fourty characters long.==This string is fourty characters long.==This string is fourty characters long.==This string is fourty characters long.==This string is fourty characters long.==This string is fourty characters long.==This string is fourty characters long.==This string is fourty characters long.==This string is fourty characters long.==This string is fourty characters long.==This string is fourty characters long.==This string is fourty characters long.==This string is fourty characters long.==This string is fourty characters long.==This string is fourty characters long.==This string is fourty characters long.==This string is fourty characters long.==This string is fourty characters long.==This string is fourty characters long.==This string is fourty characters long.==This string is fourty characters long.==This string is fourty characters long.==This string is fourty characters long.==This string is fourty characters long.==This string is fourty characters long.==This string is fourty characters long.==This string is fourty characters long.==This string is fourty characters long.==This string is fourty characters long.==This string is fourty characters long.==This string is fourty characters long.==This string is fourty characters long.==This string is fourty characters long.==This string is fourty characters long.==This string is fourty characters long.==This string is fourty characters long.==This string is fourty characters long.==This string is fourty characters long.==This string is fourty characters long.==This string is fourty characters long.==This string is fourty characters long.==This string is fourty characters long.==This string is fourty characters long.==This string is fourty characters long.==This string is fourty characters long.==This string is fourty characters long.==This string is fourty characters long.==This string is fourty characters long.==This string is fourty characters long.==This string is fourty characters long.==This string is fourty characters long.==This string is fourty characters long.==This string is fourty characters long.==This string is fourty characters long.==This string is fourty characters long.==This string is fourty characters long.==This string is fourty characters long.==This string is fourty characters long.==This string is fourty characters long.==This string is fourty characters long.==This string is fourty characters long.==This string is fourty characters long.==This string is fourty characters long.==This string is fourty characters long.==This string is fourty characters long.==This string is fourty characters long.==This string is fourty characters long.==This string is fourty characters long.==This string is fourty characters long.==This string is fourty characters long.==This string is fourty characters long.==This string is fourty characters long.==This string is fourty characters long.==This string is fourty characters long.==This string is fourty characters long.==This string is fourty characters long.==This string is fourty characters long.==This string is fourty characters long.==This string is fourty characters long.==This string is fourty characters long.==This string is fourty characters long.==This string is fourty characters long.==This string is fourty characters long.==This string is fourty characters long.==This string is fourty characters long.==This string is fourty characters long.==This string is fourty characters long.==This string is fourty characters long.==This string is fourty characters long.==This string is fourty characters long.==This string is fourty characters long.==This string is fourty characters long.==This string is fourty characters long.==This string is fourty characters long.==This string is fourty characters long.==This string is fourty characters long.==This string is fourty characters long.==This string is fourty characters long.==This string is fourty characters long.==This string is fourty characters long.==This string is fourty characters long.==This string is fourty characters long.==This string is fourty characters long.==This string is fourty characters long.==This string is fourty characters long.==This string is fourty characters long.==This string is fourty characters long.==This string is fourty characters long.==This string is fourty characters long.==This string is fourty characters long.==This string is fourty characters long.==This string is fourty characters long.==This string is fourty characters long.==This string is fourty characters long.==This string is fourty characters long.==This string is fourty characters long.==This string is fourty characters long.==This string is fourty characters long.==This string is fourty characters long.==This string is fourty characters long.==This string is fourty characters long.==This string is fourty characters long.==This string is fourty characters long.==This string is fourty characters long.==This string is fourty characters long.==This string is fourty characters long.==This string is fourty characters long.==This string is fourty characters long.==This string is fourty characters long.==This string is fourty characters long.==This string is fourty characters long.==This string is fourty characters long.==This string is fourty characters long.==This string is fourty characters long.==This string is fourty characters long.==This string is fourty characters long.==This string is fourty characters long.==This string is fourty characters long.==This string is fourty characters long.==This string is fourty characters long.==This string is fourty characters long.==This string is fourty characters long.==This string is fourty characters long.==This string is fourty characters long.==This string is fourty characters long.==This string is fourty characters long.==This string is fourty characters long.==This string is fourty characters long.==This string is fourty characters long.==This string is fourty characters long.==This string is fourty characters long.==This string is fourty characters long.==This string is fourty characters long.==This string is fourty characters long.==This string is fourty characters long.==This string is fourty characters long.==This string is fourty characters long.==This string is fourty characters long.==This string is fourty characters long.==This string is fourty characters long.==This string is fourty characters long.==This string is fourty characters long.==This string is fourty characters long.==This string is fourty characters long.==This string is fourty characters long.==This string is fourty characters long.==This string is fourty characters long.==This string is fourty characters long.==This string is fourty characters long.==This string is fourty characters long.==This string is fourty characters long.==This string is fourty characters long.==This string is fourty characters long.==This string is fourty characters long.==This string is fourty characters long.==This string is fourty characters long.==This string is fourty characters long.==This string is fourty characters long.==This string is fourty characters long.==This string is fourty characters long.==This string is fourty characters long.==This string is fourty characters long.==This string is fourty characters long.==This string is fourty characters long.==This string is fourty characters long.==This string is fourty characters long.==This string is fourty characters long.==This string is fourty characters long.==This string is fourty characters long.==This string is fourty characters long.==This string is fourty characters long.==This string is fourty characters long.==This string is fourty characters long.==This string is fourty characters long.==This string is fourty characters long.==This string is fourty characters long.==This string is fourty characters long.==This string is fourty characters long.==This string is fourty characters long.==This string is fourty characters long.==This string is fourty characters long.==This string is fourty characters long.==This string is fourty characters long.==This string is fourty characters long.==This string is fourty characters long.==This string is fourty characters long.==This string is fourty characters long.==This string is fourty characters long.==This string is fourty characters long.==This string is fourty characters long.==This string is fourty characters long.==This string is fourty characters long.==This string is fourty characters long.==This string is fourty characters long.==This string is fourty characters long.==This string is fourty characters long.==This string is fourty characters long.==This string is fourty characters long.==This string is fourty characters long.==This string is fourty characters long.==This string is fourty characters long.==This string is fourty characters long.==This string is fourty characters long.==This string is fourty characters long.==This string is fourty characters long.==This string is fourty characters long.==This string is fourty characters long.==This string is fourty characters long.==This string is fourty characters long.==This string is fourty characters long.==This string is fourty characters long.==This string is fourty characters long.==This string is fourty characters long.==This string is fourty characters long.==This string is fourty characters long.==This string is fourty characters long.==This string is fourty characters long.==This string is fourty characters long.==This string is fourty characters long.==This string is fourty characters long.==This string is fourty characters long.==This string is fourty characters long.==This string is fourty characters long.==This string is fourty characters long.==This string is fourty characters long.==This string is fourty characters long.==This string is fourty characters long.==This string is fourty characters long.==This string is fourty characters long.==This string is fourty characters long.==This string is fourty characters long.==This string is fourty characters long.==This string is fourty characters long.==This string is fourty characters long.==This string is fourty characters long.==This string is fourty characters long.==This string is fourty characters long.==This string is fourty characters long.==This string is fourty characters long.==This string is fourty characters long.==This string is fourty characters long.==This string is fourty characters long.==This string is fourty characters long.==This string is fourty characters long.==This string is fourty characters long.==This string is fourty characters long.==This string is fourty characters long.==This string is fourty characters long.==This string is fourty characters long.==This string is fourty characters long.==This string is fourty characters long.==This string is fourty characters long.==This string is fourty characters long.==This string is fourty characters long.==This string is fourty characters long.==This string is fourty characters long.==This string is fourty characters long.==This string is fourty characters long.==This string is fourty characters long.==This string is fourty characters long.==This string is fourty characters long.==This string is fourty characters long.==This string is fourty characters long.==This string is fourty characters long.==This string is fourty characters long.==This string is fourty characters long.==This string is fourty characters long.==This string is fourty characters long.==This string is fourty characters long.==This string is fourty characters long.==This string is fourty characters long.==This string is fourty characters long.==This string is fourty characters long.==This string is fourty characters long.==This string is fourty characters long.==This string is fourty characters long.==This string is fourty characters long.==This string is fourty characters long.==This string is fourty characters long.==This string is fourty characters long.==This string is fourty characters long.==This string is fourty characters long.==This string is fourty characters long.==This string is fourty characters long.==This string is fourty characters long.==This string is fourty characters long.==This string is fourty characters long.==This string is fourty characters long.==This string is fourty characters long.==This string is fourty characters long.==This string is fourty characters long.==This string is fourty characters long.==This string is fourty characters long.==This string is fourty characters long.==This string is fourty characters long.==This string is fourty characters long.==This string is fourty characters long.==This string is fourty characters long.==This string is fourty characters long.==This string is fourty characters long.==This string is fourty characters long.==This string is fourty characters long.==This string is fourty characters long.==This string is fourty characters long.==This string is fourty characters long.==This string is fourty characters long.==This string is fourty characters long.==This string is fourty characters long.==This string is fourty characters long.==This string is fourty characters long.==This string is fourty characters long.==This string is fourty characters long.==This string is fourty characters long.==This string is fourty characters long.==This string is fourty characters long.==This string is fourty characters long.==This string is fourty characters long.==This string is fourty characters long.==This string is fourty characters long.==This string is fourty characters long.==This string is fourty characters long.==This string is fourty characters long.==This string is fourty characters long.==This string is fourty characters long.==This string is fourty characters long.==This string is fourty characters long.==This string is fourty characters long.==This string is fourty characters long.==This string is fourty c"
read(/40k.txt, 16384 bytes, @+0) -> 16384
trying to get inode 0
trying to get inode 0
trying to get inode 2
reading: "haracters long.==This string is fourty characters long.==This string is fourty characters long.==This string is fourty characters long.==This string is fourty characters long.==This string is fourty characters long.==This string is fourty characters long.==This string is fourty characters long.==This string is fourty characters long.==This string is fourty characters long.==This string is fourty characters long.==This string is fourty characters long.==This string is fourty characters long.==This string is fourty characters long.==This string is fourty characters long.==This string is fourty characters long.==This string is fourty characters long.==This string is fourty characters long.==This string is fourty characters long.==This string is fourty characters long.==This string is fourty characters long.==This string is fourty characters long.==This string is fourty characters long.==This string is fourty characters long.==This string is fourty characters long.==This string is fourty characters long.==This string is fourty characters long.==This string is fourty characters long.==This string is fourty characters long.==This string is fourty characters long.==This string is fourty characters long.==This string is fourty characters long.==This string is fourty characters long.==This string is fourty characters long.==This string is fourty characters long.==This string is fourty characters long.==This string is fourty characters long.==This string is fourty characters long.==This string is fourty characters long.==This string is fourty characters long.==This string is fourty characters long.==This string is fourty characters long.==This string is fourty characters long.==This string is fourty characters long.==This string is fourty characters long.==This string is fourty characters long.==This string is fourty characters long.==This string is fourty characters long.==This string is fourty characters long.==This string is fourty characters long.==This string is fourty characters long.==This string is fourty characters long.==This string is fourty characters long.==This string is fourty characters long.==This string is fourty characters long.==This string is fourty characters long.==This string is fourty characters long.==This string is fourty characters long.==This string is fourty characters long.==This string is fourty characters long.==This string is fourty characters long.==This string is fourty characters long.==This string is fourty characters long.==This string is fourty characters long.==This string is fourty characters long.==This string is fourty characters long.==This string is fourty characters long.==This string is fourty characters long.==This string is fourty characters long.==This string is fourty characters long.==This string is fourty characters long.==This string is fourty characters long.==This string is fourty characters long.==This string is fourty characters long.==This string is fourty characters long.==This string is fourty characters long.==This string is fourty characters long.==This string is fourty characters long.==This string is fourty characters long.==This string is fourty characters long.==This string is fourty characters long.==This string is fourty characters long.==This string is fourty characters long.==This string is fourty characters long.==This string is fourty characters long.==This string is fourty characters long.==This string is fourty characters long.==This string is fourty characters long.==This string is fourty characters long.==This string is fourty characters long.==This string is fourty characters long.==This string is fourty characters long.==This string is fourty characters long.==This string is fourty characters long.==This string is fourty characters long.==This string is fourty characters long.==This string is fourty characters long.==This string is fourty characters long.==This string is fourty characters long.==This string is fourty characters long.==This string is fourty characters long.==This string is fourty characters long.==This string is fourty characters long.==This string is fourty characters long.==This string is fourty characters long.==This string is fourty characters long.==This string is fourty characters long.==This string is fourty characters long.==This string is fourty characters long.==This string is fourty characters long.==This string is fourty characters long.==This string is fourty characters long.==This string is fourty characters long.==This string is fourty characters long.==This string is fourty characters long.==This string is fourty characters long.==This string is fourty characters long.==This string is fourty characters long.==This string is fourty characters long.==This string is fourty characters long.==This string is fourty characters long.==This string is fourty characters long.==This string is fourty characters long.==This string is fourty characters long.==This string is fourty characters long.==This string is fourty characters long.==This string is fourty characters long.==This string is fourty characters long.==This string is fourty characters long.==This string is fourty characters long.==This string is fourty characters long.==This string is fourty characters long.==This string is fourty characters long.==This string is fourty characters long.==This string is fourty characters long.==This string is fourty characters long.==This string is fourty characters long.==This string is fourty characters long.==This string is fourty characters long.==This string is fourty characters long.==This string is fourty characters long.==This string is fourty characters long.==This string is fourty characters long.==This string is fourty characters long.==This string is fourty characters long.==This string is fourty characters long.==This string is fourty characters long.==This string is fourty characters long.==This string is fourty characters long.==This string is fourty characters long.==This string is fourty characters long.==This string is fourty characters long.==This string is fourty characters long.==This string is fourty characters long.==This string is fourty characters long.==This string is fourty characters long.==This string is fourty characters long.==This string is fourty characters long.==This string is fourty characters long.==This string is fourty characters long.==This string is fourty characters long.==This string is fourty characters long.==This string is fourty characters long.==This string is fourty characters long.==This string is fourty characters long.==This string is fourty characters long.==This string is fourty characters long.==This string is fourty characters long.==This string is fourty characters long.==This string is fourty characters long.==This string is fourty characters long.==This string is fourty characters long.==This string is fourty characters long.==This string is fourty characters long.==This string is fourty characters long.==This string is fourty characters long.==This string is fourty characters long.==This string is fourty characters long.==This string is fourty characters long.==This string is fourty characters long.==This string is fourty characters long.==This string is fourty characters long.==This string is fourty characters long.==This string is fourty characters long.==This string is fourty characters long.==This string is fourty characters long.==This string is fourty characters long.==This string is fourty characters long.==This string is fourty characters long.==This string is fourty characters long.==This string is fourty characters long.==This string is fourty characters long.==This string is fourty characters long.==This string is fourty characters long.==This string is fourty characters long.==This string is fourty characters long.==This string is fourty characters long.==This string is fourty characters long.==This string is fourty characters long.==This string is fourty characters long.==This string is fourty characters long.==This string is fourty characters long.==This string is fourty characters long.==This string is fourty characters long.==This string is fourty characters long.==This string is fourty characters long.==This string is fourty characters long.==This string is fourty characters long.==This string is fourty characters long.==This string is fourty characters long.==This string is fourty characters long.==This string is fourty characters long.==This string is fourty characters long.==This string is fourty characters long.==This string is fourty characters long.==This string is fourty characters long.==This string is fourty characters long.==This string is fourty characters long.==This string is fourty characters long.==This string is fourty characters long.==This string is fourty characters long.==This string is fourty characters long.==This string is fourty characters long.==This string is fourty characters long.==This string is fourty characters long.==This string is fourty characters long.==This string is fourty characters long.==This string is fourty characters long.==This string is fourty characters long.==This string is fourty characters long.==This string is fourty characters long.==This string is fourty characters long.==This string is fourty characters long.==This string is fourty characters long.==This string is fourty characters long.==This string is fourty characters long.==This string is fourty characters long.==This string is fourty characters long.==This string is fourty characters long.==This string is fourty characters long.==This string is fourty characters long.==This string is fourty characters long.==This string is fourty characters long.==This string is fourty characters long.==This string is fourty characters long.==This string is fourty characters long.==This string is fourty characters long.==This string is fourty characters long.==This string is fourty characters long.==This string is fourty characters long.==This string is fourty characters long.==This string is fourty characters long.==This string is fourty characters long.==This string is fourty characters long.==This string is fourty characters long.==This string is fourty characters long.==This string is fourty characters long.==This string is fourty characters long.==This string is fourty characters long.==This string is fourty characters long.==This string is fourty characters long.==This string is fourty characters long.==This string is fourty characters long.==This string is fourty characters long.==This string is fourty characters long.==This string is fourty characters long.==This string is fourty characters long.==This string is fourty characters long.==This string is fourty characters long.==This string is fourty characters long.==This string is fourty characters long.==This string is fourty characters long.==This string is fourty characters long.==This string is fourty characters long.==This string is fourty characters long.==This string is fourty characters long.==This string is fourty characters long.==This string is fourty characters long.==This string is fourty characters long.==This string is fourty characters long.==This string is fourty characters long.==This string is fourty characters long.==This string is fourty characters long.==This string is fourty characters long.==This string is fourty characters long.==This string is fourty characters long.==This string is fourty characters long.==This string is fourty characters long.==This string is fourty characters long.==This string is fourty characters long.==This string is fourty characters long.==This string is fourty characters long.==This string is fourty characters long.==This string is fourty characters long.==This string is fourty characters long.==This string is fourty characters long.==This string is fourty characters long.==This string is fourty characters long.==This string is fourty characters long.==This string is fourty characters long.==This string is fourty characters long.==This string is fourty characters long.==This string is fourty characters long.==This string is fourty characters long.==This string is fourty characters long.==This string is fourty characters long.==This string is fourty characters long.==This string is fourty characters long.==This string is fourty characters long.==This string is fourty characters long.==This string is fourty characters long.==This string is fourty characters long.==This string is fourty characters long.==This string is fourty characters long.==This string is fourty characters long.==This string is fourty characters long.==This string is fourty characters long.==This string is fourty characters long.==This string is fourty characters long.==This string is fourty characters long.==This string is fourty characters long.==This string is fourty characters long.==This string is fourty characters long.==This string is fourty characters long.==This string is fourty characters long.==This string is fourty characters long.==This string is fourty characters long.==This string is fourty characters long.==This string is fourty characters long.==This string is fourty characters long.==This string is fourty characters long.==This string is fourty characters long.==This string is fourty characters long.==This string is fourty characters long.==This string is fourty characters long.==This string is fourty characters long.==This string is fourty characters long.==This string is fourty characters long.==This string is fourty characters long.==This string is fourty characters long.==This string is fourty characters long.==This string is fourty characters long.==This string is fourty characters long.==This string is fourty characters long.==This string is fourty characters long.==This string is fourty characters long.==This string is fourty characters long.==This string is fourty characters long.==This string is fourty characters long.==This string is fourty characters long.==This string is fourty characters long.==This string is fourty characters long.==This string is fourty characters long.==This string is fourty characters long.==This string is fourty characters long.==This string is fourty characters long.==This string is fourty characters long.==This string is fourty characters long.==This string is fourty characters long.==This string is fourty characters long.==This string is fourty characters long.==This string is fourty characters long.==This string is fourty characters long.==This string is fourty characters long.==This string is fourty characters long.==This string is fourty characters long.==This string is fourty characters long.==This string is fourty characters long.==This string is fourty characters long.==This string is fourty characters long.==This string is fourty characters long.==This string is fourty characters long.==This string is fourty characters long.==This string is fourty characters long.==This string is fourty characters long.==This string is fourty characters long.==This string is fourty characters long.==This string is fourty characters long.==This string is fourty characters long.==This string is fourty characters long.==This string is fourty characters long.==This string is fourty characters long.==This string is fourty characters long.==This string is fourty characters long.==This string is fourty characters long.==This string is fourty characters long.==This string is fourty characters long.==This string is fourty characters long.==This string is fourty characters long.==This string is fourty characters long.==This string is fourty characters long.==This string is fourty characters long.==This string is fourty characters long.==This string is fourty characters long.==This string is fourty characters long.==This string is fourty characters long.==This string is fourty characters long.==This string is fourty characters long.==This string is fourty characters long.==This string is fourty characters long.==This string is fourty characters long.==This string is fourty characters long.==This string is fourty characters long.==This string is fourty characters long.==This string is fourty characters long.==This string is fourty characters long.==This string is fourty characters long.==This string is fourty characters long.==This string is fourty characters long.==This string is fourty characters long.==This string is fourty characters long.==This string is fourty characters long.==This string is fourty characters long.==This string is fourty characters long.==This string is fourty characters long.==This string is fourty characters long.==This string is fourty characters long.==This string is fourty characters long.==This string is fourty characters long.==This string is fourty characters long.==This string is fourty characters long.==This string is fourty characters long.==This string is fourty characters long.==This string is fourty characters long.==This string is fourty characters long.==This string is fourty characters long.==This string is fourty characters long.==This string is fourty characters long.==This string is fourty characters long.==This string is fourty characters long.==This string is fourty characters long.==This string is fourty characters long.==This string is fourty characters long.==This string is fourty characters long.==This string is fourty characters long.==This string is fourty characters long.==This string is fourty characters long.==This string is fourty characters long.==This string is fourty characters long.==This string is fourty characters long.==This string is fourty characters long.==This string is fourty characters long.==This string is fourty characters long.==This string is fourty characters long.==This string is fourty characters long.==This string is fourty characters long.==This string is fourty characters long.==This string is fourty characters long.==This string is fourty characters long.==This string is fourty characters long.==This string is fourty characters long.==This string is fourty characters long.==This string is fourty characters long.==This string is fourty characters long.==This string is fourty characters long.==This string is fourty characters long.==This string is fourty characters long.==This string is fourty characters long.==This string is fourty characters long.==This string is fourty characters long.==This string is fourty characters long.==This string is fourty characters long.==This string is fourty characters long.==This string is fourty characters long.==This string is fourty characters long.==This string is fourty characters long.==This string is fourty characters long.==This string is fourty characters long.==This string is fourty characters long.==This string is fourty characters long.==This string is fourty characters long.==This string is fourty characters long.==This string is fourty characters long.==This string is fourty characters long.==This string is fourty characters long.==This string is fourty characters long.==This string is fourty characters long.==This string is fourty characters long.==This string is fourty characters long.==This string is fourty characters long.==This string is fourty characters long.==This string is fourty characters long.==This string is fourty characters long.==This string is fourty characters long.==This string is fourty characters long.==This string is fourty characters long.==This string is fourty characters long.==This string is fourty characters long.==This string is fourty characters long.==This string is fourty characters long.==This string is fourty characters long.==This string is fourty characters long.==This string is fourty characters long.==This string is fourty characters long.==This string is fourty characters long.==This string is fourty characters long.==This string is fourty characters long.==This string is fourty characters long.==This string is fourty characters long.==This string is fourty characters long.==This string is fourty characters long.==This string is fourty characters long.==This string is fourty characters long.==This string is fourty characters long.==This string is fourty characters long.==This string is fourty characters long.==This string is fourty characters long.==This string is fourty characters long.==This string is fourty characters long.==This string is fourty characters long.==This string is fourty characters long.==This string is fourty characters long.==This string is fourty characters long.==This string is fourty characters long.==This string is fourty characters long.==This string is fourty characters long.==This string is fourty characters long.==This string is fourty characters long.==This string is fourty characters long.==This string is fourty characters long.==This string is fourty characters long.==This string is fourty characters long.==This string is fourty characters long.==This string is fourty characters long.==This string is fourty characters long.==This string is fourty characters long.==This string is fourty characters long.==This string is fourty characters long.==This string is fourty characters long.==This string is fourty characters long.==This string is fourty characters long.==This string is fourty characters long.==This string is fourty characters long.==This string is fourty characters long.==This string is fourty characters long.==This string is fourty characters long.==This string is fourty characters long.==This string is fourty characters long.==This string is fourty characters long.==This string is fourty characters long.==This string is fourty characters long.==This string is fourty characters long.==This string is fourty characters long.==This string is fourty characters long.==This string is fourty characters long.==This string is fourty characters long.==This string is fourty characters long.==This string is fourty characters long.==This string is fourty characters long.==This string is fourty characters long.==This string is fourty characters long.==This string is fourty characters long.==This string is fourty characters long.==This string is fourty characters long.==This string is fourty characters long.==This string is fourty characters long.==This string is fourty characters long.==This string is fourty characters long.==This string is fourty characters long.==This string is fourty characters long.==This string is fourty characters long.==This string is fourty characters long.==This string is fourty characters long.==This string is fourty characters long.==This string is fourty characters long.==This string is fourty characters long.==This string is fourty characters long.==This string is fourty characters long.==This string is fourty characters long.==This string is fourty characters long.==This string is fourty characters long.==This string is fourty characters long.==This string is fourty characters long.==This string is fourty characters long.==This string is fourty characters long.==This string is fourty characters long.==This string is fourty characters long.==This string is fourty characters long.==This string is fourty characters long.==This string is fourty characters long.==This string is fourty characters long.==This string is fourty characters long.==This string is fourty characters long.==This string is fourty characters long.==This string is fourty characters long.==This string is fourty characters long.==This string is fourty characters long.==This string is fourty characters long.==This string is fourty characters long.==This string is fourty characters long.==This string is fourty characters long.=
"
read(/40k.txt, 24576 bytes, @+16384) -> 24576
trying to get inode 0
/ was a valid directory!
trying to get inode 0
trying to get inode 2
getattr(/40k.txt) [2] -> {mode: 100644, size: 40001}
open(/40k.txt)
ioctl(/40k.txt, 21505, ...) -> -1
trying to get inode 0
trying to get inode 0
trying to get inode 2
reading: "fourty characters long.==This string is fourty characters long.==This string is fourty characters long.==This string is fourty characters long.==This string is fourty characters long.==This string is fourty characters long.==This string is fourty characters long.==This string is fourty characters long.==This string is fourty characters long.==This string is fourty characters long.==This string is fourty characters long.==This string is fourty characters long.==This string is fourty characters long.==This string is fourty characters long.==This string is fourty characters long.==This string is fourty characters long.==This string is fourty characters long.==This string is fourty characters long.==This string is fourty characters long.==This string is fourty characters long.==This string is fourty characters long.==This string is fourty characters long.==This string is fourty characters long.==This string is fourty characters long.==This string is fourty characters long.==This string is fourty characters long.==This string is fourty characters long.==This string is fourty characters long.==This string is fourty characters long.==This string is fourty characters long.==This string is fourty characters long.==This string is fourty characters long.==This string is fourty characters long.==This string is fourty characters long.==This string is fourty characters long.==This string is fourty characters long.==This string is fourty characters long.==This string is fourty characters long.==This string is fourty characters long.==This string is fourty characters long.==This string is fourty characters long.==This string is fourty characters long.==This string is fourty characters long.==This string is fourty characters long.==This string is fourty characters long.==This string is fourty characters long.==This string is fourty characters long.==This string is fourty characters long.==This string is fourty characters long.==This string is fourty characters long.==This string is fourty characters long.==This string is fourty characters long.==This string is fourty characters long.==This string is fourty characters long.==This string is fourty characters long.==This string is fourty characters long.==This string is fourty characters long.==This string is fourty characters long.==This string is fourty characters long.==This string is fourty characters long.==This string is fourty characters long.==This string is fourty characters long.==This string is fourty characters long.==This string is fourty characters long.==This string is fourty characters long.==This string is fourty characters long.==This string is fourty characters long.==This string is fourty characters long.==This string is fourty characters long.==This string is fourty characters long.==This string is fourty characters long.==This string is fourty characters long.==This string is fourty characters long.==This string is fourty characters long.==This string is fourty characters long.==This string is fourty characters long.==This string is fourty characters long.==This string is fourty characters long.==This string is fourty characters long.==This string is fourty characters long.==This string is fourty characters long.==This string is fourty characters long.==This string is fourty characters long.==This string is fourty characters long.==This string is fourty characters long.==This string is fourty characters long.==This string is fourty characters long.==This string is fourty characters long.==This string is fourty characters long.==This string is fourty characters long.==This string is fourty characters long.==This string is fourty characters long.==This string is fourty characters long.==This string is fourty characters long.==This string is fourty characters long.==This string is fourty characters long.==This string is fourty characters long.==This string is fourty characters long.==This string is fourty characters long.==This string is fourty characters long.==This string is fourty characters long.==This string is fourty characters long.==This string is fourty characters long.==This string is fourty characters long.==This string is fourty characters long.==This string is fourty characters long.==This string is fourty characters long.==This string is fourty characters long.==This string is fourty characters long.==This string is fourty characters long.==This string is fourty characters long.==This string is fourty characters long.==This string is fourty characters long.==This string is fourty characters long.==This string is fourty characters long.==This string is fourty characters long.==This string is fourty characters long.==This string is fourty characters long.==This string is fourty characters long.==This string is fourty characters long.==This string is fourty characters long.==This string is fourty characters long.==This string is fourty characters long.==This string is fourty characters long.==This string is fourty characters long.==This string is fourty characters long.==This string is fourty characters long.==This string is fourty characters long.==This string is fourty characters long.==This string is fourty characters long.==This string is fourty characters long.==This string is fourty characters long.==This string is fourty characters long.==This string is fourty characters long.==This string is fourty characters long.==This string is fourty characters long.==This string is fourty characters long.==This string is fourty characters long.==This string is fourty characters long.==This string is fourty characters long.==This string is fourty characters long.==This string is fourty characters long.==This string is fourty characters long.==This string is fourty characters long.==This string is fourty characters long.==This string is fourty characters long.==This string is fourty characters long.==This string is fourty characters long.==This string is fourty characters long.==This string is fourty characters long.==This string is fourty characters long.==This string is fourty characters long.==This string is fourty characters long.==This string is fourty characters long.==This string is fourty characters long.==This string is fourty characters long.==This string is fourty characters long.==This string is fourty characters long.==This string is fourty characters long.==This string is fourty characters long.==This string is fourty characters long.==This string is fourty characters long.==This string is fourty characters long.==This string is fourty characters long.==This string is fourty characters long.==This string is fourty characters long.==This string is fourty characters long.==This string is fourty characters long.==This string is fourty characters long.==This string is fourty characters long.==This string is fourty characters long.==This string is fourty characters long.==This string is fourty characters long.==This string is fourty characters long.==This string is fourty characters long.==This string is fourty characters long.==This string is fourty characters long.==This string is fourty characters long.==This string is fourty characters long.==This string is fourty characters long.==This string is fourty characters long.==This string is fourty characters long.==This string is fourty characters long.==This string is fourty characters long.==This string is fourty characters long.==This string is fourty characters long.==This string is fourty characters long.==This string is fourty characters long.==This string is fourty characters long.==This string is fourty characters long.==This string is fourty characters long.==This string is fourty characters long.==This string is fourty characters long.==This string is fourty characters long.==This string is fourty characters long.==This string is fourty characters long.==This string is fourty characters long.==This string is fourty characters long.==This string is fourty characters long.==This string is fourty characters long.==This string is fourty characters long.==This string is fourty characters long.==This string is fourty characters long.==This string is fourty characters long.==This string is fourty characters long.==This string is fourty characters long.==This string is fourty characters long.==This string is fourty characters long.==This string is fourty characters long.==This string is fourty characters long.==This string is fourty characters long.==This string is fourty characters long.==This string is fourty characters long.==This string is fourty characters long.==This string is fourty characters long.==This string is fourty characters long.==This string is fourty characters long.==This string is fourty characters long.==This string is fourty characters long.==This string is fourty characters long.==This string is fourty characters long.==This string is fourty characters long.==This string is fourty characters long.==This string is fourty characters long.==This string is fourty characters long.==This string is fourty characters long.==This string is fourty characters long.==This string is fourty characters long.==This string is fourty characters long.==This string is fourty characters long.==This string is fourty characters long.==This string is fourty characters long.==This string is fourty characters long.==This string is fourty characters long.==This string is fourty characters long.==This string is fourty characters long.==This string is fourty characters long.==This string is fourty characters long.==This string is fourty characters long.==This string is fourty characters long.==This string is fourty characters long.==This string is fourty characters long.==This string is fourty characters long.==This string is fourty characters long.==This string is fourty characters long.==This string is fourty characters long.==This string is fourty characters long.==This string is fourty characters long.==This string is fourty characters long.==This string is fourty characters long.==This string is fourty characters long.==This string is fourty characters long.==This string is fourty characters long.==This string is fourty characters long.==This string is fourty characters long.==This string is fourty characters long.==This string is fourty characters long.==This string is fourty characters long.==This string is fourty characters long.==This string is fourty characters long.==This string is fourty characters long.==This string is fourty characters long.==This string is fourty characters long.==This string is fourty characters long.==This string is fourty characters long.==This string is fourty characters long.==This string is fourty characters long.==This string is fourty characters long.==This string is fourty characters long.==This string is fourty characters long.==This string is fourty characters long.==This string is fourty characters long.==This string is fourty characters long.==This string is fourty characters long.==This string is fourty characters long.==This string is fourty characters long.==This string is fourty characters long.==This string is fourty characters long.==This string is fourty characters long.==This string is fourty characters long.==This string is fourty characters long.==This string is fourty characters long.==This string is fourty characters long.==This string is fourty characters long.==This string is fourty characters long.==This string is fourty characters long.==This string is fourty characters long.==This string is fourty characters long.==This string is fourty characters long.==This string is fourty characters long.==This string is fourty characters long.==This string is fourty characters long.==This string is fourty characters long.==This string is fourty characters long.==This string is fourty characters long.==This string is fourty characters long.==This string is fourty characters long.==This string is fourty characters long.==This string is fourty characters long.==This string is fourty characters long.==This string is fourty characters long.==This string is fourty characters long.==This string is fourty characters long.==This string is fourty characters long.==This string is fourty characters long.==This string is fourty characters long.==This string is fourty characters long.==This string is fourty cs long.=aÈ"
read(/40k.txt, 12288 bytes, @+4096) -> 12288
access(/, 0001)
trying to get inode 0
/ was a valid directory!
trying to get inode 0
file /dir1 doesn't exist
trying to get inode 4
+ alloc_page() -> 10
trying to get inode 0
trying to get inode 4
trying to get inode 0
getting to point where entry is being created
mknod(/dir1, 40755) -> 0 (inum 4)
mkdir(/dir1) -> 0
trying to get inode 0
/ was a valid directory!
trying to get inode 0
trying to get inode 4
getattr(/dir1) [4] -> {mode: 40755, size: 4096}
access(/dir1, 0001)
trying to get inode 0
/dir1 was a valid directory!
trying to get inode 4
file /dir1/dir2 doesn't exist
trying to get inode 5
+ alloc_page() -> 11
trying to get inode 0
trying to get inode 5
trying to get inode 4
getting to point where entry is being created
mknod(/dir1/dir2, 40755) -> 0 (inum 5)
mkdir(/dir1/dir2) -> 0
trying to get inode 0
/dir1 was a valid directory!
trying to get inode 4
trying to get inode 5
getattr(/dir1/dir2) [5] -> {mode: 40755, size: 4096}
access(/dir1/dir2, 0001)
trying to get inode 0
/dir1/dir2 isn't a valid directory
trying to get inode 6
+ alloc_page() -> 12
trying to get inode 0
trying to add something to an invalid dirctory
mkdir(/dir1/dir2/dir3) -> -2
trying to get inode 0
/dir1/dir2 isn't a valid directory
trying to get inode 0
/dir1/dir2 isn't a valid directory
trying to get inode 0
/dir1/dir2 isn't a valid directory
trying to get inode 0
/ was a valid directory!
trying to get inode 0
file /numbers doesn't exist
trying to get inode 7
+ alloc_page() -> 13
trying to get inode 0
trying to get inode 7
trying to get inode 0
getting to point where entry is being created
mknod(/numbers, 40755) -> 0 (inum 7)
mkdir(/numbers) -> 0
trying to get inode 0
/ was a valid directory!
trying to get inode 0
trying to get inode 7
getattr(/numbers) [7] -> {mode: 40755, size: 4096}
trying to get inode 0
/numbers was a valid directory!
trying to get inode 7
file /numbers/1.num doesn't exist
trying to get inode 8
+ alloc_page() -> 14
trying to get inode 0
trying to get inode 8
trying to get inode 7
getting to point where entry is being created
mknod(/numbers/1.num, 100644) -> 0 (inum 8)
trying to get inode 0
/numbers was a valid directory!
trying to get inode 7
trying to get inode 8
getattr(/numbers/1.num) [8] -> {mode: 100644, size: 0}
open(/numbers/1.num)
ioctl(/numbers/1.num, 21505, ...) -> -1
entering write
trying to get inode 0
trying to get inode 7
trying to get inode 8
wrote: "1
umbers/1.num"
write(/numbers/1.num, 2 bytes, @+0) -> 2
trying to get inode 0
/numbers was a valid directory!
trying to get inode 7
file /numbers/2.num doesn't exist
trying to get inode 9
+ alloc_page() -> 15
trying to get inode 0
trying to get inode 9
trying to get inode 7
getting to point where entry is being created
mknod(/numbers/2.num, 100644) -> 0 (inum 9)
trying to get inode 0
/numbers was a valid directory!
trying to get inode 7
trying to get inode 9
getattr(/numbers/2.num) [9] -> {mode: 100644, size: 0}
open(/numbers/2.num)
ioctl(/numbers/2.num, 21505, ...) -> -1
entering write
trying to get inode 0
trying to get inode 7
trying to get inode 9
wrote: "2
urty characters long.==This string is fourty characters long.==This string is fourty characters long.==This string is fourty characters long.==This string is fourty characters long.==This string is fourty characters long.==This string is fourty characters long.==This string is fourty characters long.==This string is fourty characters long.==This string is fourty characters long.==This string is fourty characters long.==This string is fourty characters long.==This string is fourty characters long.==This string is fourty characters long.==This string is fourty characters long.==This string is fourty characters long.==This string is fourty characters long.==This string is fourty characters long.==This string is fourty characters long.==This string is fourty characters long.==This string is fourty characters long.==This string is fourty characters long.==This string is fourty characters long.==This string is fourty characters long.==This string is fourty characters long.==This string is fourty characters long.==This string is fourty characters long.==This string is fourty characters long.==This string is fourty characters long.==This string is fourty characters long.==This string is fourty characters long.==This string is fourty characters long.==This string is fourty characters long.==This string is fourty characters long.==This string is fourty characters long.==This string is fourty characters long.==This string is fourty characters long.==This string is fourty characters long.==This string is fourty characters long.==This string is fourty characters long.==This string is fourty characters long.==This string is fourty characters long.==This string is fourty characters long.==This string is fourty characters long.==This string is fourty characters long.==This string is fourty characters long.==This string is fourty characters long.==This string is fourty characters long.==This string is fourty characters long.==This string is fourty characters long.==This string is fourty characters long.==This string is fourty characters long.==This string is fourty characters long.==This string is fourty characters long.==This string is fourty characters long.==This string is fourty characters long.==This string is fourty characters long.==This string is fourty characters long.==This string is fourty characters long.==This string is fourty characters long.==This string is fourty characters long.==This string is fourty characters long.==This string is fourty characters long.==This string is fourty characters long.==This string is fourty characters long.==This string is fourty characters long.==This string is fourty characters long.==This string is fourty characters long.==This string is fourty characters long.==This string is fourty characters long.==This string is fourty characters long.==This string is fourty characters long.==This string is fourty characters long.==This string is fourty characters long.==This string is fourty characters long.==This string is fourty characters long.==This string is fourty characters long.==This string is fourty characters long.==This string is fourty characters long.==This string is fourty characters long.==This string is fourty characters long.==This string is fourty characters long.==This string is fourty characters long.==This string is fourty characters long.==This string is fourty characters long.==This string is fourty characters long.==This string is fourty characters long.==This string is fourty characters long.==This string is fourty characters long.==This string is fourty characters long.==This string is fourty characters long.==This string is fourty characters long.==This string is fourty characters long.==This string is fourty characters long.==This string is fourty characters long.==This string is fourty characters long.==This string is fourty characters long.==This string is fourty characters long.==This string is fourty characters long.==This string is fourty characters long.==This string is fourty characters long.==This string is fourty characters long.==This string is fourty characters long.==This string is fourty characters long.==This string is fourty characters long.==This string is fourty characters long.==This string is fourty characters long.==This string is fourty characters long.==This string is fourty characters long.==This string is fourty characters long.==This string is fourty characters long.==This string is fourty characters long.==This string is fourty characters long.==This string is fourty characters long.==This string is fourty characters long.==This string is fourty characters long.==This string is fourty characters long.==This string is fourty characters long.==This string is fourty characters long.==This string is fourty characters long.==This string is fourty characters long.==This string is fourty characters long.==This string is fourty characters long.==This string is fourty characters long.==This string is fourty characters long.==This string is fourty characters long.==This string is fourty characters long.==This string is fourty characters long.==This string is fourty characters long.==This string is fourty characters long.==This string is fourty characters long.==This string is fourty characters long.==This string is fourty characters long.==This string is fourty characters long.==This string is fourty characters long.==This string is fourty characters long.==This string is fourty characters long.==This string is fourty characters long.==This string is fourty characters long.==This string is fourty characters long.==This string is fourty characters long.==This string is fourty characters long.==This string is fourty characters long.==This string is fourty characters long.==This string is fourty characters long.==This string is fourty characters long.==This string is fourty characters long.==This string is fourty characters long.==This string is fourty characters long.==This string is fourty characters long.==This string is fourty characters long.==This string is fourty characters long.==This string is fourty characters long.==This string is fourty characters long.==This string is fourty characters long.==This string is fourty characters long.==This string is fourty characters long.==This string is fourty characters long.==This string is fourty characters long.==This string is fourty characters long.==This string is fourty characters long.==This string is fourty characters long.==This string is fourty characters long.==This string is fourty characters long.==This string is fourty characters long.==This string is fourty characters long.==This string is fourty characters long.==This string is fourty characters long.==This string is fourty characters long.==This string is fourty characters long.==This string is fourty characters long.==This string is fourty characters long.==This string is fourty characters long.==This string is fourty characters long.==This string is fourty characters long.==This string is fourty characters long.==This string is fourty characters long.==This string is fourty characters long.==This string is fourty characters long.==This string is fourty characters long.==This string is fourty characters long.==This string is fourty characters long.==This string is fourty characters long.==This string is fourty characters long.==This string is fourty characters long.==This string is fourty characters long.==This string is fourty characters long.==This string is fourty characters long.==This string is fourty characters long.==This string is fourty characters long.==This string is fourty characters long.==This string is fourty characters long.==This string is fourty characters long.==This string is fourty characters long.==This string is fourty characters long.==This string is fourty characters long.==This string is fourty characters long.==This string is fourty characters long.==This string is fourty characters long.==This string is fourty characters long.==This string is fourty characters long.==This string is fourty characters long.==This string is fourty characters long.==This string is fourty characters long.==This string is fourty characters long.==This string is fourty characters long.==This string is fourty characters long.==This string is fourty characters long.==This string is fourty characters long.==This string is fourty characters long.==This string is fourty characters long.==This string is fourty characters long.==This string is fourty characters long.==This string is fourty characters long.==This string is fourty characters long.==This string is fourty characters long.==This string is fourty characters long.==This string is fourty characters long.==This string is fourty characters long.==This string is fourty characters long.==This string is fourty characters long.==This string is fourty characters long.==This string is fourty characters long.==This string is fourty characters long.==This string is fourty characters long.==This string is fourty characters long.==This string is fourty characters long.==This string is fourty characters long.==This string is fourty characters long.==This string is fourty characters long.==This string is fourty characters long.==This string is fourty characters long.==This string is fourty characters long.==This string is fourty characters long.==This string is fourty characters long.==This string is fourty characters long.==This string is fourty characters long.==This string is fourty characters long.==This string is fourty characters long.==This string is fourty characters long.==This string is fourty characters long.==This string is fourty characters long.==This string is fourty characters long.==This string is fourty characters long.==This string is fourty characters long.==This string is fourty characters long.==This string is fourty characters long.==This string is fourty characters long.==This string is fourty characters long.==This string is fourty characters long.==This string is fourty characters long.==This string is fourty characters long.==This string is fourty characters long.==This string is fourty characters long.==This string is fourty characters long.==This string is fourty characters long.==This string is fourty characters long.==This string is fourty characters long.==This string is fourty characters long.==This string is fourty characters long.==This string is fourty characters long.==This string is fourty characters long.==This string is fourty characters long.==This string is fourty characters long.==This string is fourty characters long.==This string is fourty characters long.==This string is fourty characters long.==This string is fourty characters long.==This string is fourty characters long.==This string is fourty characters long.==This string is fourty characters long.==This string is fourty characters long.==This string is fourty characters long.==This string is fourty characters long.==This string is fourty characters long.==This string is fourty characters long.==This string is fourty characters long.==This string is fourty characters long.==This string is fourty characters long.==This string is fourty characters long.==This string is fourty characters long.==This string is fourty characters long.==This string is fourty characters long.==This string is fourty characters long.==This string is fourty characters long.==This string is fourty characters long.==This string is fourty characters long.==This string is fourty characters long.==This string is fourty characters long.==This string is fourty characters long.==This string is fourty characters long.==This string is fourty characters long.==This string is fourty characters long.==This string is fourty characters long.==This string is fourty characters long.==This string is fourty characters long.==This string is fourty characters long.==This string is fourty characters long.==This string is fourty characters long.==This string is fourty characters long.==This string is fourty characters long.==This string is fourty characters long.==This string is fourty characters long.==This string is fourty characters long.==This string is fourty characters long.==This string is fourty characters long.==This string is fourty characters long.==This string is fourty characters long.==This string is fourty characters long.==This string is fourty characters long.==This string is fourty characters long.==This string is fourty characters long.==This string is fourty characters long.==This string is fourty characters long.==This string is fourty characters long.==This string is fourty characters long.==This string is fourty characters long.==This string is fourty characters long.==This string is fourty characters long.==This string is fourty characters long.==This string is fourty characters long.==This string is fourty characters long.==This string is fourty characters long.==This string is fourty characters long.==This string is fourty characters long.==This string is fourty characters long.==This string is fourty characters long.==This string is fourty characters long.==This string is fourty characters long.==This string is fourty characters long.==This string is fourty characters long.==This string is fourty characters long.==This string is fourty characters long.==This string is fourty characters long.==This string is fourty characters long.==This string is fourty characters long.==This string is fourty characters long.==This string is fourty characters long.==This string is fourty characters long.==This string is fourty characters long.==This string is fourty characters long.==This string is fourty characters long.==This string is fourty characters long.==This string is fourty characters long.==This string is fourty characters long.==This string is fourty characters long.==This string is fourty characters long.==This string is fourty characters long.==This string is fourty characters long.==This string is fourty characters long.==This string is fourty characters long.==This string is fourty characters long.==This string is fourty characters long.==This string is fourty characters long.==This string is fourty characters long.==This string is fourty characters long.==This string is fourty characters long.==This string is fourty characters long.==This string is fourty characters long.==This string is fourty characters long.==This string is fourty characters long.==This string is fourty characters long.==This string is fourty characters long.==This string is fourty characters long.==This string is fourty characters long.==This string is fourty characters long.==This string is fourty characters long.==This string is fourty characters long.==This string is fourty characters long.==This string is fourty characters long.==This string is fourty characters long.==This string is fourty characters long.==This string is fourty characters long.==This string is fourty characters long.==This string is fourty characters long.==This string is fourty characters long.==This string is fourty characters long.==This string is fourty characters long.==This string is fourty characters long.==This string is fourty characters long.==This string is fourty characters long.==This string is fourty characters long.==This string is fourty characters long.==This string is fourty characters long.==This string is fourty characters long.==This string is fourty characters long.=
"
write(/numbers/2.num, 2 bytes, @+0) -> 2
trying to get inode 0
/numbers was a valid directory!
trying to get inode 7
file /numbers/3.num doesn't exist
trying to get inode 10
+ alloc_page() -> 16
trying to get inode 0
trying to get inode 10
trying to get inode 7
getting to point where entry is being created
mknod(/numbers/3.num, 100644) -> 0 (inum 10)
trying to get inode 0
/numbers was a valid directory!
trying to get inode 7
trying to get inode 10
getattr(/numbers/3.num) [10] -> {mode: 100644, size: 0}
open(/numbers/3.num)
ioctl(/numbers/3.num, 21505, ...) -> -1
entering write
trying to get inode 0
trying to get inode 7
trying to get inode 10
wrote: "3
long.==This string is fourty characters long.==This string is fourty characters long.==This string is fourty characters long.==This string is fourty characters long.==This string is fourty characters long.==This string is fourty characters long.==This string is fourty characters long.==This string is fourty characters long.==This string is fourty characters long.==This string is fourty characters long.==This string is fourty characters long.==This string is fourty characters long.==This string is fourty characters long.==This string is fourty characters long.==This string is fourty characters long.==This string is fourty characters long.==This string is fourty characters long.==This string is fourty characters long.==This string is fourty characters long.==This string is fourty characters long.==This string is fourty characters long.==This string is fourty characters long.==This string is fourty characters long.==This string is fourty characters long.==This string is fourty characters long.==This string is fourty characters long.==This string is fourty characters long.==This string is fourty characters long.==This string is fourty characters long.==This string is fourty characters long.==This string is fourty characters long.==This string is fourty characters long.==This string is fourty characters long.==This string is fourty characters long.==This string is fourty characters long.==This string is fourty characters long.==This string is fourty characters long.==This string is fourty characters long.==This string is fourty characters long.==This string is fourty characters long.==This string is fourty characters long.==This string is fourty characters long.==This string is fourty characters long.==This string is fourty characters long.==This string is fourty characters long.==This string is fourty characters long.==This string is fourty characters long.==This string is fourty characters long.==This string is fourty characters long.==This string is fourty characters long.==This string is fourty characters long.==This string is fourty characters long.==This string is fourty characters long.==This string is fourty characters long.==This string is fourty characters long.==This string is fourty characters long.==This string is fourty characters long.==This string is fourty characters long.==This string is fourty characters long.==This string is fourty characters long.==This string is fourty characters long.==This string is fourty characters long.==This string is fourty characters long.==This string is fourty characters long.==This string is fourty characters long.==This string is fourty characters long.==This string is fourty characters long.==This string is fourty characters long.==This string is fourty characters long.==This string is fourty characters long.==This string is fourty characters long.==This string is fourty characters long.==This string is fourty characters long.==This string is fourty characters long.==This string is fourty characters long.==This string is fourty characters long.==This string is fourty characters long.==This string is fourty characters long.==This string is fourty characters long.==This string is fourty characters long.==This string is fourty characters long.==This string is fourty characters long.==This string is fourty characters long.==This string is fourty characters long.==This string is fourty characters long.==This string is fourty characters long.==This string is fourty characters long.==This string is fourty characters long.==This string is fourty characters long.==This string is fourty characters long.==This string is fourty characters long.==This string is fourty characters long.==This string is fourty characters long.==This string is fourty characters long.==This string is fourty characters long.==This string is fourty characters long.==This string is fourty characters long.==This string is fourty characters long.==This string is fourty characters long.==This string is fourty characters long.==This string is fourty characters long.==This string is fourty characters long.==This string is fourty characters long.==This string is fourty characters long.==This string is fourty characters long.==This string is fourty characters long.==This string is fourty characters long.==This string is fourty characters long.==This string is fourty characters long.==This string is fourty characters long.==This string is fourty characters long.==This string is fourty characters long.==This string is fourty characters long.==This string is fourty characters long.==This string is fourty characters long.==This string is fourty characters long.==This string is fourty characters long.==This string is fourty characters long.==This string is fourty characters long.==This string is fourty characters long.==This string is fourty characters long.==This string is fourty characters long.==This string is fourty characters long.==This string is fourty characters long.==This string is fourty characters long.==This string is fourty characters long.==This string is fourty characters long.==This string is fourty characters long.==This string is fourty characters long.==This string is fourty characters long.==This string is fourty characters long.==This string is fourty characters long.==This string is fourty characters long.==This string is fourty characters long.==This string is fourty characters long.==This string is fourty characters long.==This string is fourty characters long.==This string is fourty characters long.==This string is fourty characters long.==This string is fourty characters long.==This string is fourty characters long.==This string is fourty characters long.==This string is fourty characters long.==This string is fourty characters long.==This string is fourty characters long.==This string is fourty characters long.==This string is fourty characters long.==This string is fourty characters long.==This string is fourty characters long.==This string is fourty characters long.==This string is fourty characters long.==This string is fourty characters long.==This string is fourty characters long.==This string is fourty characters long.==This string is fourty characters long.==This string is fourty characters long.==This string is fourty characters long.==This string is fourty characters long.==This string is fourty characters long.==This string is fourty characters long.==This string is fourty characters long.==This string is fourty characters long.==This string is fourty characters long.==This string is fourty characters long.==This string is fourty characters long.==This string is fourty characters long.==This string is fourty characters long.==This string is fourty characters long.==This string is fourty characters long.==This string is fourty characters long.==This string is fourty characters long.==This string is fourty characters long.==This string is fourty characters long.==This string is fourty characters long.==This string is fourty characters long.==This string is fourty characters long.==This string is fourty characters long.==This string is fourty characters long.==This string is fourty characters long.==This string is fourty characters long.==This string is fourty characters long.==This string is fourty characters long.==This string is fourty characters long.==This string is fourty characters long.==This string is fourty characters long.==This string is fourty characters long.==This string is fourty characters long.==This string is fourty characters long.==This string is fourty characters long.==This string is fourty characters long.==This string is fourty characters long.==This string is fourty characters long.==This string is fourty characters long.==This string is fourty characters long.==This string is fourty characters long.==This string is fourty characters long.==This string is fourty characters long.==This string is fourty characters long.==This string is fourty characters long.==This string is fourty characters long.==This string is fourty characters long.==This string is fourty characters long.==This string is fourty characters long.==This string is fourty characters long.==This string is fourty characters long.==This string is fourty characters long.==This string is fourty characters long.==This string is fourty characters long.==This string is fourty characters long.==This string is fourty characters long.==This string is fourty characters long.==This string is fourty characters long.==This string is fourty characters long.==This string is fourty characters long.==This string is fourty characters long.==This string is fourty characters long.==This string is fourty characters long.==This string is fourty characters long.==This string is fourty characters long.==This string is fourty characters long.==This string is fourty characters long.==This string is fourty characters long.==This string is fourty characters long.==This string is fourty characters long.==This string is fourty characters long.==This string is fourty characters long.==This string is fourty characters long.==This string is fourty characters long.==This string is fourty characters long.==This string is fourty characters long.==This string is fourty characters long.==This string is fourty characters long.==This string is fourty characters long.==This string is fourty characters long.==This string is fourty characters long.==This string is fourty characters long.==This string is fourty characters long.==This string is fourty characters long.==This string is fourty characters long.==This string is fourty characters long.==This string is fourty characters long.==This string is fourty characters long.==This string is fourty characters long.==This string is fourty characters long.==This string is fourty characters long.==This string is fourty characters long.==This string is fourty characters long.==This string is fourty characters long.==This string is fourty characters long.==This string is fourty characters long.==This string is fourty characters long.==This string is fourty characters long.==This string is fourty characters long.==This string is fourty characters long.==This string is fourty characters long.==This string is fourty characters long.==This string is fourty characters long.==This string is fourty characters long.==This string is fourty characters long.==This string is fourty characters long.==This string is fourty characters long.==This string is fourty characters long.==This string is fourty characters long.==This string is fourty characters long.==This string is fourty characters long.==This string is fourty characters long.==This string is fourty characters long.==This string is fourty characters long.==This string is fourty characters long.==This string is fourty characters long.==This string is fourty characters long.==This string is fourty characters long.==This string is fourty characters long.==This string is fourty characters long.==This string is fourty characters long.==This string is fourty characters long.==This string is fourty characters long.==This string is fourty characters long.==This string is fourty characters long.==This string is fourty characters long.==This string is fourty characters long.==This string is fourty characters long.==This string is fourty characters long.=
"
write(/numbers/3.num, 2 bytes, @+0) -> 2
trying to get inode 0
/numbers was a valid directory!
trying to get inode 7
file /numbers/4.num doesn't exist
trying to get inode 11
+ alloc_page() -> 17
trying to get inode 0
trying to get inode 11
trying to get inode 7
getting to point where entry is being created
mknod(/numbers/4.num, 100644) -> 0 (inum 11)
trying to get inode 0
/numbers was a valid directory!
trying to get inode 7
trying to get inode 11
getattr(/numbers/4.num) [11] -> {mode: 100644, size: 0}
open(/numbers/4.num)
ioctl(/numbers/4.num, 21505, ...) -> -1
entering write
trying to get inode 0
trying to get inode 7
trying to get inode 11
wrote: "4
ng is fourty characters long.==This string is fourty characters long.==This string is fourty characters long.==This string is fourty characters long.==This string is fourty characters long.==This string is fourty characters long.==This string is fourty characters long.==This string is fourty characters long.==This string is fourty characters long.==This string is fourty characters long.==This string is fourty characters long.==This string is fourty characters long.==This string is fourty characters long.==This string is fourty characters long.==This string is fourty characters long.==This string is fourty characters long.==This string is fourty characters long.==This string is fourty characters long.==This string is fourty characters long.==This string is fourty characters long.==This string is fourty characters long.==This string is fourty characters long.==This string is fourty characters long.==This string is fourty characters long.==This string is fourty characters long.==This string is fourty characters long.==This string is fourty characters long.==This string is fourty characters long.==This string is fourty characters long.==This string is fourty characters long.==This string is fourty characters long.==This string is fourty characters long.==This string is fourty characters long.==This string is fourty characters long.==This string is fourty characters long.==This string is fourty characters long.==This string is fourty characters long.==This string is fourty characters long.==This string is fourty characters long.==This string is fourty characters long.==This string is fourty characters long.==This string is fourty characters long.==This string is fourty characters long.==This string is fourty characters long.==This string is fourty characters long.==This string is fourty characters long.==This string is fourty characters long.==This string is fourty characters long.==This string is fourty characters long.==This string is fourty characters long.==This string is fourty characters long.==This string is fourty characters long.==This string is fourty characters long.==This string is fourty characters long.==This string is fourty characters long.==This string is fourty characters long.==This string is fourty characters long.==This string is fourty characters long.==This string is fourty characters long.==This string is fourty characters long.==This string is fourty characters long.==This string is fourty characters long.==This string is fourty characters long.==This string is fourty characters long.==This string is fourty characters long.==This string is fourty characters long.==This string is fourty characters long.==This string is fourty characters long.==This string is fourty characters long.==This string is fourty characters long.==This string is fourty characters long.==This string is fourty characters long.==This string is fourty characters long.==This string is fourty characters long.==This string is fourty characters long.==This string is fourty characters long.==This string is fourty characters long.==This string is fourty characters long.==This string is fourty characters long.==This string is fourty characters long.==This string is fourty characters long.==This string is fourty characters long.==This string is fourty characters long.==This string is fourty characters long.==This string is fourty characters long.==This string is fourty characters long.==This string is fourty characters long.==This string is fourty characters long.==This string is fourty characters long.==This string is fourty characters long.==This string is fourty characters long.==This string is fourty characters long.==This string is fourty characters long.==This string is fourty characters long.==This string is fourty characters long.==This string is fourty characters long.==This string is fourty characters long.==This string is fourty characters long.==This string is fourty characters long.==This string is fourty characters long.==This string is fourty characters long.==This string is fourty characters long.==This string is fourty characters long.==This string is fourty characters long.==This string is fourty characters long.==This string is fourty characters long.==This string is fourty characters long.==This string is fourty characters long.==This string is fourty characters long.==This string is fourty characters long.==This string is fourty characters long.==This string is fourty characters long.==This string is fourty characters long.==This string is fourty characters long.==This string is fourty characters long.==This string is fourty characters long.==This string is fourty characters long.==This string is fourty characters long.==This string is fourty characters long.==This string is fourty characters long.==This string is fourty characters long.==This string is fourty characters long.==This string is fourty characters long.==This string is fourty characters long.==This string is fourty characters long.==This string is fourty characters long.==This string is fourty characters long.==This string is fourty characters long.==This string is fourty characters long.==This string is fourty characters long.==This string is fourty characters long.==This string is fourty characters long.==This string is fourty characters long.==This string is fourty characters long.==This string is fourty characters long.==This string is fourty characters long.==This string is fourty characters long.==This string is fourty characters long.==This string is fourty characters long.==This string is fourty characters long.==This string is fourty characters long.==This string is fourty characters long.==This string is fourty characters long.==This string is fourty characters long.==This string is fourty characters long.==This string is fourty characters long.==This string is fourty characters long.==This string is fourty characters long.==This string is fourty characters long.==This string is fourty characters long.==This string is fourty characters long.==This string is fourty characters long.==This string is fourty characters long.==This string is fourty characters long.==This string is fourty characters long.==This string is fourty characters long.==This string is fourty characters long.==This string is fourty characters long.==This string is fourty characters long.==This string is fourty characters long.==This string is fourty characters long.==This string is fourty characters long.==This string is fourty characters long.==This string is fourty characters long.==This string is fourty characters long.==This string is fourty characters long.==This string is fourty characters long.==This string is fourty characters long.==This string is fourty characters long.==This string is fourty characters long.==This string is fourty characters long.==This string is fourty characters long.==This string is fourty characters long.==This string is fourty characters long.==This string is fourty characters long.==This string is fourty characters long.==This string is fourty characters long.==This string is fourty characters long.==This string is fourty characters long.==This string is fourty characters long.==This string is fourty characters long.=
"
write(/numbers/4.num, 2 bytes, @+0) -> 2
trying to get inode 0
/numbers was a valid directory!
trying to get inode 7
file /numbers/5.num doesn't exist
trying to get inode 12
+ alloc_page() -> 18
trying to get inode 0
trying to get inode 12
trying to get inode 7
getting to point where entry is being created
mknod(/numbers/5.num, 100644) -> 0 (inum 12)
trying to get inode 0
/numbers was a valid directory!
trying to get inode 7
trying to get inode 12
getattr(/numbers/5.num) [12] -> {mode: 100644, size: 0}
open(/numbers/5.num)
ioctl(/numbers/5.num, 21505, ...) -> -1
entering write
trying to get inode 0
trying to get inode 7
trying to get inode 12
wrote: "5
racters long.==This string is fourty characters long.==This string is fourty characters long.==This string is fourty characters long.==This string is fourty characters long.==This string is fourty characters long.==This string is fourty characters long.==This string is fourty characters long.==This string is fourty characters long.==This string is fourty characters long.==This string is fourty characters long.==This string is fourty characters long.==This string is fourty characters long.==This string is fourty characters long.==This string is fourty characters long.==This string is fourty characters long.==This string is fourty characters long.==This string is fourty characters long.==This string is fourty characters long.==This string is fourty characters long.==This string is fourty characters long.==This string is fourty characters long.==This string is fourty characters long.==This string is fourty characters long.==This string is fourty characters long.==This string is fourty characters long.==This string is fourty characters long.==This string is fourty characters long.==This string is fourty characters long.==This string is fourty characters long.==This string is fourty characters long.==This string is fourty characters long.==This string is fourty characters long.==This string is fourty characters long.==This string is fourty characters long.==This string is fourty characters long.==This string is fourty characters long.==This string is fourty characters long.==This string is fourty characters long.==This string is fourty characters long.==This string is fourty characters long.==This string is fourty characters long.==This string is fourty characters long.==This string is fourty characters long.==This string is fourty characters long.==This string is fourty characters long.==This string is fourty characters long.==This string is fourty characters long.==This string is fourty characters long.==This string is fourty characters long.==This string is fourty characters long.==This string is fourty characters long.==This string is fourty characters long.==This string is fourty characters long.==This string is fourty characters long.==This string is fourty characters long.==This string is fourty characters long.==This string is fourty characters long.==This string is fourty characters long.==This string is fourty characters long.==This string is fourty characters long.==This string is fourty characters long.==This string is fourty characters long.==This string is fourty characters long.==This string is fourty characters long.==This string is fourty characters long.==This string is fourty characters long.==This string is fourty characters long.==This string is fourty characters long.==This string is fourty characters long.==This string is fourty characters long.==This string is fourty characters long.==This string is fourty characters long.==This string is fourty characters long.==This string is fourty characters long.==This string is fourty characters long.==This string is fourty characters long.==This string is fourty characters long.==This string is fourty characters long.=
"
write(/numbers/5.num, 2 bytes, @+0) -> 2
trying to get inode 0
/numbers was a valid directory!
trying to get inode 7
file /numbers/6.num doesn't exist
trying to get inode 13
+ alloc_page() -> 19
trying to get inode 0
trying to get inode 13
trying to get inode 7
getting to point where entry is being created
mknod(/numbers/6.num, 100644) -> 0 (inum 13)
trying to get inode 0
/numbers was a valid directory!
trying to get inode 7
trying to get inode 13
getattr(/numbers/6.num) [13] -> {mode: 100644, size: 0}
open(/numbers/6.num)
ioctl(/numbers/6.num, 21505, ...) -> -1
entering write
trying to get inode 0
trying to get inode 7
trying to get inode 13
wrote: "6
"
write(/numbers/6.num, 2 bytes, @+0) -> 2
trying to get inode 0
/numbers was a valid directory!
trying to get inode 7
file /numbers/7.num doesn't exist
trying to get inode 14
+ alloc_page() -> 20
trying to get inode 0
trying to get inode 14
trying to get inode 7
getting to point where entry is being created
mknod(/numbers/7.num, 100644) -> 0 (inum 14)
trying to get inode 0
/numbers was a valid directory!
trying to get inode 7
trying to get inode 14
getattr(/numbers/7.num) [14] -> {mode: 100644, size: 0}
open(/numbers/7.num)
ioctl(/numbers/7.num, 21505, ...) -> -1
entering write
trying to get inode 0
trying to get inode 7
trying to get inode 14
wrote: "7
"
write(/numbers/7.num, 2 bytes, @+0) -> 2
trying to get inode 0
/numbers was a valid directory!
trying to get inode 7
file /numbers/8.num doesn't exist
trying to get inode 15
+ alloc_page() -> 21
trying to get inode 0
trying to get inode 15
trying to get inode 7
getting to point where entry is being created
mknod(/numbers/8.num, 100644) -> 0 (inum 15)
trying to get inode 0
/numbers was a valid directory!
trying to get inode 7
trying to get inode 15
getattr(/numbers/8.num) [15] -> {mode: 100644, size: 0}
open(/numbers/8.num)
ioctl(/numbers/8.num, 21505, ...) -> -1
entering write
trying to get inode 0
trying to get inode 7
trying to get inode 15
wrote: "8
"
write(/numbers/8.num, 2 bytes, @+0) -> 2
trying to get inode 0
/numbers was a valid directory!
trying to get inode 7
file /numbers/9.num doesn't exist
trying to get inode 16
+ alloc_page() -> 22
trying to get inode 0
trying to get inode 16
trying to get inode 7
getting to point where entry is being created
mknod(/numbers/9.num, 100644) -> 0 (inum 16)
trying to get inode 0
/numbers was a valid directory!
trying to get inode 7
trying to get inode 16
getattr(/numbers/9.num) [16] -> {mode: 100644, size: 0}
open(/numbers/9.num)
ioctl(/numbers/9.num, 21505, ...) -> -1
entering write
trying to get inode 0
trying to get inode 7
trying to get inode 16
wrote: "9
"
write(/numbers/9.num, 2 bytes, @+0) -> 2
trying to get inode 0
/numbers was a valid directory!
trying to get inode 7
file /numbers/10.num doesn't exist
trying to get inode 17
+ alloc_page() -> 23
trying to get inode 0
trying to get inode 17
trying to get inode 7
getting to point where entry is being created
mknod(/numbers/10.num, 100644) -> 0 (inum 17)
trying to get inode 0
/numbers was a valid directory!
trying to get inode 7
trying to get inode 17
getattr(/numbers/10.num) [17] -> {mode: 100644, size: 0}
open(/numbers/10.num)
ioctl(/numbers/10.num, 21505, ...) -> -1
entering write
trying to get inode 0
trying to get inode 7
trying to get inode 17
wrote: "10
"
write(/numbers/10.num, 3 bytes, @+0) -> 3
trying to get inode 0
/numbers was a valid directory!
trying to get inode 7
file /numbers/11.num doesn't exist
trying to get inode 18
+ alloc_page() -> 24
trying to get inode 0
trying to get inode 18
trying to get inode 7
getting to point where entry is being created
mknod(/numbers/11.num, 100644) -> 0 (inum 18)
trying to get inode 0
/numbers was a valid directory!
trying to get inode 7
trying to get inode 18
getattr(/numbers/11.num) [18] -> {mode: 100644, size: 0}
open(/numbers/11.num)
ioctl(/numbers/11.num, 21505, ...) -> -1
entering write
trying to get inode 0
trying to get inode 7
trying to get inode 18
wrote: "11
"
write(/numbers/11.num, 3 bytes, @+0) -> 3
trying to get inode 0
/numbers was a valid directory!
trying to get inode 7
file /numbers/12.num doesn't exist
trying to get inode 19
+ alloc_page() -> 25
trying to get inode 0
trying to get inode 19
trying to get inode 7
getting to point where entry is being created
mknod(/numbers/12.num, 100644) -> 0 (inum 19)
trying to get inode 0
/numbers was a valid directory!
trying to get inode 7
trying to get inode 19
getattr(/numbers/12.num) [19] -> {mode: 100644, size: 0}
open(/numbers/12.num)
ioctl(/numbers/12.num, 21505, ...) -> -1
entering write
trying to get inode 0
trying to get inode 7
trying to get inode 19
wrote: "12
"
write(/numbers/12.num, 3 bytes, @+0) -> 3
trying to get inode 0
/numbers was a valid directory!
trying to get inode 7
file /numbers/13.num doesn't exist
trying to get inode 20
+ alloc_page() -> 26
trying to get inode 0
trying to get inode 20
trying to get inode 7
getting to point where entry is being created
mknod(/numbers/13.num, 100644) -> 0 (inum 20)
trying to get inode 0
/numbers was a valid directory!
trying to get inode 7
trying to get inode 20
getattr(/numbers/13.num) [20] -> {mode: 100644, size: 0}
open(/numbers/13.num)
ioctl(/numbers/13.num, 21505, ...) -> -1
entering write
trying to get inode 0
trying to get inode 7
trying to get inode 20
wrote: "13
"
write(/numbers/13.num, 3 bytes, @+0) -> 3
trying to get inode 0
/numbers was a valid directory!
trying to get inode 7
file /numbers/14.num doesn't exist
trying to get inode 21
+ alloc_page() -> 27
trying to get inode 0
trying to get inode 21
trying to get inode 7
getting to point where entry is being created
mknod(/numbers/14.num, 100644) -> 0 (inum 21)
trying to get inode 0
/numbers was a valid directory!
trying to get inode 7
trying to get inode 21
getattr(/numbers/14.num) [21] -> {mode: 100644, size: 0}
open(/numbers/14.num)
ioctl(/numbers/14.num, 21505, ...) -> -1
entering write
trying to get inode 0
trying to get inode 7
trying to get inode 21
wrote: "14
"
write(/numbers/14.num, 3 bytes, @+0) -> 3
trying to get inode 0
/numbers was a valid directory!
trying to get inode 7
file /numbers/15.num doesn't exist
trying to get inode 22
+ alloc_page() -> 28
trying to get inode 0
trying to get inode 22
trying to get inode 7
getting to point where entry is being created
mknod(/numbers/15.num, 100644) -> 0 (inum 22)
trying to get inode 0
/numbers was a valid directory!
trying to get inode 7
trying to get inode 22
getattr(/numbers/15.num) [22] -> {mode: 100644, size: 0}
open(/numbers/15.num)
ioctl(/numbers/15.num, 21505, ...) -> -1
entering write
trying to get inode 0
trying to get inode 7
trying to get inode 22
wrote: "15
"
write(/numbers/15.num, 3 bytes, @+0) -> 3
trying to get inode 0
/numbers was a valid directory!
trying to get inode 7
file /numbers/16.num doesn't exist
trying to get inode 23
+ alloc_page() -> 29
trying to get inode 0
trying to get inode 23
trying to get inode 7
getting to point where entry is being created
mknod(/numbers/16.num, 100644) -> 0 (inum 23)
trying to get inode 0
/numbers was a valid directory!
trying to get inode 7
trying to get inode 23
getattr(/numbers/16.num) [23] -> {mode: 100644, size: 0}
open(/numbers/16.num)
ioctl(/numbers/16.num, 21505, ...) -> -1
entering write
trying to get inode 0
trying to get inode 7
trying to get inode 23
wrote: "16
"
write(/numbers/16.num, 3 bytes, @+0) -> 3
trying to get inode 0
/numbers was a valid directory!
trying to get inode 7
file /numbers/17.num doesn't exist
trying to get inode 24
+ alloc_page() -> 30
trying to get inode 0
trying to get inode 24
trying to get inode 7
getting to point where entry is being created
mknod(/numbers/17.num, 100644) -> 0 (inum 24)
trying to get inode 0
/numbers was a valid directory!
trying to get inode 7
trying to get inode 24
getattr(/numbers/17.num) [24] -> {mode: 100644, size: 0}
open(/numbers/17.num)
ioctl(/numbers/17.num, 21505, ...) -> -1
entering write
trying to get inode 0
trying to get inode 7
trying to get inode 24
wrote: "17
"
write(/numbers/17.num, 3 bytes, @+0) -> 3
trying to get inode 0
/numbers was a valid directory!
trying to get inode 7
file /numbers/18.num doesn't exist
trying to get inode 25
+ alloc_page() -> 31
trying to get inode 0
trying to get inode 25
trying to get inode 7
getting to point where entry is being created
mknod(/numbers/18.num, 100644) -> 0 (inum 25)
trying to get inode 0
/numbers was a valid directory!
trying to get inode 7
trying to get inode 25
getattr(/numbers/18.num) [25] -> {mode: 100644, size: 0}
open(/numbers/18.num)
ioctl(/numbers/18.num, 21505, ...) -> -1
entering write
trying to get inode 0
trying to get inode 7
trying to get inode 25
wrote: "18
"
write(/numbers/18.num, 3 bytes, @+0) -> 3
trying to get inode 0
/numbers was a valid directory!
trying to get inode 7
file /numbers/19.num doesn't exist
trying to get inode 26
+ alloc_page() -> 64
trying to get inode 0
trying to get inode 26
trying to get inode 7
getting to point where entry is being created
mknod(/numbers/19.num, 100644) -> 0 (inum 26)
trying to get inode 0
/numbers was a valid directory!
trying to get inode 7
trying to get inode 26
getattr(/numbers/19.num) [26] -> {mode: 100644, size: 0}
open(/numbers/19.num)
ioctl(/numbers/19.num, 21505, ...) -> -1
entering write
trying to get inode 0
trying to get inode 7
trying to get inode 26
wrote: "19
"
write(/numbers/19.num, 3 bytes, @+0) -> 3
trying to get inode 0
/numbers was a valid directory!
trying to get inode 7
file /numbers/20.num doesn't exist
trying to get inode 27
+ alloc_page() -> 65
trying to get inode 0
trying to get inode 27
trying to get inode 7
getting to point where entry is being created
mknod(/numbers/20.num, 100644) -> 0 (inum 27)
trying to get inode 0
/numbers was a valid directory!
trying to get inode 7
trying to get inode 27
getattr(/numbers/20.num) [27] -> {mode: 100644, size: 0}
open(/numbers/20.num)
ioctl(/numbers/20.num, 21505, ...) -> -1
entering write
trying to get inode 0
trying to get inode 7
trying to get inode 27
wrote: "20
"
write(/numbers/20.num, 3 bytes, @+0) -> 3
trying to get inode 0
/numbers was a valid directory!
trying to get inode 7
file /numbers/21.num doesn't exist
trying to get inode 28
+ alloc_page() -> 66
trying to get inode 0
trying to get inode 28
trying to get inode 7
getting to point where entry is being created
mknod(/numbers/21.num, 100644) -> 0 (inum 28)
trying to get inode 0
/numbers was a valid directory!
trying to get inode 7
trying to get inode 28
getattr(/numbers/21.num) [28] -> {mode: 100644, size: 0}
open(/numbers/21.num)
ioctl(/numbers/21.num, 21505, ...) -> -1
entering write
trying to get inode 0
trying to get inode 7
trying to get inode 28
wrote: "21
"
write(/numbers/21.num, 3 bytes, @+0) -> 3
trying to get inode 0
/numbers was a valid directory!
trying to get inode 7
file /numbers/22.num doesn't exist
trying to get inode 29
+ alloc_page() -> 67
trying to get inode 0
trying to get inode 29
trying to get inode 7
getting to point where entry is being created
mknod(/numbers/22.num, 100644) -> 0 (inum 29)
trying to get inode 0
/numbers was a valid directory!
trying to get inode 7
trying to get inode 29
getattr(/numbers/22.num) [29] -> {mode: 100644, size: 0}
open(/numbers/22.num)
ioctl(/numbers/22.num, 21505, ...) -> -1
entering write
trying to get inode 0
trying to get inode 7
trying to get inode 29
wrote: "22
"
write(/numbers/22.num, 3 bytes, @+0) -> 3
trying to get inode 0
/numbers was a valid directory!
trying to get inode 7
file /numbers/23.num doesn't exist
trying to get inode 30
+ alloc_page() -> 68
trying to get inode 0
trying to get inode 30
trying to get inode 7
getting to point where entry is being created
mknod(/numbers/23.num, 100644) -> 0 (inum 30)
trying to get inode 0
/numbers was a valid directory!
trying to get inode 7
trying to get inode 30
getattr(/numbers/23.num) [30] -> {mode: 100644, size: 0}
open(/numbers/23.num)
ioctl(/numbers/23.num, 21505, ...) -> -1
entering write
trying to get inode 0
trying to get inode 7
trying to get inode 30
wrote: "23
"
write(/numbers/23.num, 3 bytes, @+0) -> 3
trying to get inode 0
/numbers was a valid directory!
trying to get inode 7
file /numbers/24.num doesn't exist
trying to get inode 31
+ alloc_page() -> 69
trying to get inode 0
trying to get inode 31
trying to get inode 7
getting to point where entry is being created
mknod(/numbers/24.num, 100644) -> 0 (inum 31)
trying to get inode 0
/numbers was a valid directory!
trying to get inode 7
trying to get inode 31
getattr(/numbers/24.num) [31] -> {mode: 100644, size: 0}
open(/numbers/24.num)
ioctl(/numbers/24.num, 21505, ...) -> -1
entering write
trying to get inode 0
trying to get inode 7
trying to get inode 31
wrote: "24
"
write(/numbers/24.num, 3 bytes, @+0) -> 3
trying to get inode 0
/numbers was a valid directory!
trying to get inode 7
file /numbers/25.num doesn't exist
trying to get inode 64
+ alloc_page() -> 70
trying to get inode 0
trying to get inode 64
trying to get inode 7
getting to point where entry is being created
mknod(/numbers/25.num, 100644) -> 0 (inum 64)
trying to get inode 0
/numbers was a valid directory!
trying to get inode 7
trying to get inode 64
getattr(/numbers/25.num) [64] -> {mode: 100644, size: 0}
open(/numbers/25.num)
ioctl(/numbers/25.num, 21505, ...) -> -1
entering write
trying to get inode 0
trying to get inode 7
trying to get inode 64
wrote: "25
"
write(/numbers/25.num, 3 bytes, @+0) -> 3
trying to get inode 0
/numbers was a valid directory!
trying to get inode 7
file /numbers/26.num doesn't exist
trying to get inode 65
+ alloc_page() -> 71
trying to get inode 0
trying to get inode 65
trying to get inode 7
getting to point where entry is being created
mknod(/numbers/26.num, 100644) -> 0 (inum 65)
trying to get inode 0
/numbers was a valid directory!
trying to get inode 7
trying to get inode 65
getattr(/numbers/26.num) [65] -> {mode: 100644, size: 0}
open(/numbers/26.num)
ioctl(/numbers/26.num, 21505, ...) -> -1
entering write
trying to get inode 0
trying to get inode 7
trying to get inode 65
wrote: "26
"
write(/numbers/26.num, 3 bytes, @+0) -> 3
trying to get inode 0
/numbers was a valid directory!
trying to get inode 7
file /numbers/27.num doesn't exist
trying to get inode 66
+ alloc_page() -> 72
trying to get inode 0
trying to get inode 66
trying to get inode 7
getting to point where entry is being created
mknod(/numbers/27.num, 100644) -> 0 (inum 66)
trying to get inode 0
/numbers was a valid directory!
trying to get inode 7
trying to get inode 66
getattr(/numbers/27.num) [66] -> {mode: 100644, size: 0}
open(/numbers/27.num)
ioctl(/numbers/27.num, 21505, ...) -> -1
entering write
trying to get inode 0
trying to get inode 7
trying to get inode 66
wrote: "27
"
write(/numbers/27.num, 3 bytes, @+0) -> 3
trying to get inode 0
/numbers was a valid directory!
trying to get inode 7
file /numbers/28.num doesn't exist
trying to get inode 67
+ alloc_page() -> 73
trying to get inode 0
trying to get inode 67
trying to get inode 7
getting to point where entry is being created
mknod(/numbers/28.num, 100644) -> 0 (inum 67)
trying to get inode 0
/numbers was a valid directory!
trying to get inode 7
trying to get inode 67
getattr(/numbers/28.num) [67] -> {mode: 100644, size: 0}
open(/numbers/28.num)
ioctl(/numbers/28.num, 21505, ...) -> -1
entering write
trying to get inode 0
trying to get inode 7
trying to get inode 67
wrote: "28
"
write(/numbers/28.num, 3 bytes, @+0) -> 3
trying to get inode 0
/numbers was a valid directory!
trying to get inode 7
file /numbers/29.num doesn't exist
trying to get inode 68
+ alloc_page() -> 74
trying to get inode 0
trying to get inode 68
trying to get inode 7
getting to point where entry is being created
mknod(/numbers/29.num, 100644) -> 0 (inum 68)
trying to get inode 0
/numbers was a valid directory!
trying to get inode 7
trying to get inode 68
getattr(/numbers/29.num) [68] -> {mode: 100644, size: 0}
open(/numbers/29.num)
ioctl(/numbers/29.num, 21505, ...) -> -1
entering write
trying to get inode 0
trying to get inode 7
trying to get inode 68
wrote: "29
"
write(/numbers/29.num, 3 bytes, @+0) -> 3
trying to get inode 0
/numbers was a valid directory!
trying to get inode 7
file /numbers/30.num doesn't exist
trying to get inode 69
+ alloc_page() -> 75
trying to get inode 0
trying to get inode 69
trying to get inode 7
getting to point where entry is being created
mknod(/numbers/30.num, 100644) -> 0 (inum 69)
trying to get inode 0
/numbers was a valid directory!
trying to get inode 7
trying to get inode 69
getattr(/numbers/30.num) [69] -> {mode: 100644, size: 0}
open(/numbers/30.num)
ioctl(/numbers/30.num, 21505, ...) -> -1
entering write
trying to get inode 0
trying to get inode 7
trying to get inode 69
wrote: "30
"
write(/numbers/30.num, 3 bytes, @+0) -> 3
trying to get inode 0
/numbers was a valid directory!
trying to get inode 7
file /numbers/31.num doesn't exist
trying to get inode 70
+ alloc_page() -> 76
trying to get inode 0
trying to get inode 70
trying to get inode 7
getting to point where entry is being created
mknod(/numbers/31.num, 100644) -> 0 (inum 70)
trying to get inode 0
/numbers was a valid directory!
trying to get inode 7
trying to get inode 70
getattr(/numbers/31.num) [70] -> {mode: 100644, size: 0}
open(/numbers/31.num)
ioctl(/numbers/31.num, 21505, ...) -> -1
entering write
trying to get inode 0
trying to get inode 7
trying to get inode 70
wrote: "31
"
write(/numbers/31.num, 3 bytes, @+0) -> 3
trying to get inode 0
/numbers was a valid directory!
trying to get inode 7
file /numbers/32.num doesn't exist
trying to get inode 71
+ alloc_page() -> 77
trying to get inode 0
trying to get inode 71
trying to get inode 7
getting to point where entry is being created
mknod(/numbers/32.num, 100644) -> 0 (inum 71)
trying to get inode 0
/numbers was a valid directory!
trying to get inode 7
trying to get inode 71
getattr(/numbers/32.num) [71] -> {mode: 100644, size: 0}
open(/numbers/32.num)
ioctl(/numbers/32.num, 21505, ...) -> -1
entering write
trying to get inode 0
trying to get inode 7
trying to get inode 71
wrote: "32
"
write(/numbers/32.num, 3 bytes, @+0) -> 3
trying to get inode 0
/numbers was a valid directory!
trying to get inode 7
file /numbers/33.num doesn't exist
trying to get inode 72
+ alloc_page() -> 78
trying to get inode 0
trying to get inode 72
trying to get inode 7
getting to point where entry is being created
mknod(/numbers/33.num, 100644) -> 0 (inum 72)
trying to get inode 0
/numbers was a valid directory!
trying to get inode 7
trying to get inode 72
getattr(/numbers/33.num) [72] -> {mode: 100644, size: 0}
open(/numbers/33.num)
ioctl(/numbers/33.num, 21505, ...) -> -1
entering write
trying to get inode 0
trying to get inode 7
trying to get inode 72
wrote: "33
"
write(/numbers/33.num, 3 bytes, @+0) -> 3
trying to get inode 0
/numbers was a valid directory!
trying to get inode 7
file /numbers/34.num doesn't exist
trying to get inode 73
+ alloc_page() -> 79
trying to get inode 0
trying to get inode 73
trying to get inode 7
getting to point where entry is being created
mknod(/numbers/34.num, 100644) -> 0 (inum 73)
trying to get inode 0
/numbers was a valid directory!
trying to get inode 7
trying to get inode 73
getattr(/numbers/34.num) [73] -> {mode: 100644, size: 0}
open(/numbers/34.num)
ioctl(/numbers/34.num, 21505, ...) -> -1
entering write
trying to get inode 0
trying to get inode 7
trying to get inode 73
wrote: "34
"
write(/numbers/34.num, 3 bytes, @+0) -> 3
trying to get inode 0
/numbers was a valid directory!
trying to get inode 7
file /numbers/35.num doesn't exist
trying to get inode 74
+ alloc_page() -> 80
trying to get inode 0
trying to get inode 74
trying to get inode 7
getting to point where entry is being created
mknod(/numbers/35.num, 100644) -> 0 (inum 74)
trying to get inode 0
/numbers was a valid directory!
trying to get inode 7
trying to get inode 74
getattr(/numbers/35.num) [74] -> {mode: 100644, size: 0}
open(/numbers/35.num)
ioctl(/numbers/35.num, 21505, ...) -> -1
entering write
trying to get inode 0
trying to get inode 7
trying to get inode 74
wrote: "35
"
write(/numbers/35.num, 3 bytes, @+0) -> 3
trying to get inode 0
/numbers was a valid directory!
trying to get inode 7
file /numbers/36.num doesn't exist
trying to get inode 75
+ alloc_page() -> 81
trying to get inode 0
trying to get inode 75
trying to get inode 7
getting to point where entry is being created
mknod(/numbers/36.num, 100644) -> 0 (inum 75)
trying to get inode 0
/numbers was a valid directory!
trying to get inode 7
trying to get inode 75
getattr(/numbers/36.num) [75] -> {mode: 100644, size: 0}
open(/numbers/36.num)
ioctl(/numbers/36.num, 21505, ...) -> -1
entering write
trying to get inode 0
trying to get inode 7
trying to get inode 75
wrote: "36
"
write(/numbers/36.num, 3 bytes, @+0) -> 3
trying to get inode 0
/numbers was a valid directory!
trying to get inode 7
file /numbers/37.num doesn't exist
trying to get inode 76
+ alloc_page() -> 82
trying to get inode 0
trying to get inode 76
trying to get inode 7
getting to point where entry is being created
mknod(/numbers/37.num, 100644) -> 0 (inum 76)
trying to get inode 0
/numbers was a valid directory!
trying to get inode 7
trying to get inode 76
getattr(/numbers/37.num) [76] -> {mode: 100644, size: 0}
open(/numbers/37.num)
ioctl(/numbers/37.num, 21505, ...) -> -1
entering write
trying to get inode 0
trying to get inode 7
trying to get inode 76
wrote: "37
"
write(/numbers/37.num, 3 bytes, @+0) -> 3
trying to get inode 0
/numbers was a valid directory!
trying to get inode 7
file /numbers/38.num doesn't exist
trying to get inode 77
+ alloc_page() -> 83
trying to get inode 0
trying to get inode 77
trying to get inode 7
getting to point where entry is being created
mknod(/numbers/38.num, 100644) -> 0 (inum 77)
trying to get inode 0
/numbers was a valid directory!
trying to get inode 7
trying to get inode 77
getattr(/numbers/38.num) [77] -> {mode: 100644, size: 0}
open(/numbers/38.num)
ioctl(/numbers/38.num, 21505, ...) -> -1
entering write
trying to get inode 0
trying to get inode 7
trying to get inode 77
wrote: "38
"
write(/numbers/38.num, 3 bytes, @+0) -> 3
trying to get inode 0
/numbers was a valid directory!
trying to get inode 7
file /numbers/39.num doesn't exist
trying to get inode 78
+ alloc_page() -> 84
trying to get inode 0
trying to get inode 78
trying to get inode 7
getting to point where entry is being created
mknod(/numbers/39.num, 100644) -> 0 (inum 78)
trying to get inode 0
/numbers was a valid directory!
trying to get inode 7
trying to get inode 78
getattr(/numbers/39.num) [78] -> {mode: 100644, size: 0}
open(/numbers/39.num)
ioctl(/numbers/39.num, 21505, ...) -> -1
entering write
trying to get inode 0
trying to get inode 7
trying to get inode 78
wrote: "39
"
write(/numbers/39.num, 3 bytes, @+0) -> 3
trying to get inode 0
/numbers was a valid directory!
trying to get inode 7
file /numbers/40.num doesn't exist
trying to get inode 79
+ alloc_page() -> 85
trying to get inode 0
trying to get inode 79
trying to get inode 7
getting to point where entry is being created
mknod(/numbers/40.num, 100644) -> 0 (inum 79)
trying to get inode 0
/numbers was a valid directory!
trying to get inode 7
trying to get inode 79
getattr(/numbers/40.num) [79] -> {mode: 100644, size: 0}
open(/numbers/40.num)
ioctl(/numbers/40.num, 21505, ...) -> -1
entering write
trying to get inode 0
trying to get inode 7
trying to get inode 79
wrote: "40
"
write(/numbers/40.num, 3 bytes, @+0) -> 3
trying to get inode 0
/numbers was a valid directory!
trying to get inode 7
file /numbers/41.num doesn't exist
trying to get inode 80
+ alloc_page() -> 86
trying to get inode 0
trying to get inode 80
trying to get inode 7
getting to point where entry is being created
mknod(/numbers/41.num, 100644) -> 0 (inum 80)
trying to get inode 0
/numbers was a valid directory!
trying to get inode 7
trying to get inode 80
getattr(/numbers/41.num) [80] -> {mode: 100644, size: 0}
open(/numbers/41.num)
ioctl(/numbers/41.num, 21505, ...) -> -1
entering write
trying to get inode 0
trying to get inode 7
trying to get inode 80
wrote: "41
"
write(/numbers/41.num, 3 bytes, @+0) -> 3
trying to get inode 0
/numbers was a valid directory!
trying to get inode 7
file /numbers/42.num doesn't exist
trying to get inode 81
+ alloc_page() -> 87
trying to get inode 0
trying to get inode 81
trying to get inode 7
getting to point where entry is being created
mknod(/numbers/42.num, 100644) -> 0 (inum 81)
trying to get inode 0
/numbers was a valid directory!
trying to get inode 7
trying to get inode 81
getattr(/numbers/42.num) [81] -> {mode: 100644, size: 0}
open(/numbers/42.num)
ioctl(/numbers/42.num, 21505, ...) -> -1
entering write
trying to get inode 0
trying to get inode 7
trying to get inode 81
wrote: "42
"
write(/numbers/42.num, 3 bytes, @+0) -> 3
trying to get inode 0
/numbers was a valid directory!
trying to get inode 7
file /numbers/43.num doesn't exist
trying to get inode 82
+ alloc_page() -> 88
trying to get inode 0
trying to get inode 82
trying to get inode 7
getting to point where entry is being created
mknod(/numbers/43.num, 100644) -> 0 (inum 82)
trying to get inode 0
/numbers was a valid directory!
trying to get inode 7
trying to get inode 82
getattr(/numbers/43.num) [82] -> {mode: 100644, size: 0}
open(/numbers/43.num)
ioctl(/numbers/43.num, 21505, ...) -> -1
entering write
trying to get inode 0
trying to get inode 7
trying to get inode 82
wrote: "43
"
write(/numbers/43.num, 3 bytes, @+0) -> 3
trying to get inode 0
/numbers was a valid directory!
trying to get inode 7
file /numbers/44.num doesn't exist
trying to get inode 83
+ alloc_page() -> 89
trying to get inode 0
trying to get inode 83
trying to get inode 7
getting to point where entry is being created
mknod(/numbers/44.num, 100644) -> 0 (inum 83)
trying to get inode 0
/numbers was a valid directory!
trying to get inode 7
trying to get inode 83
getattr(/numbers/44.num) [83] -> {mode: 100644, size: 0}
open(/numbers/44.num)
ioctl(/numbers/44.num, 21505, ...) -> -1
entering write
trying to get inode 0
trying to get inode 7
trying to get inode 83
wrote: "44
"
write(/numbers/44.num, 3 bytes, @+0) -> 3
trying to get inode 0
/numbers was a valid directory!
trying to get inode 7
file /numbers/45.num doesn't exist
trying to get inode 84
+ alloc_page() -> 90
trying to get inode 0
trying to get inode 84
trying to get inode 7
getting to point where entry is being created
mknod(/numbers/45.num, 100644) -> 0 (inum 84)
trying to get inode 0
/numbers was a valid directory!
trying to get inode 7
trying to get inode 84
getattr(/numbers/45.num) [84] -> {mode: 100644, size: 0}
open(/numbers/45.num)
ioctl(/numbers/45.num, 21505, ...) -> -1
entering write
trying to get inode 0
trying to get inode 7
trying to get inode 84
wrote: "45
"
write(/numbers/45.num, 3 bytes, @+0) -> 3
trying to get inode 0
/numbers was a valid directory!
trying to get inode 7
file /numbers/46.num doesn't exist
trying to get inode 85
+ alloc_page() -> 91
trying to get inode 0
trying to get inode 85
trying to get inode 7
getting to point where entry is being created
mknod(/numbers/46.num, 100644) -> 0 (inum 85)
trying to get inode 0
/numbers was a valid directory!
trying to get inode 7
trying to get inode 85
getattr(/numbers/46.num) [85] -> {mode: 100644, size: 0}
open(/numbers/46.num)
ioctl(/numbers/46.num, 21505, ...) -> -1
entering write
trying to get inode 0
trying to get inode 7
trying to get inode 85
wrote: "46
"
write(/numbers/46.num, 3 bytes, @+0) -> 3
trying to get inode 0
/numbers was a valid directory!
trying to get inode 7
file /numbers/47.num doesn't exist
trying to get inode 86
+ alloc_page() -> 92
trying to get inode 0
trying to get inode 86
trying to get inode 7
getting to point where entry is being created
mknod(/numbers/47.num, 100644) -> 0 (inum 86)
trying to get inode 0
/numbers was a valid directory!
trying to get inode 7
trying to get inode 86
getattr(/numbers/47.num) [86] -> {mode: 100644, size: 0}
open(/numbers/47.num)
ioctl(/numbers/47.num, 21505, ...) -> -1
entering write
trying to get inode 0
trying to get inode 7
trying to get inode 86
wrote: "47
"
write(/numbers/47.num, 3 bytes, @+0) -> 3
trying to get inode 0
/numbers was a valid directory!
trying to get inode 7
file /numbers/48.num doesn't exist
trying to get inode 87
+ alloc_page() -> 93
trying to get inode 0
trying to get inode 87
trying to get inode 7
getting to point where entry is being created
mknod(/numbers/48.num, 100644) -> 0 (inum 87)
trying to get inode 0
/numbers was a valid directory!
trying to get inode 7
trying to get inode 87
getattr(/numbers/48.num) [87] -> {mode: 100644, size: 0}
open(/numbers/48.num)
ioctl(/numbers/48.num, 21505, ...) -> -1
entering write
trying to get inode 0
trying to get inode 7
trying to get inode 87
wrote: "48
"
write(/numbers/48.num, 3 bytes, @+0) -> 3
trying to get inode 0
/numbers was a valid directory!
trying to get inode 7
file /numbers/49.num doesn't exist
trying to get inode 88
+ alloc_page() -> 94
trying to get inode 0
trying to get inode 88
trying to get inode 7
getting to point where entry is being created
mknod(/numbers/49.num, 100644) -> 0 (inum 88)
trying to get inode 0
/numbers was a valid directory!
trying to get inode 7
trying to get inode 88
getattr(/numbers/49.num) [88] -> {mode: 100644, size: 0}
open(/numbers/49.num)
ioctl(/numbers/49.num, 21505, ...) -> -1
entering write
trying to get inode 0
trying to get inode 7
trying to get inode 88
wrote: "49
"
write(/numbers/49.num, 3 bytes, @+0) -> 3
trying to get inode 0
/numbers was a valid directory!
trying to get inode 7
file /numbers/50.num doesn't exist
trying to get inode 89
+ alloc_page() -> 95
trying to get inode 0
trying to get inode 89
trying to get inode 7
getting to point where entry is being created
mknod(/numbers/50.num, 100644) -> 0 (inum 89)
trying to get inode 0
/numbers was a valid directory!
trying to get inode 7
trying to get inode 89
getattr(/numbers/50.num) [89] -> {mode: 100644, size: 0}
open(/numbers/50.num)
ioctl(/numbers/50.num, 21505, ...) -> -1
entering write
trying to get inode 0
trying to get inode 7
trying to get inode 89
wrote: "50
"
write(/numbers/50.num, 3 bytes, @+0) -> 3
trying to get inode 0
/ was a valid directory!
trying to get inode 0
trying to get inode 7
getattr(/numbers) [7] -> {mode: 40755, size: 7296}
trying to get inode 0
/ was a valid directory!
trying to get inode 0
trying to get inode 7
getattr(/numbers) [7] -> {mode: 40755, size: 7296}
trying to get inode 0
/ was a valid directory!
trying to get inode 0
trying to get inode 0
getattr(/) [0] -> {mode: 40755, size: 320}
in readdir, successfully ran getattr for /numbers
trying to get inode 0
trying to get inode 7
114 entries in /numbers
readdir reaching haracters long.==This string is fourty characters long.==This string is fourty characters long.==This string is fourty characters long.==This string is fourty characters long.==This string is fourty characters long.==This string is fourty characters long.==This string is fourty characters long.==This string is fourty characters long.==This string is fourty characters long.==This string is fourty characters long.==This string is fourty characters long.==This string is fourty characters long.==This string is fourty characters long.==This string is fourty characters long.==This string is fourty characters long.==This string is fourty characters long.==This string is fourty characters long.==This string is fourty characters long.==This string is fourty characters long.==This string is fourty characters long.==This string is fourty characters long.==This string is fourty characters long.==This string is fourty characters long.==This string is fourty characters long.==This string is fourty characters long.==This string is fourty characters long.==This string is fourty characters long.==This string is fourty characters long.==This string is fourty characters long.==This string is fourty characters long.==This string is fourty characters long.==This string is fourty characters long.==This string is fourty characters long.==This string is fourty characters long.==This string is fourty characters long.==This string is fourty characters long.==This string is fourty characters long.==This string is fourty characters long.==This string is fourty characters long.==This string is fourty characters long.==This string is fourty characters long.==This string is fourty characters long.==This string is fourty characters long.==This string is fourty characters long.==This string is fourty characters long.==This string is fourty characters long.==This string is fourty characters long.==This string is fourty characters long.==This string is fourty characters long.==This string is fourty characters long.==This string is fourty characters long.==This string is fourty characters long.==This string is fourty characters long.==This string is fourty characters long.==This string is fourty characters long.==This string is fourty characters long.==This string is fourty characters long.==This string is fourty characters long.==This string is fourty characters long.==This string is fourty characters long.==This string is fourty characters long.==This string is fourty characters long.==This string is fourty characters long.==This string is fourty characters long.==This string is fourty characters long.==This string is fourty characters long.==This string is fourty characters long.==This string is fourty characters long.==This string is fourty characters long.==This string is fourty characters long.==This string is fourty characters long.==This string is fourty characters long.==This string is fourty characters long.==This string is fourty characters long.==This string is fourty characters long.==This string is fourty characters long.==This string is fourty characters long.==This string is fourty characters long.==This string is fourty characters long.==This string is fourty characters long.==This string is fourty characters long.==This string is fourty characters long.==This string is fourty characters long.==This string is fourty characters long.==This string is fourty characters long.==This string is fourty characters long.==This string is fourty characters long.==This string is fourty characters long.==This string is fourty characters long.==This string is fourty characters long.==This string is fourty characters long.==This string is fourty characters long.==This string is fourty characters long.==This string is fourty characters long.==This string is fourty characters long.==This string is fourty characters long.==This string is fourty characters long.==This string is fourty characters long.==This string is fourty characters long.==This string is fourty characters long.==This string is fourty characters long.==This string is fourty characters long.=1
umbers/1.num
trying to get inode 0
haracters long.==This string is fourty characters long.==This string is fourty characters long.==This string is fourty characters long.==This string is fourty characters long.==This string is fourty characters long.==This string is fourty characters long.==This string is fourty characters long.==This string is fourty characters long.==This string is fourty characters long.==This string is fourty characters long.==This string is fourty characters long.==This string is fourty characters long.==This string is fourty characters long.==This string is fourty characters long.==This string is fourty characters long.==This string is fourty characters long.==This string is fourty characters long.==This string is fourty characters long.==This string is fourty characters long.==This string is fourty characters long.==This string is fourty characters long.==This string is fourty characters long.==This string is fourty characters long.==This string is fourty characters long.==This string is fourty characters long.==This string is fourty characters long.==This string is fourty characters long.==This string is fourty characters long.==This string is fourty characters long.==This string is fourty characters long.==This string is fourty characters long.==This string is fourty characters long.==This string is fourty characters long.==This string is fourty characters long.==This string is fourty characters long.==This string is fourty characters long.==This string is fourty characters long.==This string is fourty characters long.==This string is fourty characters long.==This string is fourty characters long.==This string is fourty characters long.==This string is fourty characters long.==This string is fourty characters long.==This string is fourty characters long.==This string is fourty characters long.==This string is fourty characters long.==This string is fourty characters long.==This string is fourty characters long.==This string is fourty characters long.==This string is fourty characters long.==This string is fourty characters long.==This string is fourty characters long.==This string is fourty characters long.==This string is fourty characters long.==This string is fourty characters long.==This string is fourty characters long.==This string is fourty characters long.==This string is fourty characters long.==This string is fourty characters long.==This string is fourty characters long.==This string is fourty characters long.==This string is fourty characters long.==This string is fourty characters long.==This string is fourty characters long.==This string is fourty characters long.==This string is fourty characters long.==This string is fourty characters long.==This string is fourty characters long.==This string is fourty characters long.==This string is fourty characters long.==This string is fourty characters long.==This string is fourty characters long.==This string is fourty characters long.==This string is fourty characters long.==This string is fourty characters long.==This string is fourty characters long.==This string is fourty characters long.==This string is fourty characters long.==This string is fourty characters long.==This string is fourty characters long.==This string is fourty characters long.==This string is fourty characters long.==This string is fourty characters long.==This string is fourty characters long.==This string is fourty characters long.==This string is fourty characters long.==This string is fourty characters long.==This string is fourty characters long.==This string is fourty characters long.==This string is fourty characters long.==This string is fourty characters long.==This string is fourty characters long.==This string is fourty characters long.==This string is fourty characters long.==This string is fourty characters long.==This string is fourty characters long.==This string is fourty characters long.==This string is fourty characters long.==This string is fourty characters long.==This string is fourty characters long.==This string is fourty characters long.==This strinfusermount -u mnt || true
g is fourty characters long.=1
umbers isn't a valid directory
open(/numbers/10.num)
ioctl(/numbers/10.num, 21505, ...) -> -1
trying to get inode 0
/numbers was a valid directory!
trying to get inode 7
trying to get inode 17
getattr(/numbers/10.num) [17] -> {mode: 100644, size: 3}
trying to get inode 0
trying to get inode 7
trying to get inode 17
reading: "10
"
read(/numbers/10.num, 4096 bytes, @+0) -> 4096
trying to get inode 0
/numbers was a valid directory!
trying to get inode 7
trying to get inode 17
getattr(/numbers/10.num) [17] -> {mode: 100644, size: 3}
open(/numbers/20.num)
ioctl(/numbers/20.num, 21505, ...) -> -1
trying to get inode 0
/numbers was a valid directory!
trying to get inode 7
trying to get inode 27
getattr(/numbers/20.num) [27] -> {mode: 100644, size: 3}
trying to get inode 0
trying to get inode 7
trying to get inode 27
reading: "20
"
read(/numbers/20.num, 4096 bytes, @+0) -> 4096
trying to get inode 0
/numbers was a valid directory!
trying to get inode 7
trying to get inode 27
getattr(/numbers/20.num) [27] -> {mode: 100644, size: 3}
open(/numbers/30.num)
ioctl(/numbers/30.num, 21505, ...) -> -1
trying to get inode 0
/numbers was a valid directory!
trying to get inode 7
trying to get inode 69
getattr(/numbers/30.num) [69] -> {mode: 100644, size: 3}
trying to get inode 0
trying to get inode 7
trying to get inode 69
reading: "30
"
read(/numbers/30.num, 4096 bytes, @+0) -> 4096
trying to get inode 0
/numbers was a valid directory!
trying to get inode 7
trying to get inode 69
getattr(/numbers/30.num) [69] -> {mode: 100644, size: 3}
open(/numbers/40.num)
ioctl(/numbers/40.num, 21505, ...) -> -1
trying to get inode 0
/numbers was a valid directory!
trying to get inode 7
trying to get inode 79
getattr(/numbers/40.num) [79] -> {mode: 100644, size: 3}
trying to get inode 0
trying to get inode 7
trying to get inode 79
reading: "40
"
read(/numbers/40.num, 4096 bytes, @+0) -> 4096
trying to get inode 0
/numbers was a valid directory!
trying to get inode 7
trying to get inode 79
getattr(/numbers/40.num) [79] -> {mode: 100644, size: 3}
open(/numbers/50.num)
ioctl(/numbers/50.num, 21505, ...) -> -1
trying to get inode 0
/numbers was a valid directory!
trying to get inode 7
trying to get inode 89
getattr(/numbers/50.num) [89] -> {mode: 100644, size: 3}
trying to get inode 0
trying to get inode 7
trying to get inode 89
reading: "50
"
read(/numbers/50.num, 4096 bytes, @+0) -> 4096
trying to get inode 0
/numbers was a valid directory!
trying to get inode 7
trying to get inode 89
getattr(/numbers/50.num) [89] -> {mode: 100644, size: 3}
trying to get inode 0
/numbers was a valid directory!
trying to get inode 7
trying to get inode 14
getattr(/numbers/7.num) [14] -> {mode: 100644, size: 2}
access(/numbers/7.num, 0002)
trying to get inode 0
unlink(/numbers/7.num) -> -2
trying to get inode 0
/numbers was a valid directory!
trying to get inode 7
trying to get inode 21
getattr(/numbers/14.num) [21] -> {mode: 100644, size: 3}
access(/numbers/14.num, 0002)
trying to get inode 0
unlink(/numbers/14.num) -> -2
trying to get inode 0
/numbers was a valid directory!
trying to get inode 7
trying to get inode 28
getattr(/numbers/21.num) [28] -> {mode: 100644, size: 3}
access(/numbers/21.num, 0002)
trying to get inode 0
unlink(/numbers/21.num) -> -2
trying to get inode 0
/numbers was a valid directory!
trying to get inode 7
trying to get inode 67
getattr(/numbers/28.num) [67] -> {mode: 100644, size: 3}
access(/numbers/28.num, 0002)
trying to get inode 0
unlink(/numbers/28.num) -> -2
mkdir -p mnt || true
./nufs -s -f mnt data.nufs
access(/, 0004)
trying to get inode 0
/ was a valid directory!
trying to get inode 0
file /BDMV doesn't exist
trying to get inode 0
/ was a valid directory!
trying to get inode 0
file /.xdg-volume-info doesn't exist
trying to get inode 0
/ was a valid directory!
trying to get inode 0
trying to get inode 0
getattr(/) [0] -> {mode: 40755, size: 320}
trying to get inode 0
/ was a valid directory!
trying to get inode 0
file /.Trash doesn't exist
trying to get inode 0
/ was a valid directory!
trying to get inode 0
file /.Trash-1000 doesn't exist
trying to get inode 0
/ was a valid directory!
trying to get inode 0
file /autorun.inf doesn't exist
trying to get inode 0
/ was a valid directory!
trying to get inode 0
trying to get inode 0
getattr(/) [0] -> {mode: 40755, size: 320}
in readdir, successfully ran getattr for /
trying to get inode 0
trying to get inode 0
5 entries in /
readdir reaching /2k.txt
trying to get inode 0
/ was a valid directory!
trying to get inode 0
trying to get inode 3
getattr(/2k.txt) [3] -> {mode: 100644, size: 2001}
filling info for file 2k.txt
readdir reaching /foo
trying to get inode 0
/ was a valid directory!
trying to get inode 0
trying to get inode 1
getattr(/foo) [1] -> {mode: 40755, size: 4096}
filling info for file foo
readdir reaching /40k.txt
trying to get inode 0
/ was a valid directory!
trying to get inode 0
trying to get inode 2
getattr(/40k.txt) [2] -> {mode: 100644, size: 40001}
filling info for file 40k.txt
readdir reaching /dir1
trying to get inode 0
/ was a valid directory!
trying to get inode 0
trying to get inode 4
getattr(/dir1) [4] -> {mode: 40755, size: 4160}
filling info for file dir1
readdir reaching /numbers
trying to get inode 0
/ was a valid directory!
trying to get inode 0
trying to get inode 7
getattr(/numbers) [7] -> {mode: 40755, size: 7296}
filling info for file numbers
readdir(/): 5 files -> 0
trying to get inode 0
/ was a valid directory!
trying to get inode 0
trying to get inode 0
getattr(/) [0] -> {mode: 40755, size: 320}
trying to get inode 0
/ was a valid directory!
trying to get inode 0
trying to get inode 0
getattr(/) [0] -> {mode: 40755, size: 320}
in readdir, successfully ran getattr for /
trying to get inode 0
trying to get inode 0
5 entries in /
readdir reaching /2k.txt
trying to get inode 0
/ was a valid directory!
trying to get inode 0
trying to get inode 3
getattr(/2k.txt) [3] -> {mode: 100644, size: 2001}
filling info for file 2k.txt
readdir reaching /foo
trying to get inode 0
/ was a valid directory!
trying to get inode 0
trying to get inode 1
getattr(/foo) [1] -> {mode: 40755, size: 4096}
filling info for file foo
readdir reaching /40k.txt
trying to get inode 0
/ was a valid directory!
trying to get inode 0
trying to get inode 2
getattr(/40k.txt) [2] -> {mode: 100644, size: 40001}
filling info for file 40k.txt
readdir reaching /dir1
trying to get inode 0
/ was a valid directory!
trying to get inode 0
trying to get inode 4
getattr(/dir1) [4] -> {mode: 40755, size: 4160}
filling info for file dir1
readdir reaching /numbers
trying to get inode 0
/ was a valid directory!
trying to get inode 0
trying to get inode 7
getattr(/numbers) [7] -> {mode: 40755, size: 7296}
filling info for file numbers
readdir(/): 5 files -> 0
trying to get inode 0
/ was a valid directory!
trying to get inode 0
trying to get inode 0
getattr(/) [0] -> {mode: 40755, size: 320}
trying to get inode 0
/ was a valid directory!
trying to get inode 0
trying to get inode 0
getattr(/) [0] -> {mode: 40755, size: 320}
in readdir, successfully ran getattr for /
trying to get inode 0
trying to get inode 0
5 entries in /
readdir reaching /2k.txt
trying to get inode 0
/ was a valid directory!
trying to get inode 0
trying to get inode 3
getattr(/2k.txt) [3] -> {mode: 100644, size: 2001}
filling info for file 2k.txt
readdir reaching /foo
trying to get inode 0
/ was a valid directory!
trying to get inode 0
trying to get inode 1
getattr(/foo) [1] -> {mode: 40755, size: 4096}
filling info for file foo
readdir reaching /40k.txt
trying to get inode 0
/ was a valid directory!
trying to get inode 0
trying to get inode 2
getattr(/40k.txt) [2] -> {mode: 100644, size: 40001}
filling info for file 40k.txt
readdir reaching /dir1
trying to get inode 0
/ was a valid directory!
trying to get inode 0
trying to get inode 4
getattr(/dir1) [4] -> {mode: 40755, size: 4160}
filling info for file dir1
readdir reaching /numbers
trying to get inode 0
/ was a valid directory!
trying to get inode 0
trying to get inode 7
getattr(/numbers) [7] -> {mode: 40755, size: 7296}
filling info for file numbers
readdir(/): 5 files -> 0
trying to get inode 0
/ was a valid directory!
trying to get inode 0
trying to get inode 0
getattr(/) [0] -> {mode: 40755, size: 320}
trying to get inode 0
/ was a valid directory!
trying to get inode 0
trying to get inode 0
getattr(/) [0] -> {mode: 40755, size: 320}
in readdir, successfully ran getattr for /
trying to get inode 0
trying to get inode 0
5 entries in /
readdir reaching /2k.txt
trying to get inode 0
/ was a valid directory!
trying to get inode 0
trying to get inode 3
getattr(/2k.txt) [3] -> {mode: 100644, size: 2001}
filling info for file 2k.txt
readdir reaching /foo
trying to get inode 0
/ was a valid directory!
trying to get inode 0
trying to get inode 1
getattr(/foo) [1] -> {mode: 40755, size: 4096}
filling info for file foo
readdir reaching /40k.txt
trying to get inode 0
/ was a valid directory!
trying to get inode 0
trying to get inode 2
getattr(/40k.txt) [2] -> {mode: 100644, size: 40001}
filling info for file 40k.txt
readdir reaching /dir1
trying to get inode 0
/ was a valid directory!
trying to get inode 0
trying to get inode 4
getattr(/dir1) [4] -> {mode: 40755, size: 4160}
filling info for file dir1
readdir reaching /numbers
trying to get inode 0
/ was a valid directory!
trying to get inode 0
trying to get inode 7
getattr(/numbers) [7] -> {mode: 40755, size: 7296}
filling info for file numbers
readdir(/): 5 files -> 0
trying to get inode 0
/ was a valid directory!
trying to get inode 0
trying to get inode 0
getattr(/) [0] -> {mode: 40755, size: 320}
trying to get inode 0
/ was a valid directory!
trying to get inode 0
trying to get inode 0
getattr(/) [0] -> {mode: 40755, size: 320}
in readdir, successfully ran getattr for /
trying to get inode 0
trying to get inode 0
5 entries in /
readdir reaching /2k.txt
trying to get inode 0
/ was a valid directory!
trying to get inode 0
trying to get inode 3
getattr(/2k.txt) [3] -> {mode: 100644, size: 2001}
filling info for file 2k.txt
readdir reaching /foo
trying to get inode 0
/ was a valid directory!
trying to get inode 0
trying to get inode 1
getattr(/foo) [1] -> {mode: 40755, size: 4096}
filling info for file foo
readdir reaching /40k.txt
trying to get inode 0
/ was a valid directory!
trying to get inode 0
trying to get inode 2
getattr(/40k.txt) [2] -> {mode: 100644, size: 40001}
filling info for file 40k.txt
readdir reaching /dir1
trying to get inode 0
/ was a valid directory!
trying to get inode 0
trying to get inode 4
getattr(/dir1) [4] -> {mode: 40755, size: 4160}
filling info for file dir1
readdir reaching /numbers
trying to get inode 0
/ was a valid directory!
trying to get inode 0
trying to get inode 7
getattr(/numbers) [7] -> {mode: 40755, size: 7296}
filling info for file numbers
readdir(/): 5 files -> 0
trying to get inode 0
/ was a valid directory!
trying to get inode 0
trying to get inode 0
getattr(/) [0] -> {mode: 40755, size: 320}
trying to get inode 0
/ was a valid directory!
trying to get inode 0
trying to get inode 0
getattr(/) [0] -> {mode: 40755, size: 320}
in readdir, successfully ran getattr for /
trying to get inode 0
trying to get inode 0
5 entries in /
readdir reaching /2k.txt
trying to get inode 0
/ was a valid directory!
trying to get inode 0
trying to get inode 3
getattr(/2k.txt) [3] -> {mode: 100644, size: 2001}
filling info for file 2k.txt
readdir reaching /foo
trying to get inode 0
/ was a valid directory!
trying to get inode 0
trying to get inode 1
getattr(/foo) [1] -> {mode: 40755, size: 4096}
filling info for file foo
readdir reaching /40k.txt
trying to get inode 0
/ was a valid directory!
trying to get inode 0
trying to get inode 2
getattr(/40k.txt) [2] -> {mode: 100644, size: 40001}
filling info for file 40k.txt
readdir reaching /dir1
trying to get inode 0
/ was a valid directory!
trying to get inode 0
trying to get inode 4
getattr(/dir1) [4] -> {mode: 40755, size: 4160}
filling info for file dir1
readdir reaching /numbers
trying to get inode 0
/ was a valid directory!
trying to get inode 0
trying to get inode 7
getattr(/numbers) [7] -> {mode: 40755, size: 7296}
filling info for file numbers
readdir(/): 5 files -> 0
trying to get inode 0
/ was a valid directory!
trying to get inode 0
trying to get inode 0
getattr(/) [0] -> {mode: 40755, size: 320}
trying to get inode 0
/ was a valid directory!
trying to get inode 0
trying to get inode 0
getattr(/) [0] -> {mode: 40755, size: 320}
in readdir, successfully ran getattr for /
trying to get inode 0
trying to get inode 0
5 entries in /
readdir reaching /2k.txt
trying to get inode 0
/ was a valid directory!
trying to get inode 0
trying to get inode 3
getattr(/2k.txt) [3] -> {mode: 100644, size: 2001}
filling info for file 2k.txt
readdir reaching /foo
trying to get inode 0
/ was a valid directory!
trying to get inode 0
trying to get inode 1
getattr(/foo) [1] -> {mode: 40755, size: 4096}
filling info for file foo
readdir reaching /40k.txt
trying to get inode 0
/ was a valid directory!
trying to get inode 0
trying to get inode 2
getattr(/40k.txt) [2] -> {mode: 100644, size: 40001}
filling info for file 40k.txt
readdir reaching /dir1
trying to get inode 0
/ was a valid directory!
trying to get inode 0
trying to get inode 4
getattr(/dir1) [4] -> {mode: 40755, size: 4160}
filling info for file dir1
readdir reaching /numbers
trying to get inode 0
/ was a valid directory!
trying to get inode 0
trying to get inode 7
getattr(/numbers) [7] -> {mode: 40755, size: 7296}
filling info for file numbers
readdir(/): 5 files -> 0
trying to get inode 0
/ was a valid directory!
trying to get inode 0
trying to get inode 0
getattr(/) [0] -> {mode: 40755, size: 320}
trying to get inode 0
/ was a valid directory!
trying to get inode 0
trying to get inode 0
getattr(/) [0] -> {mode: 40755, size: 320}
in readdir, successfully ran getattr for /
trying to get inode 0
trying to get inode 0
5 entries in /
readdir reaching /2k.txt
trying to get inode 0
/ was a valid directory!
trying to get inode 0
trying to get inode 3
getattr(/2k.txt) [3] -> {mode: 100644, size: 2001}
filling info for file 2k.txt
readdir reaching /foo
trying to get inode 0
/ was a valid directory!
trying to get inode 0
trying to get inode 1
getattr(/foo) [1] -> {mode: 40755, size: 4096}
filling info for file foo
readdir reaching /40k.txt
trying to get inode 0
/ was a valid directory!
trying to get inode 0
trying to get inode 2
getattr(/40k.txt) [2] -> {mode: 100644, size: 40001}
filling info for file 40k.txt
readdir reaching /dir1
trying to get inode 0
/ was a valid directory!
trying to get inode 0
trying to get inode 4
getattr(/dir1) [4] -> {mode: 40755, size: 4160}
filling info for file dir1
readdir reaching /numbers
trying to get inode 0
/ was a valid directory!
trying to get inode 0
trying to get inode 7
getattr(/numbers) [7] -> {mode: 40755, size: 7296}
filling info for file numbers
readdir(/): 5 files -> 0
trying to get inode 0
/ was a valid directory!
trying to get inode 0
trying to get inode 0
getattr(/) [0] -> {mode: 40755, size: 320}
trying to get inode 0
/ was a valid directory!
trying to get inode 0
trying to get inode 0
getattr(/) [0] -> {mode: 40755, size: 320}
in readdir, successfully ran getattr for /
trying to get inode 0
trying to get inode 0
5 entries in /
readdir reaching /2k.txt
trying to get inode 0
/ was a valid directory!
trying to get inode 0
trying to get inode 3
getattr(/2k.txt) [3] -> {mode: 100644, size: 2001}
filling info for file 2k.txt
readdir reaching /foo
trying to get inode 0
/ was a valid directory!
trying to get inode 0
trying to get inode 1
getattr(/foo) [1] -> {mode: 40755, size: 4096}
filling info for file foo
readdir reaching /40k.txt
trying to get inode 0
/ was a valid directory!
trying to get inode 0
trying to get inode 2
getattr(/40k.txt) [2] -> {mode: 100644, size: 40001}
filling info for file 40k.txt
readdir reaching /dir1
trying to get inode 0
/ was a valid directory!
trying to get inode 0
trying to get inode 4
getattr(/dir1) [4] -> {mode: 40755, size: 4160}
filling info for file dir1
readdir reaching /numbers
trying to get inode 0
/ was a valid directory!
trying to get inode 0
trying to get inode 7
getattr(/numbers) [7] -> {mode: 40755, size: 7296}
filling info for file numbers
readdir(/): 5 files -> 0
trying to get inode 0
/ was a valid directory!
trying to get inode 0
trying to get inode 0
getattr(/) [0] -> {mode: 40755, size: 320}
trying to get inode 0
/ was a valid directory!
trying to get inode 0
trying to get inode 0
getattr(/) [0] -> {mode: 40755, size: 320}
in readdir, successfully ran getattr for /
trying to get inode 0
trying to get inode 0
5 entries in /
readdir reaching /2k.txt
trying to get inode 0
/ was a valid directory!
trying to get inode 0
trying to get inode 3
getattr(/2k.txt) [3] -> {mode: 100644, size: 2001}
filling info for file 2k.txt
readdir reaching /foo
trying to get inode 0
/ was a valid directory!
trying to get inode 0
trying to get inode 1
getattr(/foo) [1] -> {mode: 40755, size: 4096}
filling info for file foo
readdir reaching /40k.txt
trying to get inode 0
/ was a valid directory!
trying to get inode 0
trying to get inode 2
getattr(/40k.txt) [2] -> {mode: 100644, size: 40001}
filling info for file 40k.txt
readdir reaching /dir1
trying to get inode 0
/ was a valid directory!
trying to get inode 0
trying to get inode 4
getattr(/dir1) [4] -> {mode: 40755, size: 4160}
filling info for file dir1
readdir reaching /numbers
trying to get inode 0
/ was a valid directory!
trying to get inode 0
trying to get inode 7
getattr(/numbers) [7] -> {mode: 40755, size: 7296}
filling info for file numbers
readdir(/): 5 files -> 0
trying to get inode 0
/ was a valid directory!
trying to get inode 0
trying to get inode 0
getattr(/) [0] -> {mode: 40755, size: 320}
trying to get inode 0
/ was a valid directory!
trying to get inode 0
trying to get inode 0
getattr(/) [0] -> {mode: 40755, size: 320}
in readdir, successfully ran getattr for /
trying to get inode 0
trying to get inode 0
5 entries in /
readdir reaching /2k.txt
trying to get inode 0
/ was a valid directory!
trying to get inode 0
trying to get inode 3
getattr(/2k.txt) [3] -> {mode: 100644, size: 2001}
filling info for file 2k.txt
readdir reaching /foo
trying to get inode 0
/ was a valid directory!
trying to get inode 0
trying to get inode 1
getattr(/foo) [1] -> {mode: 40755, size: 4096}
filling info for file foo
readdir reaching /40k.txt
trying to get inode 0
/ was a valid directory!
trying to get inode 0
trying to get inode 2
getattr(/40k.txt) [2] -> {mode: 100644, size: 40001}
filling info for file 40k.txt
readdir reaching /dir1
trying to get inode 0
/ was a valid directory!
trying to get inode 0
trying to get inode 4
getattr(/dir1) [4] -> {mode: 40755, size: 4160}
filling info for file dir1
readdir reaching /numbers
trying to get inode 0
/ was a valid directory!
trying to get inode 0
trying to get inode 7
getattr(/numbers) [7] -> {mode: 40755, size: 7296}
filling info for file numbers
readdir(/): 5 files -> 0
trying to get inode 0
/ was a valid directory!
trying to get inode 0
trying to get inode 0
getattr(/) [0] -> {mode: 40755, size: 320}
trying to get inode 0
/ was a valid directory!
trying to get inode 0
trying to get inode 0
getattr(/) [0] -> {mode: 40755, size: 320}
in readdir, successfully ran getattr for /
trying to get inode 0
trying to get inode 0
5 entries in /
readdir reaching /2k.txt
trying to get inode 0
/ was a valid directory!
trying to get inode 0
trying to get inode 3
getattr(/2k.txt) [3] -> {mode: 100644, size: 2001}
filling info for file 2k.txt
readdir reaching /foo
trying to get inode 0
/ was a valid directory!
trying to get inode 0
trying to get inode 1
getattr(/foo) [1] -> {mode: 40755, size: 4096}
filling info for file foo
readdir reaching /40k.txt
trying to get inode 0
/ was a valid directory!
trying to get inode 0
trying to get inode 2
getattr(/40k.txt) [2] -> {mode: 100644, size: 40001}
filling info for file 40k.txt
readdir reaching /dir1
trying to get inode 0
/ was a valid directory!
trying to get inode 0
trying to get inode 4
getattr(/dir1) [4] -> {mode: 40755, size: 4160}
filling info for file dir1
readdir reaching /numbers
trying to get inode 0
/ was a valid directory!
trying to get inode 0
trying to get inode 7
getattr(/numbers) [7] -> {mode: 40755, size: 7296}
filling info for file numbers
readdir(/): 5 files -> 0
trying to get inode 0
/ was a valid directory!
trying to get inode 0
trying to get inode 0
getattr(/) [0] -> {mode: 40755, size: 320}
trying to get inode 0
/ was a valid directory!
trying to get inode 0
trying to get inode 0
getattr(/) [0] -> {mode: 40755, size: 320}
in readdir, successfully ran getattr for /
trying to get inode 0
trying to get inode 0
5 entries in /
readdir reaching /2k.txt
trying to get inode 0
/ was a valid directory!
trying to get inode 0
trying to get inode 3
getattr(/2k.txt) [3] -> {mode: 100644, size: 2001}
filling info for file 2k.txt
readdir reaching /foo
trying to get inode 0
/ was a valid directory!
trying to get inode 0
trying to get inode 1
getattr(/foo) [1] -> {mode: 40755, size: 4096}
filling info for file foo
readdir reaching /40k.txt
trying to get inode 0
/ was a valid directory!
trying to get inode 0
trying to get inode 2
getattr(/40k.txt) [2] -> {mode: 100644, size: 40001}
filling info for file 40k.txt
readdir reaching /dir1
trying to get inode 0
/ was a valid directory!
trying to get inode 0
trying to get inode 4
getattr(/dir1) [4] -> {mode: 40755, size: 4160}
filling info for file dir1
readdir reaching /numbers
trying to get inode 0
/ was a valid directory!
trying to get inode 0
trying to get inode 7
getattr(/numbers) [7] -> {mode: 40755, size: 7296}
filling info for file numbers
readdir(/): 5 files -> 0
trying to get inode 0
/ was a valid directory!
trying to get inode 0
trying to get inode 0
getattr(/) [0] -> {mode: 40755, size: 320}
trying to get inode 0
/ was a valid directory!
trying to get inode 0
trying to get inode 0
getattr(/) [0] -> {mode: 40755, size: 320}
in readdir, successfully ran getattr for /
trying to get inode 0
trying to get inode 0
5 entries in /
readdir reaching /2k.txt
trying to get inode 0
/ was a valid directory!
trying to get inode 0
trying to get inode 3
getattr(/2k.txt) [3] -> {mode: 100644, size: 2001}
filling info for file 2k.txt
readdir reaching /foo
trying to get inode 0
/ was a valid directory!
trying to get inode 0
trying to get inode 1
getattr(/foo) [1] -> {mode: 40755, size: 4096}
filling info for file foo
readdir reaching /40k.txt
trying to get inode 0
/ was a valid directory!
trying to get inode 0
trying to get inode 2
getattr(/40k.txt) [2] -> {mode: 100644, size: 40001}
filling info for file 40k.txt
readdir reaching /dir1
trying to get inode 0
/ was a valid directory!
trying to get inode 0
trying to get inode 4
getattr(/dir1) [4] -> {mode: 40755, size: 4160}
filling info for file dir1
readdir reaching /numbers
trying to get inode 0
/ was a valid directory!
trying to get inode 0
trying to get inode 7
getattr(/numbers) [7] -> {mode: 40755, size: 7296}
filling info for file numbers
readdir(/): 5 files -> 0
trying to get inode 0
/ was a valid directory!
trying to get inode 0
trying to get inode 0
getattr(/) [0] -> {mode: 40755, size: 320}
trying to get inode 0
/ was a valid directory!
trying to get inode 0
trying to get inode 0
getattr(/) [0] -> {mode: 40755, size: 320}
in readdir, successfully ran getattr for /
trying to get inode 0
trying to get inode 0
5 entries in /
readdir reaching /2k.txt
trying to get inode 0
/ was a valid directory!
trying to get inode 0
trying to get inode 3
getattr(/2k.txt) [3] -> {mode: 100644, size: 2001}
filling info for file 2k.txt
readdir reaching /foo
trying to get inode 0
/ was a valid directory!
trying to get inode 0
trying to get inode 1
getattr(/foo) [1] -> {mode: 40755, size: 4096}
filling info for file foo
readdir reaching /40k.txt
trying to get inode 0
/ was a valid directory!
trying to get inode 0
trying to get inode 2
getattr(/40k.txt) [2] -> {mode: 100644, size: 40001}
filling info for file 40k.txt
readdir reaching /dir1
trying to get inode 0
/ was a valid directory!
trying to get inode 0
trying to get inode 4
getattr(/dir1) [4] -> {mode: 40755, size: 4160}
filling info for file dir1
readdir reaching /numbers
trying to get inode 0
/ was a valid directory!
trying to get inode 0
trying to get inode 7
getattr(/numbers) [7] -> {mode: 40755, size: 7296}
filling info for file numbers
readdir(/): 5 files -> 0
trying to get inode 0
/ was a valid directory!
trying to get inode 0
trying to get inode 0
getattr(/) [0] -> {mode: 40755, size: 320}
trying to get inode 0
/ was a valid directory!
trying to get inode 0
trying to get inode 0
getattr(/) [0] -> {mode: 40755, size: 320}
in readdir, successfully ran getattr for /
trying to get inode 0
trying to get inode 0
5 entries in /
readdir reaching /2k.txt
trying to get inode 0
/ was a valid directory!
trying to get inode 0
trying to get inode 3
getattr(/2k.txt) [3] -> {mode: 100644, size: 2001}
filling info for file 2k.txt
readdir reaching /foo
trying to get inode 0
/ was a valid directory!
trying to get inode 0
trying to get inode 1
getattr(/foo) [1] -> {mode: 40755, size: 4096}
filling info for file foo
readdir reaching /40k.txt
trying to get inode 0
/ was a valid directory!
trying to get inode 0
trying to get inode 2
getattr(/40k.txt) [2] -> {mode: 100644, size: 40001}
filling info for file 40k.txt
readdir reaching /dir1
trying to get inode 0
/ was a valid directory!
trying to get inode 0
trying to get inode 4
getattr(/dir1) [4] -> {mode: 40755, size: 4160}
filling info for file dir1
readdir reaching /numbers
trying to get inode 0
/ was a valid directory!
trying to get inode 0
trying to get inode 7
getattr(/numbers) [7] -> {mode: 40755, size: 7296}
filling info for file numbers
readdir(/): 5 files -> 0
trying to get inode 0
/ was a valid directory!
trying to get inode 0
trying to get inode 0
getattr(/) [0] -> {mode: 40755, size: 320}
trying to get inode 0
/ was a valid directory!
trying to get inode 0
trying to get inode 0
getattr(/) [0] -> {mode: 40755, size: 320}
in readdir, successfully ran getattr for /
trying to get inode 0
trying to get inode 0
5 entries in /
readdir reaching /2k.txt
trying to get inode 0
/ was a valid directory!
trying to get inode 0
trying to get inode 3
getattr(/2k.txt) [3] -> {mode: 100644, size: 2001}
filling info for file 2k.txt
readdir reaching /foo
trying to get inode 0
/ was a valid directory!
trying to get inode 0
trying to get inode 1
getattr(/foo) [1] -> {mode: 40755, size: 4096}
filling info for file foo
readdir reaching /40k.txt
trying to get inode 0
/ was a valid directory!
trying to get inode 0
trying to get inode 2
getattr(/40k.txt) [2] -> {mode: 100644, size: 40001}
filling info for file 40k.txt
readdir reaching /dir1
trying to get inode 0
/ was a valid directory!
trying to get inode 0
trying to get inode 4
getattr(/dir1) [4] -> {mode: 40755, size: 4160}
filling info for file dir1
readdir reaching /numbers
trying to get inode 0
/ was a valid directory!
trying to get inode 0
trying to get inode 7
getattr(/numbers) [7] -> {mode: 40755, size: 7296}
filling info for file numbers
readdir(/): 5 files -> 0
trying to get inode 0
/ was a valid directory!
trying to get inode 0
trying to get inode 0
getattr(/) [0] -> {mode: 40755, size: 320}
trying to get inode 0
/ was a valid directory!
trying to get inode 0
trying to get inode 0
getattr(/) [0] -> {mode: 40755, size: 320}
in readdir, successfully ran getattr for /
trying to get inode 0
trying to get inode 0
5 entries in /
readdir reaching /2k.txt
trying to get inode 0
/ was a valid directory!
trying to get inode 0
trying to get inode 3
getattr(/2k.txt) [3] -> {mode: 100644, size: 2001}
filling info for file 2k.txt
readdir reaching /foo
trying to get inode 0
/ was a valid directory!
trying to get inode 0
trying to get inode 1
getattr(/foo) [1] -> {mode: 40755, size: 4096}
filling info for file foo
readdir reaching /40k.txt
trying to get inode 0
/ was a valid directory!
trying to get inode 0
trying to get inode 2
getattr(/40k.txt) [2] -> {mode: 100644, size: 40001}
filling info for file 40k.txt
readdir reaching /dir1
trying to get inode 0
/ was a valid directory!
trying to get inode 0
trying to get inode 4
getattr(/dir1) [4] -> {mode: 40755, size: 4160}
filling info for file dir1
readdir reaching /numbers
trying to get inode 0
/ was a valid directory!
trying to get inode 0
trying to get inode 7
getattr(/numbers) [7] -> {mode: 40755, size: 7296}
filling info for file numbers
readdir(/): 5 files -> 0
trying to get inode 0
/ was a valid directory!
trying to get inode 0
trying to get inode 0
getattr(/) [0] -> {mode: 40755, size: 320}
trying to get inode 0
/ was a valid directory!
trying to get inode 0
trying to get inode 0
getattr(/) [0] -> {mode: 40755, size: 320}
in readdir, successfully ran getattr for /
trying to get inode 0
trying to get inode 0
5 entries in /
readdir reaching /2k.txt
trying to get inode 0
/ was a valid directory!
trying to get inode 0
trying to get inode 3
getattr(/2k.txt) [3] -> {mode: 100644, size: 2001}
filling info for file 2k.txt
readdir reaching /foo
trying to get inode 0
/ was a valid directory!
trying to get inode 0
trying to get inode 1
getattr(/foo) [1] -> {mode: 40755, size: 4096}
filling info for file foo
readdir reaching /40k.txt
trying to get inode 0
/ was a valid directory!
trying to get inode 0
trying to get inode 2
getattr(/40k.txt) [2] -> {mode: 100644, size: 40001}
filling info for file 40k.txt
readdir reaching /dir1
trying to get inode 0
/ was a valid directory!
trying to get inode 0
trying to get inode 4
getattr(/dir1) [4] -> {mode: 40755, size: 4160}
filling info for file dir1
readdir reaching /numbers
trying to get inode 0
/ was a valid directory!
trying to get inode 0
trying to get inode 7
getattr(/numbers) [7] -> {mode: 40755, size: 7296}
filling info for file numbers
readdir(/): 5 files -> 0
trying to get inode 0
/ was a valid directory!
trying to get inode 0
trying to get inode 0
getattr(/) [0] -> {mode: 40755, size: 320}
trying to get inode 0
/ was a valid directory!
trying to get inode 0
trying to get inode 0
getattr(/) [0] -> {mode: 40755, size: 320}
in readdir, successfully ran getattr for /
trying to get inode 0
trying to get inode 0
5 entries in /
readdir reaching /2k.txt
trying to get inode 0
/ was a valid directory!
trying to get inode 0
trying to get inode 3
getattr(/2k.txt) [3] -> {mode: 100644, size: 2001}
filling info for file 2k.txt
readdir reaching /foo
trying to get inode 0
/ was a valid directory!
trying to get inode 0
trying to get inode 1
getattr(/foo) [1] -> {mode: 40755, size: 4096}
filling info for file foo
readdir reaching /40k.txt
trying to get inode 0
/ was a valid directory!
trying to get inode 0
trying to get inode 2
getattr(/40k.txt) [2] -> {mode: 100644, size: 40001}
filling info for file 40k.txt
readdir reaching /dir1
trying to get inode 0
/ was a valid directory!
trying to get inode 0
trying to get inode 4
getattr(/dir1) [4] -> {mode: 40755, size: 4160}
filling info for file dir1
readdir reaching /numbers
trying to get inode 0
/ was a valid directory!
trying to get inode 0
trying to get inode 7
getattr(/numbers) [7] -> {mode: 40755, size: 7296}
filling info for file numbers
readdir(/): 5 files -> 0
trying to get inode 0
/ was a valid directory!
trying to get inode 0
trying to get inode 0
getattr(/) [0] -> {mode: 40755, size: 320}
trying to get inode 0
/ was a valid directory!
trying to get inode 0
trying to get inode 0
getattr(/) [0] -> {mode: 40755, size: 320}
in readdir, successfully ran getattr for /
trying to get inode 0
trying to get inode 0
5 entries in /
readdir reaching /2k.txt
trying to get inode 0
/ was a valid directory!
trying to get inode 0
trying to get inode 3
getattr(/2k.txt) [3] -> {mode: 100644, size: 2001}
filling info for file 2k.txt
readdir reaching /foo
trying to get inode 0
/ was a valid directory!
trying to get inode 0
trying to get inode 1
getattr(/foo) [1] -> {mode: 40755, size: 4096}
filling info for file foo
readdir reaching /40k.txt
trying to get inode 0
/ was a valid directory!
trying to get inode 0
trying to get inode 2
getattr(/40k.txt) [2] -> {mode: 100644, size: 40001}
filling info for file 40k.txt
readdir reaching /dir1
trying to get inode 0
/ was a valid directory!
trying to get inode 0
trying to get inode 4
getattr(/dir1) [4] -> {mode: 40755, size: 4160}
filling info for file dir1
readdir reaching /numbers
trying to get inode 0
/ was a valid directory!
trying to get inode 0
trying to get inode 7
getattr(/numbers) [7] -> {mode: 40755, size: 7296}
filling info for file numbers
readdir(/): 5 files -> 0
trying to get inode 0
/ was a valid directory!
trying to get inode 0
trying to get inode 0
getattr(/) [0] -> {mode: 40755, size: 320}
trying to get inode 0
/ was a valid directory!
trying to get inode 0
trying to get inode 0
getattr(/) [0] -> {mode: 40755, size: 320}
in readdir, successfully ran getattr for /
trying to get inode 0
trying to get inode 0
5 entries in /
readdir reaching /2k.txt
trying to get inode 0
/ was a valid directory!
trying to get inode 0
trying to get inode 3
getattr(/2k.txt) [3] -> {mode: 100644, size: 2001}
filling info for file 2k.txt
readdir reaching /foo
trying to get inode 0
/ was a valid directory!
trying to get inode 0
trying to get inode 1
getattr(/foo) [1] -> {mode: 40755, size: 4096}
filling info for file foo
readdir reaching /40k.txt
trying to get inode 0
/ was a valid directory!
trying to get inode 0
trying to get inode 2
getattr(/40k.txt) [2] -> {mode: 100644, size: 40001}
filling info for file 40k.txt
readdir reaching /dir1
trying to get inode 0
/ was a valid directory!
trying to get inode 0
trying to get inode 4
getattr(/dir1) [4] -> {mode: 40755, size: 4160}
filling info for file dir1
readdir reaching /numbers
trying to get inode 0
/ was a valid directory!
trying to get inode 0
trying to get inode 7
getattr(/numbers) [7] -> {mode: 40755, size: 7296}
filling info for file numbers
readdir(/): 5 files -> 0
trying to get inode 0
/ was a valid directory!
trying to get inode 0
trying to get inode 0
getattr(/) [0] -> {mode: 40755, size: 320}
trying to get inode 0
/ was a valid directory!
trying to get inode 0
trying to get inode 0
getattr(/) [0] -> {mode: 40755, size: 320}
in readdir, successfully ran getattr for /
trying to get inode 0
trying to get inode 0
5 entries in /
readdir reaching /2k.txt
trying to get inode 0
/ was a valid directory!
trying to get inode 0
trying to get inode 3
getattr(/2k.txt) [3] -> {mode: 100644, size: 2001}
filling info for file 2k.txt
readdir reaching /foo
trying to get inode 0
/ was a valid directory!
trying to get inode 0
trying to get inode 1
getattr(/foo) [1] -> {mode: 40755, size: 4096}
filling info for file foo
readdir reaching /40k.txt
trying to get inode 0
/ was a valid directory!
trying to get inode 0
trying to get inode 2
getattr(/40k.txt) [2] -> {mode: 100644, size: 40001}
filling info for file 40k.txt
readdir reaching /dir1
trying to get inode 0
/ was a valid directory!
trying to get inode 0
trying to get inode 4
getattr(/dir1) [4] -> {mode: 40755, size: 4160}
filling info for file dir1
readdir reaching /numbers
trying to get inode 0
/ was a valid directory!
trying to get inode 0
trying to get inode 7
getattr(/numbers) [7] -> {mode: 40755, size: 7296}
filling info for file numbers
readdir(/): 5 files -> 0
trying to get inode 0
/ was a valid directory!
trying to get inode 0
file /autorun.inf doesn't exist
trying to get inode 0
/ was a valid directory!
trying to get inode 0
trying to get inode 7
getattr(/numbers) [7] -> {mode: 40755, size: 7296}
trying to get inode 0
/ was a valid directory!
trying to get inode 0
trying to get inode 7
getattr(/numbers) [7] -> {mode: 40755, size: 7296}
trying to get inode 0
/ was a valid directory!
trying to get inode 0
trying to get inode 0
getattr(/) [0] -> {mode: 40755, size: 320}
in readdir, successfully ran getattr for /numbers
trying to get inode 0
trying to get inode 7
114 entries in /numbers
readdir reaching haracters long.==This string is fourty characters long.==This string is fourty characters long.==This string is fourty characters long.==This string is fourty characters long.==This string is fourty characters long.==This string is fourty characters long.==This string is fourty characters long.==This string is fourty characters long.==This string is fourty characters long.==This string is fourty characters long.==This string is fourty characters long.==This string is fourty characters long.==This string is fourty characters long.==This string is fourty characters long.==This string is fourty characters long.==This string is fourty characters long.==This string is fourty characters long.==This string is fourty characters long.==This string is fourty characters long.==This string is fourty characters long.==This string is fourty characters long.==This string is fourty characters long.==This string is fourty characters long.==This string is fourty characters long.==This string is fourty characters long.==This string is fourty characters long.==This string is fourty characters long.==This string is fourty characters long.==This string is fourty characters long.==This string is fourty characters long.==This string is fourty characters long.==This string is fourty characters long.==This string is fourty characters long.==This string is fourty characters long.==This string is fourty characters long.==This string is fourty characters long.==This string is fourty characters long.==This string is fourty characters long.==This string is fourty characters long.==This string is fourty characters long.==This string is fourty characters long.==This string is fourty characters long.==This string is fourty characters long.==This string is fourty characters long.==This string is fourty characters long.==This string is fourty characters long.==This string is fourty characters long.==This string is fourty characters long.==This string is fourty characters long.==This string is fourty characters long.==This string is fourty characters long.==This string is fourty characters long.==This string is fourty characters long.==This string is fourty characters long.==This string is fourty characters long.==This string is fourty characters long.==This string is fourty characters long.==This string is fourty characters long.==This string is fourty characters long.==This string is fourty characters long.==This string is fourty characters long.==This string is fourty characters long.==This string is fourty characters long.==This string is fourty characters long.==This string is fourty characters long.==This string is fourty characters long.==This string is fourty characters long.==This string is fourty characters long.==This string is fourty characters long.==This string is fourty characters long.==This string is fourty characters long.==This string is fourty characters long.==This string is fourty characters long.==This string is fourty characters long.==This string is fourty characters long.==This string is fourty characters long.==This string is fourty characters long.==This string is fourty characters long.==This string is fourty characters long.==This string is fourty characters long.==This string is fourty characters long.==This string is fourty characters long.==This string is fourty characters long.==This string is fourty characters long.==This string is fourty characters long.==This string is fourty characters long.==This string is fourty characters long.==This string is fourty characters long.==This string is fourty characters long.==This string is fourty characters long.==This string is fourty characters long.==This string is fourty characters long.==This string is fourty characters long.==This string is fourty characters long.==This string is fourty characters long.==This string is fourty characters long.==This string is fourty characters long.==This string is fourty characters long.==This string is fourty characters long.==This string is fourty characters long.==This string is fourty characters long.==This string is fourty characters long.=1
umbers/1.num
trying to get inode 0
haracters long.==This string is fourty characters long.==This string is fourty characters long.==This string is fourty characters long.==This string is fourty characters long.==This string isfusermount -u mnt || true
 fourty characters long.==This string is fourty characters long.==This string is fourty characters long.==This string is fourty characters long.==This string is fourty characters long.==This string is fourty characters long.==This string is fourty characters long.==This string is fourty characters long.==This string is fourty characters long.==This string is fourty characters long.==This string is fourty characters long.==This string is fourty characters long.==This string is fourty characters long.==This string is fourty characters long.==This string is fourty characters long.==This string is fourty characters long.==This string is fourty characters long.==This string is fourty characters long.==This string is fourty characters long.==This string is fourty characters long.==This string is fourty characters long.==This string is fourty characters long.==This string is fourty characters long.==This string is fourty characters long.==This string is fourty characters long.==This string is fourty characters long.==This string is fourty characters long.==This string is fourty characters long.==This string is fourty characters long.==This string is fourty characters long.==This string is fourty characters long.==This string is fourty characters long.==This string is fourty characters long.==This string is fourty characters long.==This string is fourty characters long.==This string is fourty characters long.==This string is fourty characters long.==This string is fourty characters long.==This string is fourty characters long.==This string is fourty characters long.==This string is fourty characters long.==This string is fourty characters long.==This string is fourty characters long.==This string is fourty characters long.==This string is fourty characters long.==This string is fourty characters long.==This string is fourty characters long.==This string is fourty characters long.==This string is fourty characters long.==This string is fourty characters long.==This string is fourty characters long.==This string is fourty characters long.==This string is fourty characters long.==This string is fourty characters long.==This string is fourty characters long.==This string is fourty characters long.==This string is fourty characters long.==This string is fourty characters long.==This string is fourty characters long.==This string is fourty characters long.==This string is fourty characters long.==This string is fourty characters long.==This string is fourty characters long.==This string is fourty characters long.==This string is fourty characters long.==This string is fourty characters long.==This string is fourty characters long.==This string is fourty characters long.==This string is fourty characters long.==This string is fourty characters long.==This string is fourty characters long.==This string is fourty characters long.==This string is fourty characters long.==This string is fourty characters long.==This string is fourty characters long.==This string is fourty characters long.==This string is fourty characters long.==This string is fourty characters long.==This string is fourty characters long.==This string is fourty characters long.==This string is fourty characters long.==This string is fourty characters long.==This string is fourty characters long.==This string is fourty characters long.==This string is fourty characters long.==This string is fourty characters long.==This string is fourty characters long.==This string is fourty characters long.==This string is fourty characters long.==This string is fourty characters long.==This string is fourty characters long.==This string is fourty characters long.==This string is fourty characters long.==This string is fourty characters long.==This string is fourty characters long.==This string is fourty characters long.==This string is fourty characters long.==This string is fourty characters long.=1
umbers isn't a valid directory
